ARM GAS  /var/folders/xf/tcndk8390ml5xdpfw93qkhpm0000gn/T//ccVg69DI.s 			page 1


   1              		.cpu cortex-m7
   2              		.arch armv7e-m
   3              		.fpu fpv5-d16
   4              		.eabi_attribute 28, 1
   5              		.eabi_attribute 20, 1
   6              		.eabi_attribute 21, 1
   7              		.eabi_attribute 23, 3
   8              		.eabi_attribute 24, 1
   9              		.eabi_attribute 25, 1
  10              		.eabi_attribute 26, 1
  11              		.eabi_attribute 30, 6
  12              		.eabi_attribute 34, 1
  13              		.eabi_attribute 18, 4
  14              		.file	"lift.c"
  15              		.text
  16              	.Ltext0:
  17              		.cfi_sections	.debug_frame
  18              		.section	.text.Lift_Init,"ax",%progbits
  19              		.align	1
  20              		.global	Lift_Init
  21              		.syntax unified
  22              		.thumb
  23              		.thumb_func
  25              	Lift_Init:
  26              	.LFB144:
  27              		.file 1 "User/Src/lift.c"
   1:User/Src/lift.c **** #include "lift.h"
   2:User/Src/lift.c **** 
   3:User/Src/lift.c **** void Lift_Init(void){
  28              		.loc 1 3 21
  29              		.cfi_startproc
  30              		@ args = 0, pretend = 0, frame = 24
  31              		@ frame_needed = 1, uses_anonymous_args = 0
  32 0000 80B5     		push	{r7, lr}
  33              	.LCFI0:
  34              		.cfi_def_cfa_offset 8
  35              		.cfi_offset 7, -8
  36              		.cfi_offset 14, -4
  37 0002 86B0     		sub	sp, sp, #24
  38              	.LCFI1:
  39              		.cfi_def_cfa_offset 32
  40 0004 00AF     		add	r7, sp, #0
  41              	.LCFI2:
  42              		.cfi_def_cfa_register 7
   4:User/Src/lift.c ****     GPIO_InitTypeDef GPIO_InitStruct = {0};
  43              		.loc 1 4 22
  44 0006 3B1D     		adds	r3, r7, #4
  45 0008 0022     		movs	r2, #0
  46 000a 1A60     		str	r2, [r3]
  47 000c 5A60     		str	r2, [r3, #4]
  48 000e 9A60     		str	r2, [r3, #8]
  49 0010 DA60     		str	r2, [r3, #12]
  50 0012 1A61     		str	r2, [r3, #16]
   5:User/Src/lift.c ****     GPIO_InitStruct.Pin = GPIO_PIN_0|GPIO_PIN_1;
  51              		.loc 1 5 25
  52 0014 0323     		movs	r3, #3
  53 0016 7B60     		str	r3, [r7, #4]
ARM GAS  /var/folders/xf/tcndk8390ml5xdpfw93qkhpm0000gn/T//ccVg69DI.s 			page 2


   6:User/Src/lift.c ****     GPIO_InitStruct.Mode = GPIO_MODE_OUTPUT_PP;
  54              		.loc 1 6 26
  55 0018 0123     		movs	r3, #1
  56 001a BB60     		str	r3, [r7, #8]
   7:User/Src/lift.c ****     GPIO_InitStruct.Pull = GPIO_PULLDOWN;
  57              		.loc 1 7 26
  58 001c 0223     		movs	r3, #2
  59 001e FB60     		str	r3, [r7, #12]
   8:User/Src/lift.c ****     GPIO_InitStruct.Speed = GPIO_SPEED_FREQ_LOW;
  60              		.loc 1 8 27
  61 0020 0023     		movs	r3, #0
  62 0022 3B61     		str	r3, [r7, #16]
   9:User/Src/lift.c ****     HAL_GPIO_Init(GPIOA, &GPIO_InitStruct);
  63              		.loc 1 9 5
  64 0024 3B1D     		adds	r3, r7, #4
  65 0026 1946     		mov	r1, r3
  66 0028 0348     		ldr	r0, .L2
  67 002a FFF7FEFF 		bl	HAL_GPIO_Init
  10:User/Src/lift.c **** }
  68              		.loc 1 10 1
  69 002e 00BF     		nop
  70 0030 1837     		adds	r7, r7, #24
  71              	.LCFI3:
  72              		.cfi_def_cfa_offset 8
  73 0032 BD46     		mov	sp, r7
  74              	.LCFI4:
  75              		.cfi_def_cfa_register 13
  76              		@ sp needed
  77 0034 80BD     		pop	{r7, pc}
  78              	.L3:
  79 0036 00BF     		.align	2
  80              	.L2:
  81 0038 00000258 		.word	1476526080
  82              		.cfi_endproc
  83              	.LFE144:
  85              		.section	.text.Lift_Down,"ax",%progbits
  86              		.align	1
  87              		.global	Lift_Down
  88              		.syntax unified
  89              		.thumb
  90              		.thumb_func
  92              	Lift_Down:
  93              	.LFB145:
  11:User/Src/lift.c **** 
  12:User/Src/lift.c **** 
  13:User/Src/lift.c **** void Lift_Down(void){
  94              		.loc 1 13 21
  95              		.cfi_startproc
  96              		@ args = 0, pretend = 0, frame = 0
  97              		@ frame_needed = 1, uses_anonymous_args = 0
  98 0000 80B5     		push	{r7, lr}
  99              	.LCFI5:
 100              		.cfi_def_cfa_offset 8
 101              		.cfi_offset 7, -8
 102              		.cfi_offset 14, -4
 103 0002 00AF     		add	r7, sp, #0
 104              	.LCFI6:
ARM GAS  /var/folders/xf/tcndk8390ml5xdpfw93qkhpm0000gn/T//ccVg69DI.s 			page 3


 105              		.cfi_def_cfa_register 7
  14:User/Src/lift.c ****     HAL_GPIO_WritePin(GPIOA, GPIO_PIN_0, GPIO_PIN_SET);
 106              		.loc 1 14 5
 107 0004 0122     		movs	r2, #1
 108 0006 0121     		movs	r1, #1
 109 0008 0448     		ldr	r0, .L5
 110 000a FFF7FEFF 		bl	HAL_GPIO_WritePin
  15:User/Src/lift.c ****     HAL_GPIO_WritePin(GPIOA, GPIO_PIN_1, GPIO_PIN_RESET);
 111              		.loc 1 15 5
 112 000e 0022     		movs	r2, #0
 113 0010 0221     		movs	r1, #2
 114 0012 0248     		ldr	r0, .L5
 115 0014 FFF7FEFF 		bl	HAL_GPIO_WritePin
  16:User/Src/lift.c **** }
 116              		.loc 1 16 1
 117 0018 00BF     		nop
 118 001a 80BD     		pop	{r7, pc}
 119              	.L6:
 120              		.align	2
 121              	.L5:
 122 001c 00000258 		.word	1476526080
 123              		.cfi_endproc
 124              	.LFE145:
 126              		.section	.text.Lift_Up,"ax",%progbits
 127              		.align	1
 128              		.global	Lift_Up
 129              		.syntax unified
 130              		.thumb
 131              		.thumb_func
 133              	Lift_Up:
 134              	.LFB146:
  17:User/Src/lift.c **** 
  18:User/Src/lift.c **** void Lift_Up(void){
 135              		.loc 1 18 19
 136              		.cfi_startproc
 137              		@ args = 0, pretend = 0, frame = 0
 138              		@ frame_needed = 1, uses_anonymous_args = 0
 139 0000 80B5     		push	{r7, lr}
 140              	.LCFI7:
 141              		.cfi_def_cfa_offset 8
 142              		.cfi_offset 7, -8
 143              		.cfi_offset 14, -4
 144 0002 00AF     		add	r7, sp, #0
 145              	.LCFI8:
 146              		.cfi_def_cfa_register 7
  19:User/Src/lift.c ****     HAL_GPIO_WritePin(GPIOA, GPIO_PIN_0, GPIO_PIN_RESET);
 147              		.loc 1 19 5
 148 0004 0022     		movs	r2, #0
 149 0006 0121     		movs	r1, #1
 150 0008 0448     		ldr	r0, .L8
 151 000a FFF7FEFF 		bl	HAL_GPIO_WritePin
  20:User/Src/lift.c ****     HAL_GPIO_WritePin(GPIOA, GPIO_PIN_1, GPIO_PIN_SET);
 152              		.loc 1 20 5
 153 000e 0122     		movs	r2, #1
 154 0010 0221     		movs	r1, #2
 155 0012 0248     		ldr	r0, .L8
 156 0014 FFF7FEFF 		bl	HAL_GPIO_WritePin
ARM GAS  /var/folders/xf/tcndk8390ml5xdpfw93qkhpm0000gn/T//ccVg69DI.s 			page 4


  21:User/Src/lift.c **** }
 157              		.loc 1 21 1
 158 0018 00BF     		nop
 159 001a 80BD     		pop	{r7, pc}
 160              	.L9:
 161              		.align	2
 162              	.L8:
 163 001c 00000258 		.word	1476526080
 164              		.cfi_endproc
 165              	.LFE146:
 167              		.text
 168              	.Letext0:
 169              		.file 2 "/Applications/ARM/arm-none-eabi/include/machine/_default_types.h"
 170              		.file 3 "/Applications/ARM/arm-none-eabi/include/sys/_stdint.h"
 171              		.file 4 "Drivers/CMSIS/Device/ST/STM32H7xx/Include/stm32h723xx.h"
 172              		.file 5 "Drivers/STM32H7xx_HAL_Driver/Inc/stm32h7xx_hal_gpio.h"
ARM GAS  /var/folders/xf/tcndk8390ml5xdpfw93qkhpm0000gn/T//ccVg69DI.s 			page 5


DEFINED SYMBOLS
                            *ABS*:0000000000000000 lift.c
/var/folders/xf/tcndk8390ml5xdpfw93qkhpm0000gn/T//ccVg69DI.s:19     .text.Lift_Init:0000000000000000 $t
/var/folders/xf/tcndk8390ml5xdpfw93qkhpm0000gn/T//ccVg69DI.s:25     .text.Lift_Init:0000000000000000 Lift_Init
/var/folders/xf/tcndk8390ml5xdpfw93qkhpm0000gn/T//ccVg69DI.s:81     .text.Lift_Init:0000000000000038 $d
/var/folders/xf/tcndk8390ml5xdpfw93qkhpm0000gn/T//ccVg69DI.s:86     .text.Lift_Down:0000000000000000 $t
/var/folders/xf/tcndk8390ml5xdpfw93qkhpm0000gn/T//ccVg69DI.s:92     .text.Lift_Down:0000000000000000 Lift_Down
/var/folders/xf/tcndk8390ml5xdpfw93qkhpm0000gn/T//ccVg69DI.s:122    .text.Lift_Down:000000000000001c $d
/var/folders/xf/tcndk8390ml5xdpfw93qkhpm0000gn/T//ccVg69DI.s:127    .text.Lift_Up:0000000000000000 $t
/var/folders/xf/tcndk8390ml5xdpfw93qkhpm0000gn/T//ccVg69DI.s:133    .text.Lift_Up:0000000000000000 Lift_Up
/var/folders/xf/tcndk8390ml5xdpfw93qkhpm0000gn/T//ccVg69DI.s:163    .text.Lift_Up:000000000000001c $d

UNDEFINED SYMBOLS
HAL_GPIO_Init
HAL_GPIO_WritePin
