ARM GAS  /var/folders/xf/tcndk8390ml5xdpfw93qkhpm0000gn/T//ccpDMh5k.s 			page 1


   1              		.cpu cortex-m7
   2              		.arch armv7e-m
   3              		.fpu fpv5-d16
   4              		.eabi_attribute 28, 1
   5              		.eabi_attribute 20, 1
   6              		.eabi_attribute 21, 1
   7              		.eabi_attribute 23, 3
   8              		.eabi_attribute 24, 1
   9              		.eabi_attribute 25, 1
  10              		.eabi_attribute 26, 1
  11              		.eabi_attribute 30, 6
  12              		.eabi_attribute 34, 1
  13              		.eabi_attribute 18, 4
  14              		.file	"main.c"
  15              		.text
  16              	.Ltext0:
  17              		.cfi_sections	.debug_frame
  18              		.global	query_chassis_flag
  19              		.section	.bss.query_chassis_flag,"aw",%nobits
  22              	query_chassis_flag:
  23 0000 00       		.space	1
  24              		.global	update_chasis_flag
  25              		.section	.bss.update_chasis_flag,"aw",%nobits
  28              	update_chasis_flag:
  29 0000 00       		.space	1
  30              		.global	stop_flag
  31              		.section	.bss.stop_flag,"aw",%nobits
  34              	stop_flag:
  35 0000 00       		.space	1
  36              		.section	.text.main,"ax",%progbits
  37              		.align	1
  38              		.global	main
  39              		.syntax unified
  40              		.thumb
  41              		.thumb_func
  43              	main:
  44              	.LFB148:
  45              		.file 1 "Core/Src/main.c"
   1:Core/Src/main.c **** /* USER CODE BEGIN Header */
   2:Core/Src/main.c **** /**
   3:Core/Src/main.c ****   ******************************************************************************
   4:Core/Src/main.c ****   * @file           : main.c
   5:Core/Src/main.c ****   * @brief          : Main program body
   6:Core/Src/main.c ****   ******************************************************************************
   7:Core/Src/main.c ****   * @attention
   8:Core/Src/main.c ****   *
   9:Core/Src/main.c ****   * Copyright (c) 2025 STMicroelectronics.
  10:Core/Src/main.c ****   * All rights reserved.
  11:Core/Src/main.c ****   *
  12:Core/Src/main.c ****   * This software is licensed under terms that can be found in the LICENSE file
  13:Core/Src/main.c ****   * in the root directory of this software component.
  14:Core/Src/main.c ****   * If no LICENSE file comes with this software, it is provided AS-IS.
  15:Core/Src/main.c ****   *
  16:Core/Src/main.c ****   ******************************************************************************
  17:Core/Src/main.c ****   */
  18:Core/Src/main.c **** /* USER CODE END Header */
  19:Core/Src/main.c **** /* Includes ------------------------------------------------------------------*/
ARM GAS  /var/folders/xf/tcndk8390ml5xdpfw93qkhpm0000gn/T//ccpDMh5k.s 			page 2


  20:Core/Src/main.c **** #include "main.h"
  21:Core/Src/main.c **** #include "dma.h"
  22:Core/Src/main.c **** #include "fdcan.h"
  23:Core/Src/main.c **** #include "iwdg.h"
  24:Core/Src/main.c **** #include "tim.h"
  25:Core/Src/main.c **** #include "usart.h"
  26:Core/Src/main.c **** #include "usb_device.h"
  27:Core/Src/main.c **** #include "gpio.h"
  28:Core/Src/main.c **** 
  29:Core/Src/main.c **** /* Private includes ----------------------------------------------------------*/
  30:Core/Src/main.c **** /* USER CODE BEGIN Includes */
  31:Core/Src/main.c **** #include "fdcan_filter.h"
  32:Core/Src/main.c **** #include "hollysys.h"
  33:Core/Src/main.c **** #include "chassis.h"
  34:Core/Src/main.c **** #include "motorevo.h"
  35:Core/Src/main.c **** /* USER CODE END Includes */
  36:Core/Src/main.c **** 
  37:Core/Src/main.c **** /* Private typedef -----------------------------------------------------------*/
  38:Core/Src/main.c **** /* USER CODE BEGIN PTD */
  39:Core/Src/main.c **** 
  40:Core/Src/main.c **** /* USER CODE END PTD */
  41:Core/Src/main.c **** 
  42:Core/Src/main.c **** /* Private define ------------------------------------------------------------*/
  43:Core/Src/main.c **** /* USER CODE BEGIN PD */
  44:Core/Src/main.c **** /* USER CODE END PD */
  45:Core/Src/main.c **** 
  46:Core/Src/main.c **** /* Private macro -------------------------------------------------------------*/
  47:Core/Src/main.c **** /* USER CODE BEGIN PM */
  48:Core/Src/main.c **** 
  49:Core/Src/main.c **** /* USER CODE END PM */
  50:Core/Src/main.c **** 
  51:Core/Src/main.c **** /* Private variables ---------------------------------------------------------*/
  52:Core/Src/main.c **** 
  53:Core/Src/main.c **** /* USER CODE BEGIN PV */
  54:Core/Src/main.c **** u8 query_chassis_flag = 0;
  55:Core/Src/main.c **** u8 update_chasis_flag = 0;
  56:Core/Src/main.c **** u8 stop_flag = 0;
  57:Core/Src/main.c **** /* USER CODE END PV */
  58:Core/Src/main.c **** 
  59:Core/Src/main.c **** /* Private function prototypes -----------------------------------------------*/
  60:Core/Src/main.c **** void SystemClock_Config(void);
  61:Core/Src/main.c **** /* USER CODE BEGIN PFP */
  62:Core/Src/main.c **** 
  63:Core/Src/main.c **** /* USER CODE END PFP */
  64:Core/Src/main.c **** 
  65:Core/Src/main.c **** /* Private user code ---------------------------------------------------------*/
  66:Core/Src/main.c **** /* USER CODE BEGIN 0 */
  67:Core/Src/main.c **** 
  68:Core/Src/main.c **** /* USER CODE END 0 */
  69:Core/Src/main.c **** 
  70:Core/Src/main.c **** /**
  71:Core/Src/main.c ****   * @brief  The application entry point.
  72:Core/Src/main.c ****   * @retval int
  73:Core/Src/main.c ****   */
  74:Core/Src/main.c **** int main(void)
  75:Core/Src/main.c **** {
  46              		.loc 1 75 1
ARM GAS  /var/folders/xf/tcndk8390ml5xdpfw93qkhpm0000gn/T//ccpDMh5k.s 			page 3


  47              		.cfi_startproc
  48              		@ args = 0, pretend = 0, frame = 8
  49              		@ frame_needed = 1, uses_anonymous_args = 0
  50 0000 80B5     		push	{r7, lr}
  51              	.LCFI0:
  52              		.cfi_def_cfa_offset 8
  53              		.cfi_offset 7, -8
  54              		.cfi_offset 14, -4
  55 0002 82B0     		sub	sp, sp, #8
  56              	.LCFI1:
  57              		.cfi_def_cfa_offset 16
  58 0004 00AF     		add	r7, sp, #0
  59              	.LCFI2:
  60              		.cfi_def_cfa_register 7
  76:Core/Src/main.c ****   /* USER CODE BEGIN 1 */
  77:Core/Src/main.c ****   // SCB_DisableDCache();
  78:Core/Src/main.c ****   /* USER CODE END 1 */
  79:Core/Src/main.c **** 
  80:Core/Src/main.c ****   /* MCU Configuration--------------------------------------------------------*/
  81:Core/Src/main.c **** 
  82:Core/Src/main.c ****   /* Reset of all peripherals, Initializes the Flash interface and the Systick. */
  83:Core/Src/main.c ****   HAL_Init();
  61              		.loc 1 83 3
  62 0006 FFF7FEFF 		bl	HAL_Init
  84:Core/Src/main.c **** 
  85:Core/Src/main.c ****   /* USER CODE BEGIN Init */
  86:Core/Src/main.c **** 
  87:Core/Src/main.c ****   /* USER CODE END Init */
  88:Core/Src/main.c **** 
  89:Core/Src/main.c ****   /* Configure the system clock */
  90:Core/Src/main.c ****   SystemClock_Config();
  63              		.loc 1 90 3
  64 000a FFF7FEFF 		bl	SystemClock_Config
  91:Core/Src/main.c **** 
  92:Core/Src/main.c ****   /* USER CODE BEGIN SysInit */
  93:Core/Src/main.c **** 
  94:Core/Src/main.c ****   /* USER CODE END SysInit */
  95:Core/Src/main.c **** 
  96:Core/Src/main.c ****   /* Initialize all configured peripherals */
  97:Core/Src/main.c ****   MX_GPIO_Init();
  65              		.loc 1 97 3
  66 000e FFF7FEFF 		bl	MX_GPIO_Init
  98:Core/Src/main.c ****   // MX_IWDG1_Init();
  99:Core/Src/main.c ****   MX_FDCAN1_Init();
  67              		.loc 1 99 3
  68 0012 FFF7FEFF 		bl	MX_FDCAN1_Init
 100:Core/Src/main.c ****   MX_USB_DEVICE_Init();
  69              		.loc 1 100 3
  70 0016 FFF7FEFF 		bl	MX_USB_DEVICE_Init
 101:Core/Src/main.c ****   MX_TIM1_Init();
  71              		.loc 1 101 3
  72 001a FFF7FEFF 		bl	MX_TIM1_Init
 102:Core/Src/main.c ****   MX_DMA_Init();
  73              		.loc 1 102 3
  74 001e FFF7FEFF 		bl	MX_DMA_Init
 103:Core/Src/main.c ****   MX_USART2_UART_Init();
  75              		.loc 1 103 3
ARM GAS  /var/folders/xf/tcndk8390ml5xdpfw93qkhpm0000gn/T//ccpDMh5k.s 			page 4


  76 0022 FFF7FEFF 		bl	MX_USART2_UART_Init
 104:Core/Src/main.c ****   /* USER CODE BEGIN 2 */
 105:Core/Src/main.c **** 
 106:Core/Src/main.c ****   /*          start can communication service          */
 107:Core/Src/main.c ****   uint8_t filter_init = FDCAN_filter_init(&hfdcan1);
  77              		.loc 1 107 25
  78 0026 1E48     		ldr	r0, .L9
  79 0028 FFF7FEFF 		bl	FDCAN_filter_init
  80 002c 0346     		mov	r3, r0
  81              		.loc 1 107 11
  82 002e FB71     		strb	r3, [r7, #7]
 108:Core/Src/main.c ****   while(HAL_FDCAN_Start(&hfdcan1) != HAL_OK){}
  83              		.loc 1 108 8
  84 0030 00BF     		nop
  85              	.L2:
  86              		.loc 1 108 9 discriminator 1
  87 0032 1B48     		ldr	r0, .L9
  88 0034 FFF7FEFF 		bl	HAL_FDCAN_Start
  89 0038 0346     		mov	r3, r0
  90              		.loc 1 108 8 discriminator 1
  91 003a 002B     		cmp	r3, #0
  92 003c F9D1     		bne	.L2
 109:Core/Src/main.c ****   HAL_FDCAN_ActivateNotification(&hfdcan1, FDCAN_IT_RX_FIFO0_NEW_MESSAGE, 0);
  93              		.loc 1 109 3
  94 003e 0022     		movs	r2, #0
  95 0040 0121     		movs	r1, #1
  96 0042 1748     		ldr	r0, .L9
  97 0044 FFF7FEFF 		bl	HAL_FDCAN_ActivateNotification
 110:Core/Src/main.c **** 
 111:Core/Src/main.c ****   /*          start timer service         */
 112:Core/Src/main.c ****   HAL_TIM_Base_Start_IT(&htim1);
  98              		.loc 1 112 3
  99 0048 1648     		ldr	r0, .L9+4
 100 004a FFF7FEFF 		bl	HAL_TIM_Base_Start_IT
 113:Core/Src/main.c **** 
 114:Core/Src/main.c ****   /*          start usart service           */
 115:Core/Src/main.c ****   // __HAL_UART_CLEAR_OREFLAG(&huart2);
 116:Core/Src/main.c ****   // HAL_UART_AbortReceive(&huart2);
 117:Core/Src/main.c ****   // int idle_state = HAL_UARTEx_ReceiveToIdle_DMA(&huart2, uart2_rx_buf, USART_RX_BUF_SIZE);
 118:Core/Src/main.c ****   // __HAL_DMA_DISABLE_IT(huart2.hdmarx, DMA_IT_HT);
 119:Core/Src/main.c ****   HAL_UART_Receive_IT(&huart2, uart2_rx_buf, 6); // 3byte represent spd_x, spd_y, spd_z
 101              		.loc 1 119 3
 102 004e 0622     		movs	r2, #6
 103 0050 1549     		ldr	r1, .L9+8
 104 0052 1648     		ldr	r0, .L9+12
 105 0054 FFF7FEFF 		bl	HAL_UART_Receive_IT
 120:Core/Src/main.c **** 
 121:Core/Src/main.c ****   /*         init for txHeader         */
 122:Core/Src/main.c ****   txHeader.Identifier = 0x101;
 106              		.loc 1 122 23
 107 0058 154B     		ldr	r3, .L9+16
 108 005a 40F20112 		movw	r2, #257
 109 005e 1A60     		str	r2, [r3]
 123:Core/Src/main.c ****   txHeader.IdType = FDCAN_STANDARD_ID;
 110              		.loc 1 123 19
 111 0060 134B     		ldr	r3, .L9+16
 112 0062 0022     		movs	r2, #0
ARM GAS  /var/folders/xf/tcndk8390ml5xdpfw93qkhpm0000gn/T//ccpDMh5k.s 			page 5


 113 0064 5A60     		str	r2, [r3, #4]
 124:Core/Src/main.c ****   txHeader.TxFrameType = FDCAN_DATA_FRAME;
 114              		.loc 1 124 24
 115 0066 124B     		ldr	r3, .L9+16
 116 0068 0022     		movs	r2, #0
 117 006a 9A60     		str	r2, [r3, #8]
 125:Core/Src/main.c ****   txHeader.DataLength = FDCAN_DLC_BYTES_8;
 118              		.loc 1 125 23
 119 006c 104B     		ldr	r3, .L9+16
 120 006e 4FF40022 		mov	r2, #524288
 121 0072 DA60     		str	r2, [r3, #12]
 126:Core/Src/main.c ****   txHeader.BitRateSwitch = FDCAN_BRS_OFF;
 122              		.loc 1 126 26
 123 0074 0E4B     		ldr	r3, .L9+16
 124 0076 0022     		movs	r2, #0
 125 0078 5A61     		str	r2, [r3, #20]
 127:Core/Src/main.c ****   txHeader.FDFormat = FDCAN_CLASSIC_CAN;
 126              		.loc 1 127 21
 127 007a 0D4B     		ldr	r3, .L9+16
 128 007c 0022     		movs	r2, #0
 129 007e 9A61     		str	r2, [r3, #24]
 128:Core/Src/main.c ****   txHeader.TxEventFifoControl = FDCAN_NO_TX_EVENTS;
 130              		.loc 1 128 31
 131 0080 0B4B     		ldr	r3, .L9+16
 132 0082 0022     		movs	r2, #0
 133 0084 DA61     		str	r2, [r3, #28]
 134              	.L5:
 129:Core/Src/main.c **** 
 130:Core/Src/main.c **** 
 131:Core/Src/main.c ****   /* USER CODE END 2 */
 132:Core/Src/main.c **** 
 133:Core/Src/main.c ****   /* Infinite loop */
 134:Core/Src/main.c ****   /* USER CODE BEGIN WHILE */
 135:Core/Src/main.c **** 
 136:Core/Src/main.c ****   // Chassis_Init();
 137:Core/Src/main.c **** 
 138:Core/Src/main.c ****   // Chassis_Tidybot(0, 500, 0);
 139:Core/Src/main.c ****   // Chassis_Set_steer_pos();
 140:Core/Src/main.c ****   // Chassis_Set_drive_spd();
 141:Core/Src/main.c ****   // Chassis_Update();
 142:Core/Src/main.c ****   
 143:Core/Src/main.c ****   // HAL_Delay(5000);
 144:Core/Src/main.c **** 
 145:Core/Src/main.c ****   // Chassis_Tidybot(0, 0, 0);
 146:Core/Src/main.c ****   // Chassis_Set_steer_pos();
 147:Core/Src/main.c ****   // Chassis_Set_drive_spd();
 148:Core/Src/main.c ****   // Chassis_Update();
 149:Core/Src/main.c **** 
 150:Core/Src/main.c ****   // HAL_Delay(2000);
 151:Core/Src/main.c **** 
 152:Core/Src/main.c ****   // Chassis_Deinit();
 153:Core/Src/main.c **** 
 154:Core/Src/main.c **** 
 155:Core/Src/main.c ****   // HAL_Delay(1000);
 156:Core/Src/main.c ****   // Chassis_Init();
 157:Core/Src/main.c **** 
 158:Core/Src/main.c ****   // for(u8 i = 0; i < DRIVE_MOTOR_NUM; i++){
ARM GAS  /var/folders/xf/tcndk8390ml5xdpfw93qkhpm0000gn/T//ccpDMh5k.s 			page 6


 159:Core/Src/main.c ****   //   drive_motor_spd_cmd[i] = 0;
 160:Core/Src/main.c ****   // }
 161:Core/Src/main.c ****   // Chassis_Set_drive_spd();
 162:Core/Src/main.c ****   // for(u8 i = 0; i < STEER_MOTOR_NUM; i++){
 163:Core/Src/main.c ****   //   steer_motor_pos_cmd[i] = steer_forward_pos[i];
 164:Core/Src/main.c ****   // }
 165:Core/Src/main.c ****   // float test_angle[4] = {pi / 2, pi / 2, pi / 2, pi / 2};
 166:Core/Src/main.c ****   // Chassis_Set_steer_angle(test_angle);
 167:Core/Src/main.c ****   // Chassis_Set_steer_pos();
 168:Core/Src/main.c **** 
 169:Core/Src/main.c ****   // // Chassis_Update();
 170:Core/Src/main.c ****   // Motorevo_Update();
 171:Core/Src/main.c ****   // Motorevo_Update_State();
 172:Core/Src/main.c **** 
 173:Core/Src/main.c ****   // HAL_Delay(5000);
 174:Core/Src/main.c ****   // Chassis_Deinit();
 175:Core/Src/main.c **** 
 176:Core/Src/main.c ****   // Motorevo_Activate(0x06);
 177:Core/Src/main.c ****   // Motorevo_Activate(0x05);
 178:Core/Src/main.c ****   // Motorevo_Activate(0x07);
 179:Core/Src/main.c ****   // Motorevo_Activate(0x08);
 180:Core/Src/main.c ****   // // Motorevo_SetPos(0x08, 1.8, 5.0);
 181:Core/Src/main.c ****   // HAL_Delay(5000);
 182:Core/Src/main.c ****   // Motorevo_Update_State();
 183:Core/Src/main.c ****   // Motorevo_Reset(0x06);
 184:Core/Src/main.c ****   // Motorevo_Reset(0x05);
 185:Core/Src/main.c ****   // Motorevo_Reset(0x07);
 186:Core/Src/main.c ****   // Motorevo_Reset(0x08);
 187:Core/Src/main.c **** 
 188:Core/Src/main.c ****   // HAL_Delay(1000);
 189:Core/Src/main.c **** 
 190:Core/Src/main.c ****   // uint8_t buf[10] = "abc\n";
 191:Core/Src/main.c ****   // Chassis_Deinit();
 192:Core/Src/main.c **** 
 193:Core/Src/main.c **** 
 194:Core/Src/main.c ****   // Chassis_Init();
 195:Core/Src/main.c ****   // Chassis_Tidybot(0, 0, 0);
 196:Core/Src/main.c ****   // HAL_Delay(1000);
 197:Core/Src/main.c ****   // Chassis_Tidybot(0, 5, 0);
 198:Core/Src/main.c ****   // HAL_Delay(1000);
 199:Core/Src/main.c ****   // Chassis_Tidybot(0, 0, 0);
 200:Core/Src/main.c ****   // Chassis_Deinit();
 201:Core/Src/main.c **** 
 202:Core/Src/main.c ****   while (1)
 203:Core/Src/main.c ****   {
 204:Core/Src/main.c ****     // HAL_IWDG_Refresh(&hiwdg1);                    // watch dog
 205:Core/Src/main.c ****     /* USER CODE END WHILE */
 206:Core/Src/main.c **** 
 207:Core/Src/main.c ****     /* USER CODE BEGIN 3 */
 208:Core/Src/main.c ****   // Chassis_Info_Query();
 209:Core/Src/main.c ****   // Chassis_State_Update();
 210:Core/Src/main.c ****   // Chassis_drive_spd_decrease();
 211:Core/Src/main.c ****   // Chassis_Set_steer_pos();
 212:Core/Src/main.c ****   // Chassis_Set_drive_spd();
 213:Core/Src/main.c ****   // Chassis_Update();
 214:Core/Src/main.c ****   // HAL_Delay(5);
 215:Core/Src/main.c ****   
ARM GAS  /var/folders/xf/tcndk8390ml5xdpfw93qkhpm0000gn/T//ccpDMh5k.s 			page 7


 216:Core/Src/main.c ****   if(stop_flag)
 135              		.loc 1 216 6
 136 0086 0B4B     		ldr	r3, .L9+20
 137 0088 1B78     		ldrb	r3, [r3]	@ zero_extendqisi2
 138              		.loc 1 216 5
 139 008a 002B     		cmp	r3, #0
 140 008c 00D1     		bne	.L8
 141 008e FAE7     		b	.L5
 142              	.L8:
 217:Core/Src/main.c ****     break;
 143              		.loc 1 217 5
 144 0090 00BF     		nop
 218:Core/Src/main.c ****   }
 219:Core/Src/main.c ****   Chassis_Deinit();
 145              		.loc 1 219 3
 146 0092 FFF7FEFF 		bl	Chassis_Deinit
 147 0096 0023     		movs	r3, #0
 220:Core/Src/main.c ****   /* USER CODE END 3 */
 221:Core/Src/main.c **** }
 148              		.loc 1 221 1
 149 0098 1846     		mov	r0, r3
 150 009a 0837     		adds	r7, r7, #8
 151              	.LCFI3:
 152              		.cfi_def_cfa_offset 8
 153 009c BD46     		mov	sp, r7
 154              	.LCFI4:
 155              		.cfi_def_cfa_register 13
 156              		@ sp needed
 157 009e 80BD     		pop	{r7, pc}
 158              	.L10:
 159              		.align	2
 160              	.L9:
 161 00a0 00000000 		.word	hfdcan1
 162 00a4 00000000 		.word	htim1
 163 00a8 00000000 		.word	uart2_rx_buf
 164 00ac 00000000 		.word	huart2
 165 00b0 00000000 		.word	txHeader
 166 00b4 00000000 		.word	stop_flag
 167              		.cfi_endproc
 168              	.LFE148:
 170              		.section	.text.SystemClock_Config,"ax",%progbits
 171              		.align	1
 172              		.global	SystemClock_Config
 173              		.syntax unified
 174              		.thumb
 175              		.thumb_func
 177              	SystemClock_Config:
 178              	.LFB149:
 222:Core/Src/main.c **** 
 223:Core/Src/main.c **** /**
 224:Core/Src/main.c ****   * @brief System Clock Configuration
 225:Core/Src/main.c ****   * @retval None
 226:Core/Src/main.c ****   */
 227:Core/Src/main.c **** void SystemClock_Config(void)
 228:Core/Src/main.c **** {
 179              		.loc 1 228 1
 180              		.cfi_startproc
ARM GAS  /var/folders/xf/tcndk8390ml5xdpfw93qkhpm0000gn/T//ccpDMh5k.s 			page 8


 181              		@ args = 0, pretend = 0, frame = 112
 182              		@ frame_needed = 1, uses_anonymous_args = 0
 183 0000 80B5     		push	{r7, lr}
 184              	.LCFI5:
 185              		.cfi_def_cfa_offset 8
 186              		.cfi_offset 7, -8
 187              		.cfi_offset 14, -4
 188 0002 9CB0     		sub	sp, sp, #112
 189              	.LCFI6:
 190              		.cfi_def_cfa_offset 120
 191 0004 00AF     		add	r7, sp, #0
 192              	.LCFI7:
 193              		.cfi_def_cfa_register 7
 229:Core/Src/main.c ****   RCC_OscInitTypeDef RCC_OscInitStruct = {0};
 194              		.loc 1 229 22
 195 0006 07F12403 		add	r3, r7, #36
 196 000a 4C22     		movs	r2, #76
 197 000c 0021     		movs	r1, #0
 198 000e 1846     		mov	r0, r3
 199 0010 FFF7FEFF 		bl	memset
 230:Core/Src/main.c ****   RCC_ClkInitTypeDef RCC_ClkInitStruct = {0};
 200              		.loc 1 230 22
 201 0014 3B1D     		adds	r3, r7, #4
 202 0016 2022     		movs	r2, #32
 203 0018 0021     		movs	r1, #0
 204 001a 1846     		mov	r0, r3
 205 001c FFF7FEFF 		bl	memset
 231:Core/Src/main.c **** 
 232:Core/Src/main.c ****   /** Supply configuration update enable
 233:Core/Src/main.c ****   */
 234:Core/Src/main.c ****   HAL_PWREx_ConfigSupply(PWR_LDO_SUPPLY);
 206              		.loc 1 234 3
 207 0020 0220     		movs	r0, #2
 208 0022 FFF7FEFF 		bl	HAL_PWREx_ConfigSupply
 209              	.LBB4:
 235:Core/Src/main.c **** 
 236:Core/Src/main.c ****   /** Configure the main internal regulator output voltage
 237:Core/Src/main.c ****   */
 238:Core/Src/main.c ****   __HAL_PWR_VOLTAGESCALING_CONFIG(PWR_REGULATOR_VOLTAGE_SCALE0);
 210              		.loc 1 238 3
 211 0026 0023     		movs	r3, #0
 212 0028 3B60     		str	r3, [r7]
 213 002a 2D4B     		ldr	r3, .L16
 214 002c 9B69     		ldr	r3, [r3, #24]
 215 002e 2C4A     		ldr	r2, .L16
 216 0030 23F44043 		bic	r3, r3, #49152
 217 0034 9361     		str	r3, [r2, #24]
 218 0036 2A4B     		ldr	r3, .L16
 219 0038 9B69     		ldr	r3, [r3, #24]
 220 003a 03F44043 		and	r3, r3, #49152
 221 003e 3B60     		str	r3, [r7]
 222 0040 3B68     		ldr	r3, [r7]
 223              	.LBE4:
 239:Core/Src/main.c **** 
 240:Core/Src/main.c ****   while(!__HAL_PWR_GET_FLAG(PWR_FLAG_VOSRDY)) {}
 224              		.loc 1 240 8
 225 0042 00BF     		nop
ARM GAS  /var/folders/xf/tcndk8390ml5xdpfw93qkhpm0000gn/T//ccpDMh5k.s 			page 9


 226              	.L12:
 227              		.loc 1 240 10 discriminator 1
 228 0044 264B     		ldr	r3, .L16
 229 0046 9B69     		ldr	r3, [r3, #24]
 230 0048 03F40053 		and	r3, r3, #8192
 231              		.loc 1 240 8 discriminator 1
 232 004c B3F5005F 		cmp	r3, #8192
 233 0050 F8D1     		bne	.L12
 241:Core/Src/main.c **** 
 242:Core/Src/main.c ****   /** Initializes the RCC Oscillators according to the specified parameters
 243:Core/Src/main.c ****   * in the RCC_OscInitTypeDef structure.
 244:Core/Src/main.c ****   */
 245:Core/Src/main.c ****   RCC_OscInitStruct.OscillatorType = RCC_OSCILLATORTYPE_HSI48|RCC_OSCILLATORTYPE_LSI
 234              		.loc 1 245 36
 235 0052 2923     		movs	r3, #41
 236 0054 7B62     		str	r3, [r7, #36]
 246:Core/Src/main.c ****                               |RCC_OSCILLATORTYPE_HSE;
 247:Core/Src/main.c ****   RCC_OscInitStruct.HSEState = RCC_HSE_ON;
 237              		.loc 1 247 30
 238 0056 4FF48033 		mov	r3, #65536
 239 005a BB62     		str	r3, [r7, #40]
 248:Core/Src/main.c ****   RCC_OscInitStruct.LSIState = RCC_LSI_ON;
 240              		.loc 1 248 30
 241 005c 0123     		movs	r3, #1
 242 005e BB63     		str	r3, [r7, #56]
 249:Core/Src/main.c ****   RCC_OscInitStruct.HSI48State = RCC_HSI48_ON;
 243              		.loc 1 249 32
 244 0060 0123     		movs	r3, #1
 245 0062 FB63     		str	r3, [r7, #60]
 250:Core/Src/main.c ****   RCC_OscInitStruct.PLL.PLLState = RCC_PLL_ON;
 246              		.loc 1 250 34
 247 0064 0223     		movs	r3, #2
 248 0066 BB64     		str	r3, [r7, #72]
 251:Core/Src/main.c ****   RCC_OscInitStruct.PLL.PLLSource = RCC_PLLSOURCE_HSE;
 249              		.loc 1 251 35
 250 0068 0223     		movs	r3, #2
 251 006a FB64     		str	r3, [r7, #76]
 252:Core/Src/main.c ****   RCC_OscInitStruct.PLL.PLLM = 1;
 252              		.loc 1 252 30
 253 006c 0123     		movs	r3, #1
 254 006e 3B65     		str	r3, [r7, #80]
 253:Core/Src/main.c ****   RCC_OscInitStruct.PLL.PLLN = 60;
 255              		.loc 1 253 30
 256 0070 3C23     		movs	r3, #60
 257 0072 7B65     		str	r3, [r7, #84]
 254:Core/Src/main.c ****   RCC_OscInitStruct.PLL.PLLP = 1;
 258              		.loc 1 254 30
 259 0074 0123     		movs	r3, #1
 260 0076 BB65     		str	r3, [r7, #88]
 255:Core/Src/main.c ****   RCC_OscInitStruct.PLL.PLLQ = 4;
 261              		.loc 1 255 30
 262 0078 0423     		movs	r3, #4
 263 007a FB65     		str	r3, [r7, #92]
 256:Core/Src/main.c ****   RCC_OscInitStruct.PLL.PLLR = 2;
 264              		.loc 1 256 30
 265 007c 0223     		movs	r3, #2
 266 007e 3B66     		str	r3, [r7, #96]
ARM GAS  /var/folders/xf/tcndk8390ml5xdpfw93qkhpm0000gn/T//ccpDMh5k.s 			page 10


 257:Core/Src/main.c ****   RCC_OscInitStruct.PLL.PLLRGE = RCC_PLL1VCIRANGE_3;
 267              		.loc 1 257 32
 268 0080 0C23     		movs	r3, #12
 269 0082 7B66     		str	r3, [r7, #100]
 258:Core/Src/main.c ****   RCC_OscInitStruct.PLL.PLLVCOSEL = RCC_PLL1VCOWIDE;
 270              		.loc 1 258 35
 271 0084 0023     		movs	r3, #0
 272 0086 BB66     		str	r3, [r7, #104]
 259:Core/Src/main.c ****   RCC_OscInitStruct.PLL.PLLFRACN = 0;
 273              		.loc 1 259 34
 274 0088 0023     		movs	r3, #0
 275 008a FB66     		str	r3, [r7, #108]
 260:Core/Src/main.c ****   if (HAL_RCC_OscConfig(&RCC_OscInitStruct) != HAL_OK)
 276              		.loc 1 260 7
 277 008c 07F12403 		add	r3, r7, #36
 278 0090 1846     		mov	r0, r3
 279 0092 FFF7FEFF 		bl	HAL_RCC_OscConfig
 280 0096 0346     		mov	r3, r0
 281              		.loc 1 260 6
 282 0098 002B     		cmp	r3, #0
 283 009a 01D0     		beq	.L13
 261:Core/Src/main.c ****   {
 262:Core/Src/main.c ****     Error_Handler();
 284              		.loc 1 262 5
 285 009c FFF7FEFF 		bl	Error_Handler
 286              	.L13:
 263:Core/Src/main.c ****   }
 264:Core/Src/main.c **** 
 265:Core/Src/main.c ****   /** Initializes the CPU, AHB and APB buses clocks
 266:Core/Src/main.c ****   */
 267:Core/Src/main.c ****   RCC_ClkInitStruct.ClockType = RCC_CLOCKTYPE_HCLK|RCC_CLOCKTYPE_SYSCLK
 287              		.loc 1 267 31
 288 00a0 3F23     		movs	r3, #63
 289 00a2 7B60     		str	r3, [r7, #4]
 268:Core/Src/main.c ****                               |RCC_CLOCKTYPE_PCLK1|RCC_CLOCKTYPE_PCLK2
 269:Core/Src/main.c ****                               |RCC_CLOCKTYPE_D3PCLK1|RCC_CLOCKTYPE_D1PCLK1;
 270:Core/Src/main.c ****   RCC_ClkInitStruct.SYSCLKSource = RCC_SYSCLKSOURCE_PLLCLK;
 290              		.loc 1 270 34
 291 00a4 0323     		movs	r3, #3
 292 00a6 BB60     		str	r3, [r7, #8]
 271:Core/Src/main.c ****   RCC_ClkInitStruct.SYSCLKDivider = RCC_SYSCLK_DIV1;
 293              		.loc 1 271 35
 294 00a8 0023     		movs	r3, #0
 295 00aa FB60     		str	r3, [r7, #12]
 272:Core/Src/main.c ****   RCC_ClkInitStruct.AHBCLKDivider = RCC_HCLK_DIV2;
 296              		.loc 1 272 35
 297 00ac 0823     		movs	r3, #8
 298 00ae 3B61     		str	r3, [r7, #16]
 273:Core/Src/main.c ****   RCC_ClkInitStruct.APB3CLKDivider = RCC_APB3_DIV2;
 299              		.loc 1 273 36
 300 00b0 4023     		movs	r3, #64
 301 00b2 7B61     		str	r3, [r7, #20]
 274:Core/Src/main.c ****   RCC_ClkInitStruct.APB1CLKDivider = RCC_APB1_DIV2;
 302              		.loc 1 274 36
 303 00b4 4023     		movs	r3, #64
 304 00b6 BB61     		str	r3, [r7, #24]
 275:Core/Src/main.c ****   RCC_ClkInitStruct.APB2CLKDivider = RCC_APB2_DIV2;
ARM GAS  /var/folders/xf/tcndk8390ml5xdpfw93qkhpm0000gn/T//ccpDMh5k.s 			page 11


 305              		.loc 1 275 36
 306 00b8 4FF48063 		mov	r3, #1024
 307 00bc FB61     		str	r3, [r7, #28]
 276:Core/Src/main.c ****   RCC_ClkInitStruct.APB4CLKDivider = RCC_APB4_DIV2;
 308              		.loc 1 276 36
 309 00be 4023     		movs	r3, #64
 310 00c0 3B62     		str	r3, [r7, #32]
 277:Core/Src/main.c **** 
 278:Core/Src/main.c ****   if (HAL_RCC_ClockConfig(&RCC_ClkInitStruct, FLASH_LATENCY_3) != HAL_OK)
 311              		.loc 1 278 7
 312 00c2 3B1D     		adds	r3, r7, #4
 313 00c4 0321     		movs	r1, #3
 314 00c6 1846     		mov	r0, r3
 315 00c8 FFF7FEFF 		bl	HAL_RCC_ClockConfig
 316 00cc 0346     		mov	r3, r0
 317              		.loc 1 278 6
 318 00ce 002B     		cmp	r3, #0
 319 00d0 01D0     		beq	.L15
 279:Core/Src/main.c ****   {
 280:Core/Src/main.c ****     Error_Handler();
 320              		.loc 1 280 5
 321 00d2 FFF7FEFF 		bl	Error_Handler
 322              	.L15:
 281:Core/Src/main.c ****   }
 282:Core/Src/main.c **** }
 323              		.loc 1 282 1
 324 00d6 00BF     		nop
 325 00d8 7037     		adds	r7, r7, #112
 326              	.LCFI8:
 327              		.cfi_def_cfa_offset 8
 328 00da BD46     		mov	sp, r7
 329              	.LCFI9:
 330              		.cfi_def_cfa_register 13
 331              		@ sp needed
 332 00dc 80BD     		pop	{r7, pc}
 333              	.L17:
 334 00de 00BF     		.align	2
 335              	.L16:
 336 00e0 00480258 		.word	1476544512
 337              		.cfi_endproc
 338              	.LFE149:
 340              		.section	.text.Error_Handler,"ax",%progbits
 341              		.align	1
 342              		.global	Error_Handler
 343              		.syntax unified
 344              		.thumb
 345              		.thumb_func
 347              	Error_Handler:
 348              	.LFB150:
 283:Core/Src/main.c **** 
 284:Core/Src/main.c **** /* USER CODE BEGIN 4 */
 285:Core/Src/main.c **** 
 286:Core/Src/main.c **** /* USER CODE END 4 */
 287:Core/Src/main.c **** 
 288:Core/Src/main.c **** /**
 289:Core/Src/main.c ****   * @brief  This function is executed in case of error occurrence.
 290:Core/Src/main.c ****   * @retval None
ARM GAS  /var/folders/xf/tcndk8390ml5xdpfw93qkhpm0000gn/T//ccpDMh5k.s 			page 12


 291:Core/Src/main.c ****   */
 292:Core/Src/main.c **** void Error_Handler(void)
 293:Core/Src/main.c **** {
 349              		.loc 1 293 1
 350              		.cfi_startproc
 351              		@ args = 0, pretend = 0, frame = 0
 352              		@ frame_needed = 1, uses_anonymous_args = 0
 353              		@ link register save eliminated.
 354 0000 80B4     		push	{r7}
 355              	.LCFI10:
 356              		.cfi_def_cfa_offset 4
 357              		.cfi_offset 7, -4
 358 0002 00AF     		add	r7, sp, #0
 359              	.LCFI11:
 360              		.cfi_def_cfa_register 7
 361              	.LBB5:
 362              	.LBB6:
 363              		.file 2 "Drivers/CMSIS/Include/cmsis_gcc.h"
   1:Drivers/CMSIS/Include/cmsis_gcc.h **** /**************************************************************************//**
   2:Drivers/CMSIS/Include/cmsis_gcc.h ****  * @file     cmsis_gcc.h
   3:Drivers/CMSIS/Include/cmsis_gcc.h ****  * @brief    CMSIS compiler GCC header file
   4:Drivers/CMSIS/Include/cmsis_gcc.h ****  * @version  V5.2.0
   5:Drivers/CMSIS/Include/cmsis_gcc.h ****  * @date     08. May 2019
   6:Drivers/CMSIS/Include/cmsis_gcc.h ****  ******************************************************************************/
   7:Drivers/CMSIS/Include/cmsis_gcc.h **** /*
   8:Drivers/CMSIS/Include/cmsis_gcc.h ****  * Copyright (c) 2009-2019 Arm Limited. All rights reserved.
   9:Drivers/CMSIS/Include/cmsis_gcc.h ****  *
  10:Drivers/CMSIS/Include/cmsis_gcc.h ****  * SPDX-License-Identifier: Apache-2.0
  11:Drivers/CMSIS/Include/cmsis_gcc.h ****  *
  12:Drivers/CMSIS/Include/cmsis_gcc.h ****  * Licensed under the Apache License, Version 2.0 (the License); you may
  13:Drivers/CMSIS/Include/cmsis_gcc.h ****  * not use this file except in compliance with the License.
  14:Drivers/CMSIS/Include/cmsis_gcc.h ****  * You may obtain a copy of the License at
  15:Drivers/CMSIS/Include/cmsis_gcc.h ****  *
  16:Drivers/CMSIS/Include/cmsis_gcc.h ****  * www.apache.org/licenses/LICENSE-2.0
  17:Drivers/CMSIS/Include/cmsis_gcc.h ****  *
  18:Drivers/CMSIS/Include/cmsis_gcc.h ****  * Unless required by applicable law or agreed to in writing, software
  19:Drivers/CMSIS/Include/cmsis_gcc.h ****  * distributed under the License is distributed on an AS IS BASIS, WITHOUT
  20:Drivers/CMSIS/Include/cmsis_gcc.h ****  * WARRANTIES OR CONDITIONS OF ANY KIND, either express or implied.
  21:Drivers/CMSIS/Include/cmsis_gcc.h ****  * See the License for the specific language governing permissions and
  22:Drivers/CMSIS/Include/cmsis_gcc.h ****  * limitations under the License.
  23:Drivers/CMSIS/Include/cmsis_gcc.h ****  */
  24:Drivers/CMSIS/Include/cmsis_gcc.h **** 
  25:Drivers/CMSIS/Include/cmsis_gcc.h **** #ifndef __CMSIS_GCC_H
  26:Drivers/CMSIS/Include/cmsis_gcc.h **** #define __CMSIS_GCC_H
  27:Drivers/CMSIS/Include/cmsis_gcc.h **** 
  28:Drivers/CMSIS/Include/cmsis_gcc.h **** /* ignore some GCC warnings */
  29:Drivers/CMSIS/Include/cmsis_gcc.h **** #pragma GCC diagnostic push
  30:Drivers/CMSIS/Include/cmsis_gcc.h **** #pragma GCC diagnostic ignored "-Wsign-conversion"
  31:Drivers/CMSIS/Include/cmsis_gcc.h **** #pragma GCC diagnostic ignored "-Wconversion"
  32:Drivers/CMSIS/Include/cmsis_gcc.h **** #pragma GCC diagnostic ignored "-Wunused-parameter"
  33:Drivers/CMSIS/Include/cmsis_gcc.h **** 
  34:Drivers/CMSIS/Include/cmsis_gcc.h **** /* Fallback for __has_builtin */
  35:Drivers/CMSIS/Include/cmsis_gcc.h **** #ifndef __has_builtin
  36:Drivers/CMSIS/Include/cmsis_gcc.h ****   #define __has_builtin(x) (0)
  37:Drivers/CMSIS/Include/cmsis_gcc.h **** #endif
  38:Drivers/CMSIS/Include/cmsis_gcc.h **** 
  39:Drivers/CMSIS/Include/cmsis_gcc.h **** /* CMSIS compiler specific defines */
ARM GAS  /var/folders/xf/tcndk8390ml5xdpfw93qkhpm0000gn/T//ccpDMh5k.s 			page 13


  40:Drivers/CMSIS/Include/cmsis_gcc.h **** #ifndef   __ASM
  41:Drivers/CMSIS/Include/cmsis_gcc.h ****   #define __ASM                                  __asm
  42:Drivers/CMSIS/Include/cmsis_gcc.h **** #endif
  43:Drivers/CMSIS/Include/cmsis_gcc.h **** #ifndef   __INLINE
  44:Drivers/CMSIS/Include/cmsis_gcc.h ****   #define __INLINE                               inline
  45:Drivers/CMSIS/Include/cmsis_gcc.h **** #endif
  46:Drivers/CMSIS/Include/cmsis_gcc.h **** #ifndef   __STATIC_INLINE
  47:Drivers/CMSIS/Include/cmsis_gcc.h ****   #define __STATIC_INLINE                        static inline
  48:Drivers/CMSIS/Include/cmsis_gcc.h **** #endif
  49:Drivers/CMSIS/Include/cmsis_gcc.h **** #ifndef   __STATIC_FORCEINLINE                 
  50:Drivers/CMSIS/Include/cmsis_gcc.h ****   #define __STATIC_FORCEINLINE                   __attribute__((always_inline)) static inline
  51:Drivers/CMSIS/Include/cmsis_gcc.h **** #endif                                           
  52:Drivers/CMSIS/Include/cmsis_gcc.h **** #ifndef   __NO_RETURN
  53:Drivers/CMSIS/Include/cmsis_gcc.h ****   #define __NO_RETURN                            __attribute__((__noreturn__))
  54:Drivers/CMSIS/Include/cmsis_gcc.h **** #endif
  55:Drivers/CMSIS/Include/cmsis_gcc.h **** #ifndef   __USED
  56:Drivers/CMSIS/Include/cmsis_gcc.h ****   #define __USED                                 __attribute__((used))
  57:Drivers/CMSIS/Include/cmsis_gcc.h **** #endif
  58:Drivers/CMSIS/Include/cmsis_gcc.h **** #ifndef   __WEAK
  59:Drivers/CMSIS/Include/cmsis_gcc.h ****   #define __WEAK                                 __attribute__((weak))
  60:Drivers/CMSIS/Include/cmsis_gcc.h **** #endif
  61:Drivers/CMSIS/Include/cmsis_gcc.h **** #ifndef   __PACKED
  62:Drivers/CMSIS/Include/cmsis_gcc.h ****   #define __PACKED                               __attribute__((packed, aligned(1)))
  63:Drivers/CMSIS/Include/cmsis_gcc.h **** #endif
  64:Drivers/CMSIS/Include/cmsis_gcc.h **** #ifndef   __PACKED_STRUCT
  65:Drivers/CMSIS/Include/cmsis_gcc.h ****   #define __PACKED_STRUCT                        struct __attribute__((packed, aligned(1)))
  66:Drivers/CMSIS/Include/cmsis_gcc.h **** #endif
  67:Drivers/CMSIS/Include/cmsis_gcc.h **** #ifndef   __PACKED_UNION
  68:Drivers/CMSIS/Include/cmsis_gcc.h ****   #define __PACKED_UNION                         union __attribute__((packed, aligned(1)))
  69:Drivers/CMSIS/Include/cmsis_gcc.h **** #endif
  70:Drivers/CMSIS/Include/cmsis_gcc.h **** #ifndef   __UNALIGNED_UINT32        /* deprecated */
  71:Drivers/CMSIS/Include/cmsis_gcc.h ****   #pragma GCC diagnostic push
  72:Drivers/CMSIS/Include/cmsis_gcc.h ****   #pragma GCC diagnostic ignored "-Wpacked"
  73:Drivers/CMSIS/Include/cmsis_gcc.h ****   #pragma GCC diagnostic ignored "-Wattributes"
  74:Drivers/CMSIS/Include/cmsis_gcc.h ****   struct __attribute__((packed)) T_UINT32 { uint32_t v; };
  75:Drivers/CMSIS/Include/cmsis_gcc.h ****   #pragma GCC diagnostic pop
  76:Drivers/CMSIS/Include/cmsis_gcc.h ****   #define __UNALIGNED_UINT32(x)                  (((struct T_UINT32 *)(x))->v)
  77:Drivers/CMSIS/Include/cmsis_gcc.h **** #endif
  78:Drivers/CMSIS/Include/cmsis_gcc.h **** #ifndef   __UNALIGNED_UINT16_WRITE
  79:Drivers/CMSIS/Include/cmsis_gcc.h ****   #pragma GCC diagnostic push
  80:Drivers/CMSIS/Include/cmsis_gcc.h ****   #pragma GCC diagnostic ignored "-Wpacked"
  81:Drivers/CMSIS/Include/cmsis_gcc.h ****   #pragma GCC diagnostic ignored "-Wattributes"
  82:Drivers/CMSIS/Include/cmsis_gcc.h ****   __PACKED_STRUCT T_UINT16_WRITE { uint16_t v; };
  83:Drivers/CMSIS/Include/cmsis_gcc.h ****   #pragma GCC diagnostic pop
  84:Drivers/CMSIS/Include/cmsis_gcc.h ****   #define __UNALIGNED_UINT16_WRITE(addr, val)    (void)((((struct T_UINT16_WRITE *)(void *)(addr))-
  85:Drivers/CMSIS/Include/cmsis_gcc.h **** #endif
  86:Drivers/CMSIS/Include/cmsis_gcc.h **** #ifndef   __UNALIGNED_UINT16_READ
  87:Drivers/CMSIS/Include/cmsis_gcc.h ****   #pragma GCC diagnostic push
  88:Drivers/CMSIS/Include/cmsis_gcc.h ****   #pragma GCC diagnostic ignored "-Wpacked"
  89:Drivers/CMSIS/Include/cmsis_gcc.h ****   #pragma GCC diagnostic ignored "-Wattributes"
  90:Drivers/CMSIS/Include/cmsis_gcc.h ****   __PACKED_STRUCT T_UINT16_READ { uint16_t v; };
  91:Drivers/CMSIS/Include/cmsis_gcc.h ****   #pragma GCC diagnostic pop
  92:Drivers/CMSIS/Include/cmsis_gcc.h ****   #define __UNALIGNED_UINT16_READ(addr)          (((const struct T_UINT16_READ *)(const void *)(add
  93:Drivers/CMSIS/Include/cmsis_gcc.h **** #endif
  94:Drivers/CMSIS/Include/cmsis_gcc.h **** #ifndef   __UNALIGNED_UINT32_WRITE
  95:Drivers/CMSIS/Include/cmsis_gcc.h ****   #pragma GCC diagnostic push
  96:Drivers/CMSIS/Include/cmsis_gcc.h ****   #pragma GCC diagnostic ignored "-Wpacked"
ARM GAS  /var/folders/xf/tcndk8390ml5xdpfw93qkhpm0000gn/T//ccpDMh5k.s 			page 14


  97:Drivers/CMSIS/Include/cmsis_gcc.h ****   #pragma GCC diagnostic ignored "-Wattributes"
  98:Drivers/CMSIS/Include/cmsis_gcc.h ****   __PACKED_STRUCT T_UINT32_WRITE { uint32_t v; };
  99:Drivers/CMSIS/Include/cmsis_gcc.h ****   #pragma GCC diagnostic pop
 100:Drivers/CMSIS/Include/cmsis_gcc.h ****   #define __UNALIGNED_UINT32_WRITE(addr, val)    (void)((((struct T_UINT32_WRITE *)(void *)(addr))-
 101:Drivers/CMSIS/Include/cmsis_gcc.h **** #endif
 102:Drivers/CMSIS/Include/cmsis_gcc.h **** #ifndef   __UNALIGNED_UINT32_READ
 103:Drivers/CMSIS/Include/cmsis_gcc.h ****   #pragma GCC diagnostic push
 104:Drivers/CMSIS/Include/cmsis_gcc.h ****   #pragma GCC diagnostic ignored "-Wpacked"
 105:Drivers/CMSIS/Include/cmsis_gcc.h ****   #pragma GCC diagnostic ignored "-Wattributes"
 106:Drivers/CMSIS/Include/cmsis_gcc.h ****   __PACKED_STRUCT T_UINT32_READ { uint32_t v; };
 107:Drivers/CMSIS/Include/cmsis_gcc.h ****   #pragma GCC diagnostic pop
 108:Drivers/CMSIS/Include/cmsis_gcc.h ****   #define __UNALIGNED_UINT32_READ(addr)          (((const struct T_UINT32_READ *)(const void *)(add
 109:Drivers/CMSIS/Include/cmsis_gcc.h **** #endif
 110:Drivers/CMSIS/Include/cmsis_gcc.h **** #ifndef   __ALIGNED
 111:Drivers/CMSIS/Include/cmsis_gcc.h ****   #define __ALIGNED(x)                           __attribute__((aligned(x)))
 112:Drivers/CMSIS/Include/cmsis_gcc.h **** #endif
 113:Drivers/CMSIS/Include/cmsis_gcc.h **** #ifndef   __RESTRICT
 114:Drivers/CMSIS/Include/cmsis_gcc.h ****   #define __RESTRICT                             __restrict
 115:Drivers/CMSIS/Include/cmsis_gcc.h **** #endif
 116:Drivers/CMSIS/Include/cmsis_gcc.h **** #ifndef   __COMPILER_BARRIER
 117:Drivers/CMSIS/Include/cmsis_gcc.h ****   #define __COMPILER_BARRIER()                   __ASM volatile("":::"memory")
 118:Drivers/CMSIS/Include/cmsis_gcc.h **** #endif
 119:Drivers/CMSIS/Include/cmsis_gcc.h **** 
 120:Drivers/CMSIS/Include/cmsis_gcc.h **** /* #########################  Startup and Lowlevel Init  ######################## */
 121:Drivers/CMSIS/Include/cmsis_gcc.h **** 
 122:Drivers/CMSIS/Include/cmsis_gcc.h **** #ifndef __PROGRAM_START
 123:Drivers/CMSIS/Include/cmsis_gcc.h **** 
 124:Drivers/CMSIS/Include/cmsis_gcc.h **** /**
 125:Drivers/CMSIS/Include/cmsis_gcc.h ****   \brief   Initializes data and bss sections
 126:Drivers/CMSIS/Include/cmsis_gcc.h ****   \details This default implementations initialized all data and additional bss
 127:Drivers/CMSIS/Include/cmsis_gcc.h ****            sections relying on .copy.table and .zero.table specified properly
 128:Drivers/CMSIS/Include/cmsis_gcc.h ****            in the used linker script.
 129:Drivers/CMSIS/Include/cmsis_gcc.h ****   
 130:Drivers/CMSIS/Include/cmsis_gcc.h ****  */
 131:Drivers/CMSIS/Include/cmsis_gcc.h **** __STATIC_FORCEINLINE __NO_RETURN void __cmsis_start(void)
 132:Drivers/CMSIS/Include/cmsis_gcc.h **** {
 133:Drivers/CMSIS/Include/cmsis_gcc.h ****   extern void _start(void) __NO_RETURN;
 134:Drivers/CMSIS/Include/cmsis_gcc.h ****   
 135:Drivers/CMSIS/Include/cmsis_gcc.h ****   typedef struct {
 136:Drivers/CMSIS/Include/cmsis_gcc.h ****     uint32_t const* src;
 137:Drivers/CMSIS/Include/cmsis_gcc.h ****     uint32_t* dest;
 138:Drivers/CMSIS/Include/cmsis_gcc.h ****     uint32_t  wlen;
 139:Drivers/CMSIS/Include/cmsis_gcc.h ****   } __copy_table_t;
 140:Drivers/CMSIS/Include/cmsis_gcc.h ****   
 141:Drivers/CMSIS/Include/cmsis_gcc.h ****   typedef struct {
 142:Drivers/CMSIS/Include/cmsis_gcc.h ****     uint32_t* dest;
 143:Drivers/CMSIS/Include/cmsis_gcc.h ****     uint32_t  wlen;
 144:Drivers/CMSIS/Include/cmsis_gcc.h ****   } __zero_table_t;
 145:Drivers/CMSIS/Include/cmsis_gcc.h ****   
 146:Drivers/CMSIS/Include/cmsis_gcc.h ****   extern const __copy_table_t __copy_table_start__;
 147:Drivers/CMSIS/Include/cmsis_gcc.h ****   extern const __copy_table_t __copy_table_end__;
 148:Drivers/CMSIS/Include/cmsis_gcc.h ****   extern const __zero_table_t __zero_table_start__;
 149:Drivers/CMSIS/Include/cmsis_gcc.h ****   extern const __zero_table_t __zero_table_end__;
 150:Drivers/CMSIS/Include/cmsis_gcc.h **** 
 151:Drivers/CMSIS/Include/cmsis_gcc.h ****   for (__copy_table_t const* pTable = &__copy_table_start__; pTable < &__copy_table_end__; ++pTable
 152:Drivers/CMSIS/Include/cmsis_gcc.h ****     for(uint32_t i=0u; i<pTable->wlen; ++i) {
 153:Drivers/CMSIS/Include/cmsis_gcc.h ****       pTable->dest[i] = pTable->src[i];
ARM GAS  /var/folders/xf/tcndk8390ml5xdpfw93qkhpm0000gn/T//ccpDMh5k.s 			page 15


 154:Drivers/CMSIS/Include/cmsis_gcc.h ****     }
 155:Drivers/CMSIS/Include/cmsis_gcc.h ****   }
 156:Drivers/CMSIS/Include/cmsis_gcc.h ****  
 157:Drivers/CMSIS/Include/cmsis_gcc.h ****   for (__zero_table_t const* pTable = &__zero_table_start__; pTable < &__zero_table_end__; ++pTable
 158:Drivers/CMSIS/Include/cmsis_gcc.h ****     for(uint32_t i=0u; i<pTable->wlen; ++i) {
 159:Drivers/CMSIS/Include/cmsis_gcc.h ****       pTable->dest[i] = 0u;
 160:Drivers/CMSIS/Include/cmsis_gcc.h ****     }
 161:Drivers/CMSIS/Include/cmsis_gcc.h ****   }
 162:Drivers/CMSIS/Include/cmsis_gcc.h ****  
 163:Drivers/CMSIS/Include/cmsis_gcc.h ****   _start();
 164:Drivers/CMSIS/Include/cmsis_gcc.h **** }
 165:Drivers/CMSIS/Include/cmsis_gcc.h ****   
 166:Drivers/CMSIS/Include/cmsis_gcc.h **** #define __PROGRAM_START           __cmsis_start
 167:Drivers/CMSIS/Include/cmsis_gcc.h **** #endif
 168:Drivers/CMSIS/Include/cmsis_gcc.h **** 
 169:Drivers/CMSIS/Include/cmsis_gcc.h **** #ifndef __INITIAL_SP
 170:Drivers/CMSIS/Include/cmsis_gcc.h **** #define __INITIAL_SP              __StackTop
 171:Drivers/CMSIS/Include/cmsis_gcc.h **** #endif
 172:Drivers/CMSIS/Include/cmsis_gcc.h **** 
 173:Drivers/CMSIS/Include/cmsis_gcc.h **** #ifndef __STACK_LIMIT
 174:Drivers/CMSIS/Include/cmsis_gcc.h **** #define __STACK_LIMIT             __StackLimit
 175:Drivers/CMSIS/Include/cmsis_gcc.h **** #endif
 176:Drivers/CMSIS/Include/cmsis_gcc.h **** 
 177:Drivers/CMSIS/Include/cmsis_gcc.h **** #ifndef __VECTOR_TABLE
 178:Drivers/CMSIS/Include/cmsis_gcc.h **** #define __VECTOR_TABLE            __Vectors
 179:Drivers/CMSIS/Include/cmsis_gcc.h **** #endif
 180:Drivers/CMSIS/Include/cmsis_gcc.h **** 
 181:Drivers/CMSIS/Include/cmsis_gcc.h **** #ifndef __VECTOR_TABLE_ATTRIBUTE
 182:Drivers/CMSIS/Include/cmsis_gcc.h **** #define __VECTOR_TABLE_ATTRIBUTE  __attribute((used, section(".vectors")))
 183:Drivers/CMSIS/Include/cmsis_gcc.h **** #endif
 184:Drivers/CMSIS/Include/cmsis_gcc.h **** 
 185:Drivers/CMSIS/Include/cmsis_gcc.h **** /* ###########################  Core Function Access  ########################### */
 186:Drivers/CMSIS/Include/cmsis_gcc.h **** /** \ingroup  CMSIS_Core_FunctionInterface
 187:Drivers/CMSIS/Include/cmsis_gcc.h ****     \defgroup CMSIS_Core_RegAccFunctions CMSIS Core Register Access Functions
 188:Drivers/CMSIS/Include/cmsis_gcc.h ****   @{
 189:Drivers/CMSIS/Include/cmsis_gcc.h ****  */
 190:Drivers/CMSIS/Include/cmsis_gcc.h **** 
 191:Drivers/CMSIS/Include/cmsis_gcc.h **** /**
 192:Drivers/CMSIS/Include/cmsis_gcc.h ****   \brief   Enable IRQ Interrupts
 193:Drivers/CMSIS/Include/cmsis_gcc.h ****   \details Enables IRQ interrupts by clearing the I-bit in the CPSR.
 194:Drivers/CMSIS/Include/cmsis_gcc.h ****            Can only be executed in Privileged modes.
 195:Drivers/CMSIS/Include/cmsis_gcc.h ****  */
 196:Drivers/CMSIS/Include/cmsis_gcc.h **** __STATIC_FORCEINLINE void __enable_irq(void)
 197:Drivers/CMSIS/Include/cmsis_gcc.h **** {
 198:Drivers/CMSIS/Include/cmsis_gcc.h ****   __ASM volatile ("cpsie i" : : : "memory");
 199:Drivers/CMSIS/Include/cmsis_gcc.h **** }
 200:Drivers/CMSIS/Include/cmsis_gcc.h **** 
 201:Drivers/CMSIS/Include/cmsis_gcc.h **** 
 202:Drivers/CMSIS/Include/cmsis_gcc.h **** /**
 203:Drivers/CMSIS/Include/cmsis_gcc.h ****   \brief   Disable IRQ Interrupts
 204:Drivers/CMSIS/Include/cmsis_gcc.h ****   \details Disables IRQ interrupts by setting the I-bit in the CPSR.
 205:Drivers/CMSIS/Include/cmsis_gcc.h ****            Can only be executed in Privileged modes.
 206:Drivers/CMSIS/Include/cmsis_gcc.h ****  */
 207:Drivers/CMSIS/Include/cmsis_gcc.h **** __STATIC_FORCEINLINE void __disable_irq(void)
 208:Drivers/CMSIS/Include/cmsis_gcc.h **** {
 209:Drivers/CMSIS/Include/cmsis_gcc.h ****   __ASM volatile ("cpsid i" : : : "memory");
 364              		.loc 2 209 3
ARM GAS  /var/folders/xf/tcndk8390ml5xdpfw93qkhpm0000gn/T//ccpDMh5k.s 			page 16


 365              		.syntax unified
 366              	@ 209 "Drivers/CMSIS/Include/cmsis_gcc.h" 1
 367 0004 72B6     		cpsid i
 368              	@ 0 "" 2
 210:Drivers/CMSIS/Include/cmsis_gcc.h **** }
 369              		.loc 2 210 1
 370              		.thumb
 371              		.syntax unified
 372 0006 00BF     		nop
 373              	.L19:
 374              	.LBE6:
 375              	.LBE5:
 294:Core/Src/main.c ****   /* USER CODE BEGIN Error_Handler_Debug */
 295:Core/Src/main.c ****   /* User can add his own implementation to report the HAL error return state */
 296:Core/Src/main.c ****   __disable_irq();
 297:Core/Src/main.c ****   while (1)
 376              		.loc 1 297 9 discriminator 1
 377 0008 FEE7     		b	.L19
 378              		.cfi_endproc
 379              	.LFE150:
 381              		.text
 382              	.Letext0:
 383              		.file 3 "/Applications/ARM/arm-none-eabi/include/machine/_default_types.h"
 384              		.file 4 "/Applications/ARM/arm-none-eabi/include/sys/_stdint.h"
 385              		.file 5 "Drivers/CMSIS/Device/ST/STM32H7xx/Include/stm32h723xx.h"
 386              		.file 6 "Drivers/CMSIS/Device/ST/STM32H7xx/Include/stm32h7xx.h"
 387              		.file 7 "Drivers/STM32H7xx_HAL_Driver/Inc/stm32h7xx_hal_def.h"
 388              		.file 8 "Drivers/STM32H7xx_HAL_Driver/Inc/stm32h7xx_hal_rcc.h"
 389              		.file 9 "Drivers/STM32H7xx_HAL_Driver/Inc/stm32h7xx_hal_dma.h"
 390              		.file 10 "Drivers/STM32H7xx_HAL_Driver/Inc/stm32h7xx_hal_fdcan.h"
 391              		.file 11 "Drivers/STM32H7xx_HAL_Driver/Inc/stm32h7xx_hal_tim.h"
 392              		.file 12 "Drivers/STM32H7xx_HAL_Driver/Inc/stm32h7xx_hal_uart.h"
 393              		.file 13 "Core/Inc/fdcan.h"
 394              		.file 14 "Core/Inc/tim.h"
 395              		.file 15 "Core/Inc/usart.h"
 396              		.file 16 "User/Inc/common.h"
ARM GAS  /var/folders/xf/tcndk8390ml5xdpfw93qkhpm0000gn/T//ccpDMh5k.s 			page 17


DEFINED SYMBOLS
                            *ABS*:0000000000000000 main.c
/var/folders/xf/tcndk8390ml5xdpfw93qkhpm0000gn/T//ccpDMh5k.s:22     .bss.query_chassis_flag:0000000000000000 query_chassis_flag
/var/folders/xf/tcndk8390ml5xdpfw93qkhpm0000gn/T//ccpDMh5k.s:23     .bss.query_chassis_flag:0000000000000000 $d
/var/folders/xf/tcndk8390ml5xdpfw93qkhpm0000gn/T//ccpDMh5k.s:28     .bss.update_chasis_flag:0000000000000000 update_chasis_flag
/var/folders/xf/tcndk8390ml5xdpfw93qkhpm0000gn/T//ccpDMh5k.s:29     .bss.update_chasis_flag:0000000000000000 $d
/var/folders/xf/tcndk8390ml5xdpfw93qkhpm0000gn/T//ccpDMh5k.s:34     .bss.stop_flag:0000000000000000 stop_flag
/var/folders/xf/tcndk8390ml5xdpfw93qkhpm0000gn/T//ccpDMh5k.s:35     .bss.stop_flag:0000000000000000 $d
/var/folders/xf/tcndk8390ml5xdpfw93qkhpm0000gn/T//ccpDMh5k.s:37     .text.main:0000000000000000 $t
/var/folders/xf/tcndk8390ml5xdpfw93qkhpm0000gn/T//ccpDMh5k.s:43     .text.main:0000000000000000 main
/var/folders/xf/tcndk8390ml5xdpfw93qkhpm0000gn/T//ccpDMh5k.s:177    .text.SystemClock_Config:0000000000000000 SystemClock_Config
/var/folders/xf/tcndk8390ml5xdpfw93qkhpm0000gn/T//ccpDMh5k.s:161    .text.main:00000000000000a0 $d
/var/folders/xf/tcndk8390ml5xdpfw93qkhpm0000gn/T//ccpDMh5k.s:171    .text.SystemClock_Config:0000000000000000 $t
/var/folders/xf/tcndk8390ml5xdpfw93qkhpm0000gn/T//ccpDMh5k.s:347    .text.Error_Handler:0000000000000000 Error_Handler
/var/folders/xf/tcndk8390ml5xdpfw93qkhpm0000gn/T//ccpDMh5k.s:336    .text.SystemClock_Config:00000000000000e0 $d
/var/folders/xf/tcndk8390ml5xdpfw93qkhpm0000gn/T//ccpDMh5k.s:341    .text.Error_Handler:0000000000000000 $t

UNDEFINED SYMBOLS
HAL_Init
MX_GPIO_Init
MX_FDCAN1_Init
MX_USB_DEVICE_Init
MX_TIM1_Init
MX_DMA_Init
MX_USART2_UART_Init
FDCAN_filter_init
HAL_FDCAN_Start
HAL_FDCAN_ActivateNotification
HAL_TIM_Base_Start_IT
HAL_UART_Receive_IT
Chassis_Deinit
hfdcan1
htim1
uart2_rx_buf
huart2
txHeader
memset
HAL_PWREx_ConfigSupply
HAL_RCC_OscConfig
HAL_RCC_ClockConfig
