Archive member included to satisfy reference by file (symbol)

e:/user/bigai/gcc_arm_none_eabi/bin/../lib/gcc/arm-none-eabi/10.3.1/../../../../arm-none-eabi/lib/thumb/v7e-m+dp/hard\libc_nano.a(lib_a-exit.o)
                              e:/user/bigai/gcc_arm_none_eabi/bin/../lib/gcc/arm-none-eabi/10.3.1/../../../../arm-none-eabi/lib/thumb/v7e-m+dp/hard/crt0.o (exit)
e:/user/bigai/gcc_arm_none_eabi/bin/../lib/gcc/arm-none-eabi/10.3.1/../../../../arm-none-eabi/lib/thumb/v7e-m+dp/hard\libc_nano.a(lib_a-impure.o)
                              e:/user/bigai/gcc_arm_none_eabi/bin/../lib/gcc/arm-none-eabi/10.3.1/../../../../arm-none-eabi/lib/thumb/v7e-m+dp/hard\libc_nano.a(lib_a-exit.o) (_global_impure_ptr)
e:/user/bigai/gcc_arm_none_eabi/bin/../lib/gcc/arm-none-eabi/10.3.1/../../../../arm-none-eabi/lib/thumb/v7e-m+dp/hard\libc_nano.a(lib_a-init.o)
                              e:/user/bigai/gcc_arm_none_eabi/bin/../lib/gcc/arm-none-eabi/10.3.1/../../../../arm-none-eabi/lib/thumb/v7e-m+dp/hard/crt0.o (__libc_init_array)
e:/user/bigai/gcc_arm_none_eabi/bin/../lib/gcc/arm-none-eabi/10.3.1/../../../../arm-none-eabi/lib/thumb/v7e-m+dp/hard\libc_nano.a(lib_a-memcpy-stub.o)
                              build/stm32h7xx_it.o (memcpy)
e:/user/bigai/gcc_arm_none_eabi/bin/../lib/gcc/arm-none-eabi/10.3.1/../../../../arm-none-eabi/lib/thumb/v7e-m+dp/hard\libc_nano.a(lib_a-memset.o)
                              e:/user/bigai/gcc_arm_none_eabi/bin/../lib/gcc/arm-none-eabi/10.3.1/../../../../arm-none-eabi/lib/thumb/v7e-m+dp/hard/crt0.o (memset)
e:/user/bigai/gcc_arm_none_eabi/bin/../lib/gcc/arm-none-eabi/10.3.1/../../../../arm-none-eabi/lib/thumb/v7e-m+dp/hard\libnosys.a(_exit.o)
                              e:/user/bigai/gcc_arm_none_eabi/bin/../lib/gcc/arm-none-eabi/10.3.1/../../../../arm-none-eabi/lib/thumb/v7e-m+dp/hard\libc_nano.a(lib_a-exit.o) (_exit)

Discarded input sections

 .text          0x00000000        0x0 e:/user/bigai/gcc_arm_none_eabi/bin/../lib/gcc/arm-none-eabi/10.3.1/thumb/v7e-m+dp/hard/crti.o
 .data          0x00000000        0x0 e:/user/bigai/gcc_arm_none_eabi/bin/../lib/gcc/arm-none-eabi/10.3.1/thumb/v7e-m+dp/hard/crti.o
 .bss           0x00000000        0x0 e:/user/bigai/gcc_arm_none_eabi/bin/../lib/gcc/arm-none-eabi/10.3.1/thumb/v7e-m+dp/hard/crti.o
 .data          0x00000000        0x4 e:/user/bigai/gcc_arm_none_eabi/bin/../lib/gcc/arm-none-eabi/10.3.1/thumb/v7e-m+dp/hard/crtbegin.o
 .rodata        0x00000000       0x24 e:/user/bigai/gcc_arm_none_eabi/bin/../lib/gcc/arm-none-eabi/10.3.1/thumb/v7e-m+dp/hard/crtbegin.o
 .text          0x00000000       0x7c e:/user/bigai/gcc_arm_none_eabi/bin/../lib/gcc/arm-none-eabi/10.3.1/../../../../arm-none-eabi/lib/thumb/v7e-m+dp/hard/crt0.o
 .data          0x00000000        0x0 e:/user/bigai/gcc_arm_none_eabi/bin/../lib/gcc/arm-none-eabi/10.3.1/../../../../arm-none-eabi/lib/thumb/v7e-m+dp/hard/crt0.o
 .bss           0x00000000        0x0 e:/user/bigai/gcc_arm_none_eabi/bin/../lib/gcc/arm-none-eabi/10.3.1/../../../../arm-none-eabi/lib/thumb/v7e-m+dp/hard/crt0.o
 .ARM.extab     0x00000000        0x0 e:/user/bigai/gcc_arm_none_eabi/bin/../lib/gcc/arm-none-eabi/10.3.1/../../../../arm-none-eabi/lib/thumb/v7e-m+dp/hard/crt0.o
 .ARM.exidx     0x00000000       0x10 e:/user/bigai/gcc_arm_none_eabi/bin/../lib/gcc/arm-none-eabi/10.3.1/../../../../arm-none-eabi/lib/thumb/v7e-m+dp/hard/crt0.o
 .ARM.attributes
                0x00000000       0x1c e:/user/bigai/gcc_arm_none_eabi/bin/../lib/gcc/arm-none-eabi/10.3.1/../../../../arm-none-eabi/lib/thumb/v7e-m+dp/hard/crt0.o
 .text          0x00000000        0x0 build/main.o
 .data          0x00000000        0x0 build/main.o
 .bss           0x00000000        0x0 build/main.o
 .text          0x00000000        0x0 build/gpio.o
 .data          0x00000000        0x0 build/gpio.o
 .bss           0x00000000        0x0 build/gpio.o
 .text          0x00000000        0x0 build/stm32h7xx_it.o
 .data          0x00000000        0x0 build/stm32h7xx_it.o
 .bss           0x00000000        0x0 build/stm32h7xx_it.o
 .text          0x00000000        0x0 build/stm32h7xx_hal_msp.o
 .data          0x00000000        0x0 build/stm32h7xx_hal_msp.o
 .bss           0x00000000        0x0 build/stm32h7xx_hal_msp.o
 .text          0x00000000        0x0 build/system_stm32h7xx.o
 .data          0x00000000        0x0 build/system_stm32h7xx.o
 .bss           0x00000000        0x0 build/system_stm32h7xx.o
 .text.SystemCoreClockUpdate
                0x00000000      0x2f4 build/system_stm32h7xx.o
 .text          0x00000000        0x0 build/iwdg.o
 .data          0x00000000        0x0 build/iwdg.o
 .bss           0x00000000        0x0 build/iwdg.o
 .bss.hiwdg1    0x00000000       0x10 build/iwdg.o
 .text.MX_IWDG1_Init
                0x00000000       0x3c build/iwdg.o
 .debug_info    0x00000000      0x1e5 build/iwdg.o
 .debug_abbrev  0x00000000      0x103 build/iwdg.o
 .debug_loc     0x00000000       0x2c build/iwdg.o
 .debug_aranges
[...]
Memory Configuration

Name             Origin             Length             Attributes
DTCMRAM          0x20000000         0x00020000         xrw
RAM_D1           0x24000000         0x00050000         xrw
RAM_D2           0x30000000         0x00008000         xrw
RAM_D3           0x38000000         0x00004000         xrw
ITCMRAM          0x00000000         0x00010000         xrw
FLASH            0x08000000         0x00100000         xr
*default*        0x00000000         0xffffffff

Linker script and memory map

LOAD e:/user/bigai/gcc_arm_none_eabi/bin/../lib/gcc/arm-none-eabi/10.3.1/thumb/v7e-m+dp/hard/crti.o
LOAD e:/user/bigai/gcc_arm_none_eabi/bin/../lib/gcc/arm-none-eabi/10.3.1/thumb/v7e-m+dp/hard/crtbegin.o
LOAD e:/user/bigai/gcc_arm_none_eabi/bin/../lib/gcc/arm-none-eabi/10.3.1/../../../../arm-none-eabi/lib/thumb/v7e-m+dp/hard/crt0.o
LOAD build/main.o
LOAD build/gpio.o
LOAD build/stm32h7xx_it.o
LOAD build/stm32h7xx_hal_msp.o
LOAD build/system_stm32h7xx.o
LOAD build/iwdg.o
LOAD build/stm32h7xx_hal_cortex.o
LOAD build/stm32h7xx_hal_iwdg.o
LOAD build/stm32h7xx_hal_rcc.o
LOAD build/stm32h7xx_hal_rcc_ex.o
LOAD build/stm32h7xx_hal_flash.o
LOAD build/stm32h7xx_hal_flash_ex.o
LOAD build/stm32h7xx_hal_gpio.o
LOAD build/stm32h7xx_hal_hsem.o
LOAD build/stm32h7xx_hal_dma.o
LOAD build/stm32h7xx_hal_dma_ex.o
LOAD build/stm32h7xx_hal_mdma.o
LOAD build/stm32h7xx_hal_pwr.o
LOAD build/stm32h7xx_hal_pwr_ex.o
LOAD build/stm32h7xx_hal.o
LOAD build/stm32h7xx_hal_i2c.o
LOAD build/stm32h7xx_hal_i2c_ex.o
LOAD build/stm32h7xx_hal_exti.o
LOAD build/stm32h7xx_hal_tim.o
LOAD build/stm32h7xx_hal_tim_ex.o
LOAD build/fdcan.o
LOAD build/stm32h7xx_hal_fdcan.o
LOAD build/fdcan_filter.o
LOAD build/syscalls.o
LOAD build/hollysys.o
LOAD build/motorevo.o
LOAD build/chassis.o
LOAD build/usb_device.o
LOAD build/usbd_desc.o
LOAD build/usbd_cdc_if.o
LOAD build/usbd_conf.o
LOAD build/stm32h7xx_hal_pcd.o
LOAD build/stm32h7xx_hal_pcd_ex.o
LOAD build/stm32h7xx_ll_usb.o
LOAD build/usbd_core.o
LOAD build/usbd_ctlreq.o
LOAD build/usbd_ioreq.o
LOAD build/usbd_cdc.o
LOAD build/startup_stm32h723xx.o
LOAD e:/user/bigai/gcc_arm_none_eabi/bin/../lib/gcc/arm-none-eabi/10.3.1/../../../../arm-none-eabi/lib/thumb/v7e-m+dp/hard\libc_nano.a
LOAD e:/user/bigai/gcc_arm_none_eabi/bin/../lib/gcc/arm-none-eabi/10.3.1/../../../../arm-none-eabi/lib/thumb/v7e-m+dp/hard\libm.a
LOAD e:/user/bigai/gcc_arm_none_eabi/bin/../lib/gcc/arm-none-eabi/10.3.1/../../../../arm-none-eabi/lib/thumb/v7e-m+dp/hard\libnosys.a
START GROUP
LOAD e:/user/bigai/gcc_arm_none_eabi/bin/../lib/gcc/arm-none-eabi/10.3.1/thumb/v7e-m+dp/hard\libgcc.a
LOAD e:/user/bigai/gcc_arm_none_eabi/bin/../lib/gcc/arm-none-eabi/10.3.1/../../../../arm-none-eabi/lib/thumb/v7e-m+dp/hard\libc_nano.a
END GROUP
START GROUP
LOAD e:/user/bigai/gcc_arm_none_eabi/bin/../lib/gcc/arm-none-eabi/10.3.1/thumb/v7e-m+dp/hard\libgcc.a
LOAD e:/user/bigai/gcc_arm_none_eabi/bin/../lib/gcc/arm-none-eabi/10.3.1/../../../../arm-none-eabi/lib/thumb/v7e-m+dp/hard\libc_nano.a
END GROUP
LOAD e:/user/bigai/gcc_arm_none_eabi/bin/../lib/gcc/arm-none-eabi/10.3.1/thumb/v7e-m+dp/hard/crtend.o
LOAD e:/user/bigai/gcc_arm_none_eabi/bin/../lib/gcc/arm-none-eabi/10.3.1/thumb/v7e-m+dp/hard/crtn.o
                0x20020000                _estack = (ORIGIN (DTCMRAM) + LENGTH (DTCMRAM))
                0x00000200                _Min_Heap_Size = 0x200
                0x00000400                _Min_Stack_Size = 0x400

.isr_vector     0x08000000      0x2cc
                0x08000000                . = ALIGN (0x4)
 *(.isr_vector)
 .isr_vector    0x08000000      0x2cc build/startup_stm32h723xx.o
                0x08000000                g_pfnVectors
                0x080002cc                . = ALIGN (0x4)

.text           0x080002d0     0xa970
                0x080002d0                . = ALIGN (0x4)
 *(.text)
 .text          0x080002d0       0x40 e:/user/bigai/gcc_arm_none_eabi/bin/../lib/gcc/arm-none-eabi/10.3.1/thumb/v7e-m+dp/hard/crtbegin.o
 *(.text*)
 .text.main     0x08000310      0x26c build/main.o
                0x08000310                main
 .text.SystemClock_Config
                0x0800057c       0xe4 build/main.o
                0x0800057c                SystemClock_Config
 .text.MPU_Config
                0x08000660       0x58 build/main.o
 .text.Error_Handler
                0x080006b8        0xa build/main.o
                0x080006b8                Error_Handler
 *fill*         0x080006c2        0x2 
 .text.MX_GPIO_Init
                0x080006c4       0x70 build/gpio.o
                0x080006c4                MX_GPIO_Init
 .text.NMI_Handler
                0x08000734        0x6 build/stm32h7xx_it.o
                0x08000734                NMI_Handler
 .text.HardFault_Handler
                0x0800073a        0x6 build/stm32h7xx_it.o
                0x0800073a                HardFault_Handler
 .text.MemManage_Handler
                0x08000740        0x6 build/stm32h7xx_it.o
                0x08000740                MemManage_Handler
 .text.BusFault_Handler
                0x08000746        0x6 build/stm32h7xx_it.o
                0x08000746                BusFault_Handler
 .text.UsageFault_Handler
                0x0800074c        0x6 build/stm32h7xx_it.o
                0x0800074c                UsageFault_Handler
 .text.SVC_Handler
                0x08000752        0xe build/stm32h7xx_it.o
                0x08000752                SVC_Handler
 .text.DebugMon_Handler
                0x08000760        0xe build/stm32h7xx_it.o
                0x08000760                DebugMon_Handler
 .text.PendSV_Handler
                0x0800076e        0xe build/stm32h7xx_it.o
                0x0800076e                PendSV_Handler
 .text.SysTick_Handler
                0x0800077c        0xc build/stm32h7xx_it.o
                0x0800077c                SysTick_Handler
 .text.FDCAN1_IT0_IRQHandler
                0x08000788       0x14 build/stm32h7xx_it.o
                0x08000788                FDCAN1_IT0_IRQHandler
 .text.FDCAN1_IT1_IRQHandler
                0x0800079c       0x14 build/stm32h7xx_it.o
                0x0800079c                FDCAN1_IT1_IRQHandler
 .text.OTG_HS_IRQHandler
                0x080007b0       0x14 build/stm32h7xx_it.o
                0x080007b0                OTG_HS_IRQHandler
 .text.HAL_FDCAN_RxFifo0Callback
                0x080007c4       0xec build/stm32h7xx_it.o
                0x080007c4                HAL_FDCAN_RxFifo0Callback
 .text.HAL_MspInit
                0x080008b0       0x34 build/stm32h7xx_hal_msp.o
                0x080008b0                HAL_MspInit
 .text.SystemInit
                0x080008e4       0xf0 build/system_stm32h7xx.o
                0x080008e4                SystemInit
 .text.__NVIC_SetPriorityGrouping
                0x080009d4       0x48 build/stm32h7xx_hal_cortex.o
 .text.__NVIC_GetPriorityGrouping
                0x08000a1c       0x1c build/stm32h7xx_hal_cortex.o
 .text.__NVIC_EnableIRQ
                0x08000a38       0x3c build/stm32h7xx_hal_cortex.o
 .text.__NVIC_SetPriority
                0x08000a74       0x54 build/stm32h7xx_hal_cortex.o
 .text.NVIC_EncodePriority
                0x08000ac8       0x66 build/stm32h7xx_hal_cortex.o
 *fill*         0x08000b2e        0x2 
 .text.SysTick_Config
                0x08000b30       0x44 build/stm32h7xx_hal_cortex.o
 .text.HAL_NVIC_SetPriorityGrouping
                0x08000b74       0x16 build/stm32h7xx_hal_cortex.o
                0x08000b74                HAL_NVIC_SetPriorityGrouping
 .text.HAL_NVIC_SetPriority
                0x08000b8a       0x34 build/stm32h7xx_hal_cortex.o
                0x08000b8a                HAL_NVIC_SetPriority
 .text.HAL_NVIC_EnableIRQ
                0x08000bbe       0x1c build/stm32h7xx_hal_cortex.o
                0x08000bbe                HAL_NVIC_EnableIRQ
 .text.HAL_SYSTICK_Config
                0x08000bda       0x18 build/stm32h7xx_hal_cortex.o
                0x08000bda                HAL_SYSTICK_Config
 *fill*         0x08000bf2        0x2 
 .text.HAL_MPU_Disable
                0x08000bf4       0x30 build/stm32h7xx_hal_cortex.o
                0x08000bf4                HAL_MPU_Disable
 .text.HAL_MPU_Enable
                0x08000c24       0x40 build/stm32h7xx_hal_cortex.o
                0x08000c24                HAL_MPU_Enable
 .text.HAL_MPU_ConfigRegion
                0x08000c64       0x88 build/stm32h7xx_hal_cortex.o
                0x08000c64                HAL_MPU_ConfigRegion
 .text.HAL_RCC_OscConfig
                0x08000cec      0x75c build/stm32h7xx_hal_rcc.o
                0x08000cec                HAL_RCC_OscConfig
 .text.HAL_RCC_ClockConfig
                0x08001448      0x36c build/stm32h7xx_hal_rcc.o
                0x08001448                HAL_RCC_ClockConfig
 .text.HAL_RCC_GetSysClockFreq
                0x080017b4      0x2f4 build/stm32h7xx_hal_rcc.o
                0x080017b4                HAL_RCC_GetSysClockFreq
 .text.HAL_RCC_GetHCLKFreq
                0x08001aa8       0x60 build/stm32h7xx_hal_rcc.o
                0x08001aa8                HAL_RCC_GetHCLKFreq
 .text.HAL_RCCEx_PeriphCLKConfig
                0x08001b08      0xdf4 build/stm32h7xx_hal_rcc_ex.o
                0x08001b08                HAL_RCCEx_PeriphCLKConfig
 .text.RCCEx_PLL2_Config
                0x080028fc      0x164 build/stm32h7xx_hal_rcc_ex.o
 .text.RCCEx_PLL3_Config
                0x08002a60      0x164 build/stm32h7xx_hal_rcc_ex.o
 .text.HAL_GPIO_Init
                0x08002bc4      0x350 build/stm32h7xx_hal_gpio.o
                0x08002bc4                HAL_GPIO_Init
 .text.HAL_PWREx_ConfigSupply
                0x08002f14       0x74 build/stm32h7xx_hal_pwr_ex.o
                0x08002f14                HAL_PWREx_ConfigSupply
 .text.HAL_PWREx_EnableUSBVoltageDetector
                0x08002f88       0x20 build/stm32h7xx_hal_pwr_ex.o
                0x08002f88                HAL_PWREx_EnableUSBVoltageDetector
 .text.HAL_Init
                0x08002fa8       0x78 build/stm32h7xx_hal.o
                0x08002fa8                HAL_Init
 .text.HAL_InitTick
                0x08003020       0x6c build/stm32h7xx_hal.o
                0x08003020                HAL_InitTick
 .text.HAL_IncTick
                0x0800308c       0x28 build/stm32h7xx_hal.o
                0x0800308c                HAL_IncTick
 .text.HAL_GetTick
                0x080030b4       0x18 build/stm32h7xx_hal.o
                0x080030b4                HAL_GetTick
 .text.HAL_Delay
                0x080030cc       0x48 build/stm32h7xx_hal.o
                0x080030cc                HAL_Delay
 .text.MX_FDCAN1_Init
                0x08003114       0xc8 build/fdcan.o
                0x08003114                MX_FDCAN1_Init
 .text.HAL_FDCAN_MspInit
                0x080031dc       0xec build/fdcan.o
                0x080031dc                HAL_FDCAN_MspInit
 .text.HAL_FDCAN_Init
                0x080032c8      0x3bc build/stm32h7xx_hal_fdcan.o
                0x080032c8                HAL_FDCAN_Init
 .text.HAL_FDCAN_ConfigFilter
                0x08003684       0xec build/stm32h7xx_hal_fdcan.o
                0x08003684                HAL_FDCAN_ConfigFilter
 .text.HAL_FDCAN_Start
                0x08003770       0x56 build/stm32h7xx_hal_fdcan.o
                0x08003770                HAL_FDCAN_Start
 .text.HAL_FDCAN_AddMessageToTxFifoQ
                0x080037c6       0xb6 build/stm32h7xx_hal_fdcan.o
                0x080037c6                HAL_FDCAN_AddMessageToTxFifoQ
 .text.HAL_FDCAN_GetRxMessage
                0x0800387c      0x2dc build/stm32h7xx_hal_fdcan.o
                0x0800387c                HAL_FDCAN_GetRxMessage
 .text.HAL_FDCAN_GetTxFifoFreeLevel
                0x08003b58       0x24 build/stm32h7xx_hal_fdcan.o
                0x08003b58                HAL_FDCAN_GetTxFifoFreeLevel
 .text.HAL_FDCAN_ActivateNotification
                0x08003b7c       0xf4 build/stm32h7xx_hal_fdcan.o
                0x08003b7c                HAL_FDCAN_ActivateNotification
 .text.HAL_FDCAN_IRQHandler
                0x08003c70      0x4bc build/stm32h7xx_hal_fdcan.o
                0x08003c70                HAL_FDCAN_IRQHandler
 .text.HAL_FDCAN_ClockCalibrationCallback
                0x0800412c       0x16 build/stm32h7xx_hal_fdcan.o
                0x0800412c                HAL_FDCAN_ClockCalibrationCallback
 .text.HAL_FDCAN_TxEventFifoCallback
                0x08004142       0x16 build/stm32h7xx_hal_fdcan.o
                0x08004142                HAL_FDCAN_TxEventFifoCallback
 .text.HAL_FDCAN_RxFifo1Callback
                0x08004158       0x16 build/stm32h7xx_hal_fdcan.o
                0x08004158                HAL_FDCAN_RxFifo1Callback
 .text.HAL_FDCAN_TxFifoEmptyCallback
                0x0800416e       0x14 build/stm32h7xx_hal_fdcan.o
                0x0800416e                HAL_FDCAN_TxFifoEmptyCallback
 .text.HAL_FDCAN_TxBufferCompleteCallback
                0x08004182       0x16 build/stm32h7xx_hal_fdcan.o
                0x08004182                HAL_FDCAN_TxBufferCompleteCallback
 .text.HAL_FDCAN_TxBufferAbortCallback
                0x08004198       0x16 build/stm32h7xx_hal_fdcan.o
                0x08004198                HAL_FDCAN_TxBufferAbortCallback
 .text.HAL_FDCAN_RxBufferNewMessageCallback
                0x080041ae       0x14 build/stm32h7xx_hal_fdcan.o
                0x080041ae                HAL_FDCAN_RxBufferNewMessageCallback
 .text.HAL_FDCAN_TimestampWraparoundCallback
                0x080041c2       0x14 build/stm32h7xx_hal_fdcan.o
                0x080041c2                HAL_FDCAN_TimestampWraparoundCallback
 .text.HAL_FDCAN_TimeoutOccurredCallback
                0x080041d6       0x14 build/stm32h7xx_hal_fdcan.o
                0x080041d6                HAL_FDCAN_TimeoutOccurredCallback
 .text.HAL_FDCAN_HighPriorityMessageCallback
                0x080041ea       0x14 build/stm32h7xx_hal_fdcan.o
                0x080041ea                HAL_FDCAN_HighPriorityMessageCallback
 .text.HAL_FDCAN_ErrorCallback
                0x080041fe       0x14 build/stm32h7xx_hal_fdcan.o
                0x080041fe                HAL_FDCAN_ErrorCallback
 .text.HAL_FDCAN_ErrorStatusCallback
                0x08004212       0x16 build/stm32h7xx_hal_fdcan.o
                0x08004212                HAL_FDCAN_ErrorStatusCallback
 .text.HAL_FDCAN_TT_ScheduleSyncCallback
                0x08004228       0x16 build/stm32h7xx_hal_fdcan.o
                0x08004228                HAL_FDCAN_TT_ScheduleSyncCallback
 .text.HAL_FDCAN_TT_TimeMarkCallback
                0x0800423e       0x16 build/stm32h7xx_hal_fdcan.o
                0x0800423e                HAL_FDCAN_TT_TimeMarkCallback
 .text.HAL_FDCAN_TT_StopWatchCallback
                0x08004254       0x18 build/stm32h7xx_hal_fdcan.o
                0x08004254                HAL_FDCAN_TT_StopWatchCallback
 .text.HAL_FDCAN_TT_GlobalTimeCallback
                0x0800426c       0x16 build/stm32h7xx_hal_fdcan.o
                0x0800426c                HAL_FDCAN_TT_GlobalTimeCallback
 *fill*         0x08004282        0x2 
 .text.FDCAN_CalcultateRamBlockAddresses
                0x08004284      0x30c build/stm32h7xx_hal_fdcan.o
 .text.FDCAN_CopyMessageToRAM
                0x08004590       0xfc build/stm32h7xx_hal_fdcan.o
 .text.FDCAN_filter_init
                0x0800468c       0x40 build/fdcan_filter.o
                0x0800468c                FDCAN_filter_init
 .text.Hollysys_CAN_Send
                0x080046cc       0x30 build/hollysys.o
                0x080046cc                Hollysys_CAN_Send
 .text.Hollysys_startup
                0x080046fc       0x84 build/hollysys.o
                0x080046fc                Hollysys_startup
 .text.Hollysys_closedown
                0x08004780       0x58 build/hollysys.o
                0x08004780                Hollysys_closedown
 .text.Hollysys_enable_A
                0x080047d8       0x58 build/hollysys.o
                0x080047d8                Hollysys_enable_A
 .text.Hollysys_enable_B
                0x08004830       0x58 build/hollysys.o
                0x08004830                Hollysys_enable_B
 .text.Hollysys_disable_A
                0x08004888       0x58 build/hollysys.o
                0x08004888                Hollysys_disable_A
 .text.Hollysys_disable_B
                0x080048e0       0x58 build/hollysys.o
                0x080048e0                Hollysys_disable_B
 .text.Hollysys_Contol_Mode_SET
                0x08004938       0x60 build/hollysys.o
                0x08004938                Hollysys_Contol_Mode_SET
 .text.Hollysys_CANopen_Activate
                0x08004998       0x2c build/hollysys.o
                0x08004998                Hollysys_CANopen_Activate
 .text.Hollysys_SDO_Write_OD
                0x080049c4       0x84 build/hollysys.o
                0x080049c4                Hollysys_SDO_Write_OD
 .text.Hollysys_CANopen_PV_Init
                0x08004a48       0x80 build/hollysys.o
                0x08004a48                Hollysys_CANopen_PV_Init
 .text.Hollysys_CANopen_PV_setspd
                0x08004ac8       0x26 build/hollysys.o
                0x08004ac8                Hollysys_CANopen_PV_setspd
 *fill*         0x08004aee        0x2 
 .text.Hollysys_Setspdcmd
                0x08004af0       0x28 build/hollysys.o
                0x08004af0                Hollysys_Setspdcmd
 .text.Hollysys_Update
                0x08004b18       0x40 build/hollysys.o
                0x08004b18                Hollysys_Update
 .text.map_u16_to_float
                0x08004b58       0x60 build/motorevo.o
                0x08004b58                map_u16_to_float
 .text.map_u12_to_float
                0x08004bb8       0x60 build/motorevo.o
                0x08004bb8                map_u12_to_float
 .text.map_float_to_u8
                0x08004c18       0x90 build/motorevo.o
                0x08004c18                map_float_to_u8
 .text.map_float_to_u16
                0x08004ca8       0x90 build/motorevo.o
                0x08004ca8                map_float_to_u16
 .text.Motorevo_init
                0x08004d38      0x144 build/motorevo.o
                0x08004d38                Motorevo_init
 .text.Motorevo_CAN_Send
                0x08004e7c       0x2c build/motorevo.o
                0x08004e7c                Motorevo_CAN_Send
 .text.Motorevo_SetPos
                0x08004ea8       0x8c build/motorevo.o
                0x08004ea8                Motorevo_SetPos
 .text.Motorevo_Update
                0x08004f34       0x5c build/motorevo.o
                0x08004f34                Motorevo_Update
 .text.Motorevo_SetPos_cmd
                0x08004f90       0x44 build/motorevo.o
                0x08004f90                Motorevo_SetPos_cmd
 .text.Motorevo_Update_State
                0x08004fd4      0x190 build/motorevo.o
                0x08004fd4                Motorevo_Update_State
 .text.Motorevo_Reset
                0x08005164       0x24 build/motorevo.o
                0x08005164                Motorevo_Reset
 .text.Motorevo_Activate
                0x08005188       0x24 build/motorevo.o
                0x08005188                Motorevo_Activate
 .text.Chassis_Init
                0x080051ac       0xac build/chassis.o
                0x080051ac                Chassis_Init
 .text.Chassis_Set_drive_spd
                0x08005258       0x54 build/chassis.o
                0x08005258                Chassis_Set_drive_spd
 .text.Chassis_Update
                0x080052ac        0xc build/chassis.o
                0x080052ac                Chassis_Update
 .text.Chassis_Deinit
                0x080052b8       0x7c build/chassis.o
                0x080052b8                Chassis_Deinit
 .text.MX_USB_DEVICE_Init
                0x08005334       0x64 build/usb_device.o
                0x08005334                MX_USB_DEVICE_Init
 .text.USBD_HS_DeviceDescriptor
                0x08005398       0x24 build/usbd_desc.o
                0x08005398                USBD_HS_DeviceDescriptor
 .text.USBD_HS_LangIDStrDescriptor
                0x080053bc       0x24 build/usbd_desc.o
                0x080053bc                USBD_HS_LangIDStrDescriptor
 .text.USBD_HS_ProductStrDescriptor
                0x080053e0       0x3c build/usbd_desc.o
                0x080053e0                USBD_HS_ProductStrDescriptor
 .text.USBD_HS_ManufacturerStrDescriptor
                0x0800541c       0x28 build/usbd_desc.o
                0x0800541c                USBD_HS_ManufacturerStrDescriptor
 .text.USBD_HS_SerialStrDescriptor
                0x08005444       0x24 build/usbd_desc.o
                0x08005444                USBD_HS_SerialStrDescriptor
 .text.USBD_HS_ConfigStrDescriptor
                0x08005468       0x3c build/usbd_desc.o
                0x08005468                USBD_HS_ConfigStrDescriptor
 .text.USBD_HS_InterfaceStrDescriptor
                0x080054a4       0x3c build/usbd_desc.o
                0x080054a4                USBD_HS_InterfaceStrDescriptor
 .text.Get_SerialNum
                0x080054e0       0x58 build/usbd_desc.o
 .text.IntToUnicode
                0x08005538       0x7e build/usbd_desc.o
 *fill*         0x080055b6        0x2 
 .text.CDC_Init_HS
                0x080055b8       0x28 build/usbd_cdc_if.o
 .text.CDC_DeInit_HS
                0x080055e0       0x10 build/usbd_cdc_if.o
 .text.CDC_Control_HS
                0x080055f0       0xbc build/usbd_cdc_if.o
 .text.CDC_Receive_HS
                0x080056ac       0x34 build/usbd_cdc_if.o
 .text.CDC_Transmit_HS
                0x080056e0       0x4c build/usbd_cdc_if.o
                0x080056e0                CDC_Transmit_HS
 .text.CDC_TransmitCplt_HS
                0x0800572c       0x22 build/usbd_cdc_if.o
 *fill*         0x0800574e        0x2 
 .text.HAL_PCD_MspInit
                0x08005750       0x84 build/usbd_conf.o
                0x08005750                HAL_PCD_MspInit
 .text.HAL_PCD_SetupStageCallback
                0x080057d4       0x24 build/usbd_conf.o
                0x080057d4                HAL_PCD_SetupStageCallback
 .text.HAL_PCD_DataOutStageCallback
                0x080057f8       0x36 build/usbd_conf.o
                0x080057f8                HAL_PCD_DataOutStageCallback
 .text.HAL_PCD_DataInStageCallback
                0x0800582e       0x34 build/usbd_conf.o
                0x0800582e                HAL_PCD_DataInStageCallback
 .text.HAL_PCD_SOFCallback
                0x08005862       0x1c build/usbd_conf.o
                0x08005862                HAL_PCD_SOFCallback
 .text.HAL_PCD_ResetCallback
                0x0800587e       0x50 build/usbd_conf.o
                0x0800587e                HAL_PCD_ResetCallback
 *fill*         0x080058ce        0x2 
 .text.HAL_PCD_SuspendCallback
                0x080058d0       0x4c build/usbd_conf.o
                0x080058d0                HAL_PCD_SuspendCallback
 .text.HAL_PCD_ResumeCallback
                0x0800591c       0x1c build/usbd_conf.o
                0x0800591c                HAL_PCD_ResumeCallback
 .text.HAL_PCD_ISOOUTIncompleteCallback
                0x08005938       0x24 build/usbd_conf.o
                0x08005938                HAL_PCD_ISOOUTIncompleteCallback
 .text.HAL_PCD_ISOINIncompleteCallback
                0x0800595c       0x24 build/usbd_conf.o
                0x0800595c                HAL_PCD_ISOINIncompleteCallback
 .text.HAL_PCD_ConnectCallback
                0x08005980       0x1c build/usbd_conf.o
                0x08005980                HAL_PCD_ConnectCallback
 .text.HAL_PCD_DisconnectCallback
                0x0800599c       0x1c build/usbd_conf.o
                0x0800599c                HAL_PCD_DisconnectCallback
 .text.USBD_LL_Init
                0x080059b8       0xa4 build/usbd_conf.o
                0x080059b8                USBD_LL_Init
 .text.USBD_LL_Start
                0x08005a5c       0x36 build/usbd_conf.o
                0x08005a5c                USBD_LL_Start
 .text.USBD_LL_OpenEP
                0x08005a92       0x4c build/usbd_conf.o
                0x08005a92                USBD_LL_OpenEP
 .text.USBD_LL_CloseEP
                0x08005ade       0x3e build/usbd_conf.o
                0x08005ade                USBD_LL_CloseEP
 .text.USBD_LL_StallEP
                0x08005b1c       0x3e build/usbd_conf.o
                0x08005b1c                USBD_LL_StallEP
 .text.USBD_LL_ClearStallEP
                0x08005b5a       0x3e build/usbd_conf.o
                0x08005b5a                USBD_LL_ClearStallEP
 .text.USBD_LL_IsStallEP
                0x08005b98       0x58 build/usbd_conf.o
                0x08005b98                USBD_LL_IsStallEP
 .text.USBD_LL_SetUSBAddress
                0x08005bf0       0x3e build/usbd_conf.o
                0x08005bf0                USBD_LL_SetUSBAddress
 .text.USBD_LL_Transmit
                0x08005c2e       0x42 build/usbd_conf.o
                0x08005c2e                USBD_LL_Transmit
 .text.USBD_LL_PrepareReceive
                0x08005c70       0x42 build/usbd_conf.o
                0x08005c70                USBD_LL_PrepareReceive
 .text.USBD_LL_GetRxDataSize
                0x08005cb2       0x26 build/usbd_conf.o
                0x08005cb2                USBD_LL_GetRxDataSize
 .text.USBD_static_malloc
                0x08005cd8       0x1c build/usbd_conf.o
                0x08005cd8                USBD_static_malloc
 .text.USBD_static_free
                0x08005cf4       0x14 build/usbd_conf.o
                0x08005cf4                USBD_static_free
 .text.USBD_Get_USB_Status
                0x08005d08       0x58 build/usbd_conf.o
                0x08005d08                USBD_Get_USB_Status
 .text.HAL_PCD_Init
                0x08005d60      0x248 build/stm32h7xx_hal_pcd.o
                0x08005d60                HAL_PCD_Init
 .text.HAL_PCD_Start
                0x08005fa8       0x66 build/stm32h7xx_hal_pcd.o
                0x08005fa8                HAL_PCD_Start
 .text.HAL_PCD_IRQHandler
                0x0800600e      0x998 build/stm32h7xx_hal_pcd.o
                0x0800600e                HAL_PCD_IRQHandler
 .text.HAL_PCD_SetAddress
                0x080069a6       0x4a build/stm32h7xx_hal_pcd.o
                0x080069a6                HAL_PCD_SetAddress
 .text.HAL_PCD_EP_Open
                0x080069f0       0xd0 build/stm32h7xx_hal_pcd.o
                0x080069f0                HAL_PCD_EP_Open
 .text.HAL_PCD_EP_Close
                0x08006ac0       0x94 build/stm32h7xx_hal_pcd.o
                0x08006ac0                HAL_PCD_EP_Close
 .text.HAL_PCD_EP_Receive
                0x08006b54       0x96 build/stm32h7xx_hal_pcd.o
                0x08006b54                HAL_PCD_EP_Receive
 .text.HAL_PCD_EP_GetRxCount
                0x08006bea       0x30 build/stm32h7xx_hal_pcd.o
                0x08006bea                HAL_PCD_EP_GetRxCount
 .text.HAL_PCD_EP_Transmit
                0x08006c1a       0x94 build/stm32h7xx_hal_pcd.o
                0x08006c1a                HAL_PCD_EP_Transmit
 .text.HAL_PCD_EP_SetStall
                0x08006cae       0xc8 build/stm32h7xx_hal_pcd.o
                0x08006cae                HAL_PCD_EP_SetStall
 .text.HAL_PCD_EP_ClrStall
                0x08006d76       0xac build/stm32h7xx_hal_pcd.o
                0x08006d76                HAL_PCD_EP_ClrStall
 .text.HAL_PCD_EP_Abort
                0x08006e22       0x62 build/stm32h7xx_hal_pcd.o
                0x08006e22                HAL_PCD_EP_Abort
 .text.PCD_WriteEmptyTxFifo
                0x08006e84      0x11a build/stm32h7xx_hal_pcd.o
 *fill*         0x08006f9e        0x2 
 .text.PCD_EP_OutXfrComplete_int
                0x08006fa0      0x1d0 build/stm32h7xx_hal_pcd.o
 .text.PCD_EP_OutSetupPacket_int
                0x08007170       0x8c build/stm32h7xx_hal_pcd.o
 .text.HAL_PCDEx_SetTxFiFo
                0x080071fc       0x8e build/stm32h7xx_hal_pcd_ex.o
                0x080071fc                HAL_PCDEx_SetTxFiFo
 .text.HAL_PCDEx_SetRxFiFo
                0x0800728a       0x22 build/stm32h7xx_hal_pcd_ex.o
                0x0800728a                HAL_PCDEx_SetRxFiFo
 .text.HAL_PCDEx_ActivateLPM
                0x080072ac       0x48 build/stm32h7xx_hal_pcd_ex.o
                0x080072ac                HAL_PCDEx_ActivateLPM
 .text.HAL_PCDEx_LPM_Callback
                0x080072f4       0x18 build/stm32h7xx_hal_pcd_ex.o
                0x080072f4                HAL_PCDEx_LPM_Callback
 .text.USB_CoreInit
                0x0800730c       0xdc build/stm32h7xx_ll_usb.o
                0x0800730c                USB_CoreInit
 .text.USB_SetTurnaroundTime
                0x080073e8      0x144 build/stm32h7xx_ll_usb.o
                0x080073e8                USB_SetTurnaroundTime
 .text.USB_EnableGlobalInt
                0x0800752c       0x22 build/stm32h7xx_ll_usb.o
                0x0800752c                USB_EnableGlobalInt
 .text.USB_DisableGlobalInt
                0x0800754e       0x22 build/stm32h7xx_ll_usb.o
                0x0800754e                USB_DisableGlobalInt
 .text.USB_SetCurrentMode
                0x08007570       0x98 build/stm32h7xx_ll_usb.o
                0x08007570                USB_SetCurrentMode
 .text.USB_DevInit
                0x08007608      0x2bc build/stm32h7xx_ll_usb.o
                0x08007608                USB_DevInit
 .text.USB_FlushTxFifo
                0x080078c4       0x68 build/stm32h7xx_ll_usb.o
                0x080078c4                USB_FlushTxFifo
 .text.USB_FlushRxFifo
                0x0800792c       0x60 build/stm32h7xx_ll_usb.o
                0x0800792c                USB_FlushRxFifo
 .text.USB_SetDevSpeed
                0x0800798c       0x32 build/stm32h7xx_ll_usb.o
                0x0800798c                USB_SetDevSpeed
 .text.USB_GetDevSpeed
                0x080079be       0x4a build/stm32h7xx_ll_usb.o
                0x080079be                USB_GetDevSpeed
 .text.USB_ActivateEndpoint
                0x08007a08      0x110 build/stm32h7xx_ll_usb.o
                0x08007a08                USB_ActivateEndpoint
 .text.USB_DeactivateEndpoint
                0x08007b18      0x1b8 build/stm32h7xx_ll_usb.o
                0x08007b18                USB_DeactivateEndpoint
 .text.USB_EPStartXfer
                0x08007cd0      0x4a0 build/stm32h7xx_ll_usb.o
                0x08007cd0                USB_EPStartXfer
 .text.USB_EP0StartXfer
                0x08008170      0x2b8 build/stm32h7xx_ll_usb.o
                0x08008170                USB_EP0StartXfer
 .text.USB_EPStopXfer
                0x08008428      0x154 build/stm32h7xx_ll_usb.o
                0x08008428                USB_EPStopXfer
 .text.USB_WritePacket
                0x0800857c       0x7c build/stm32h7xx_ll_usb.o
                0x0800857c                USB_WritePacket
 .text.USB_ReadPacket
                0x080085f8       0xb0 build/stm32h7xx_ll_usb.o
                0x080085f8                USB_ReadPacket
 .text.USB_EPSetStall
                0x080086a8       0xdc build/stm32h7xx_ll_usb.o
                0x080086a8                USB_EPSetStall
 .text.USB_EPClearStall
                0x08008784       0xcc build/stm32h7xx_ll_usb.o
                0x08008784                USB_EPClearStall
 .text.USB_SetDevAddress
                0x08008850       0x4c build/stm32h7xx_ll_usb.o
                0x08008850                USB_SetDevAddress
 .text.USB_DevConnect
                0x0800889c       0x42 build/stm32h7xx_ll_usb.o
                0x0800889c                USB_DevConnect
 .text.USB_DevDisconnect
                0x080088de       0x42 build/stm32h7xx_ll_usb.o
                0x080088de                USB_DevDisconnect
 .text.USB_ReadInterrupts
                0x08008920       0x26 build/stm32h7xx_ll_usb.o
                0x08008920                USB_ReadInterrupts
 .text.USB_ReadDevAllOutEpInterrupt
                0x08008946       0x34 build/stm32h7xx_ll_usb.o
                0x08008946                USB_ReadDevAllOutEpInterrupt
 .text.USB_ReadDevAllInEpInterrupt
                0x0800897a       0x34 build/stm32h7xx_ll_usb.o
                0x0800897a                USB_ReadDevAllInEpInterrupt
 .text.USB_ReadDevOutEPInterrupt
                0x080089ae       0x3c build/stm32h7xx_ll_usb.o
                0x080089ae                USB_ReadDevOutEPInterrupt
 .text.USB_ReadDevInEPInterrupt
                0x080089ea       0x5c build/stm32h7xx_ll_usb.o
                0x080089ea                USB_ReadDevInEPInterrupt
 .text.USB_GetMode
                0x08008a46       0x1c build/stm32h7xx_ll_usb.o
                0x08008a46                USB_GetMode
 *fill*         0x08008a62        0x2 
 .text.USB_ActivateSetup
                0x08008a64       0x48 build/stm32h7xx_ll_usb.o
                0x08008a64                USB_ActivateSetup
 .text.USB_EP0_OutStart
                0x08008aac       0xbc build/stm32h7xx_ll_usb.o
                0x08008aac                USB_EP0_OutStart
 .text.USB_CoreReset
                0x08008b68       0x68 build/stm32h7xx_ll_usb.o
 .text.USBD_Init
                0x08008bd0       0x60 build/usbd_core.o
                0x08008bd0                USBD_Init
 .text.USBD_RegisterClass
                0x08008c30       0x6c build/usbd_core.o
                0x08008c30                USBD_RegisterClass
 .text.USBD_Start
                0x08008c9c       0x18 build/usbd_core.o
                0x08008c9c                USBD_Start
 .text.USBD_RunTestMode
                0x08008cb4       0x16 build/usbd_core.o
                0x08008cb4                USBD_RunTestMode
 .text.USBD_SetClassConfig
                0x08008cca       0x38 build/usbd_core.o
                0x08008cca                USBD_SetClassConfig
 .text.USBD_ClrClassConfig
                0x08008d02       0x34 build/usbd_core.o
                0x08008d02                USBD_ClrClassConfig
 .text.USBD_LL_SetupStage
                0x08008d36       0xaa build/usbd_core.o
                0x08008d36                USBD_LL_SetupStage
 .text.USBD_LL_DataOutStage
                0x08008de0      0x166 build/usbd_core.o
                0x08008de0                USBD_LL_DataOutStage
 .text.USBD_LL_DataInStage
                0x08008f46      0x164 build/usbd_core.o
                0x08008f46                USBD_LL_DataInStage
 .text.USBD_LL_Reset
                0x080090aa       0xa4 build/usbd_core.o
                0x080090aa                USBD_LL_Reset
 .text.USBD_LL_SetSpeed
                0x0800914e       0x20 build/usbd_core.o
                0x0800914e                USBD_LL_SetSpeed
 .text.USBD_LL_Suspend
                0x0800916e       0x2c build/usbd_core.o
                0x0800916e                USBD_LL_Suspend
 .text.USBD_LL_Resume
                0x0800919a       0x30 build/usbd_core.o
                0x0800919a                USBD_LL_Resume
 .text.USBD_LL_SOF
                0x080091ca       0x40 build/usbd_core.o
                0x080091ca                USBD_LL_SOF
 .text.USBD_LL_IsoINIncomplete
                0x0800920a       0x64 build/usbd_core.o
                0x0800920a                USBD_LL_IsoINIncomplete
 .text.USBD_LL_IsoOUTIncomplete
                0x0800926e       0x64 build/usbd_core.o
                0x0800926e                USBD_LL_IsoOUTIncomplete
 .text.USBD_LL_DevConnected
                0x080092d2       0x16 build/usbd_core.o
                0x080092d2                USBD_LL_DevConnected
 .text.USBD_LL_DevDisconnected
                0x080092e8       0x46 build/usbd_core.o
                0x080092e8                USBD_LL_DevDisconnected
 .text.USBD_CoreFindIF
                0x0800932e       0x1a build/usbd_core.o
                0x0800932e                USBD_CoreFindIF
 .text.USBD_CoreFindEP
                0x08009348       0x1a build/usbd_core.o
                0x08009348                USBD_CoreFindEP
 .text.USBD_GetEpDesc
                0x08009362       0x74 build/usbd_core.o
                0x08009362                USBD_GetEpDesc
 .text.USBD_GetNextDesc
                0x080093d6       0x3a build/usbd_core.o
                0x080093d6                USBD_GetNextDesc
 .text.SWAPBYTE
                0x08009410       0x3c build/usbd_ctlreq.o
 .text.USBD_StdDevReq
                0x0800944c       0xe4 build/usbd_ctlreq.o
                0x0800944c                USBD_StdDevReq
 .text.USBD_StdItfReq
                0x08009530       0xd8 build/usbd_ctlreq.o
                0x08009530                USBD_StdItfReq
 .text.USBD_StdEPReq
                0x08009608      0x33a build/usbd_ctlreq.o
                0x08009608                USBD_StdEPReq
 *fill*         0x08009942        0x2 
 .text.USBD_GetDescriptor
                0x08009944      0x2d4 build/usbd_ctlreq.o
 .text.USBD_SetAddress
                0x08009c18       0x88 build/usbd_ctlreq.o
 .text.USBD_SetConfig
                0x08009ca0      0x154 build/usbd_ctlreq.o
 .text.USBD_GetConfig
                0x08009df4       0x6c build/usbd_ctlreq.o
 .text.USBD_GetStatus
                0x08009e60       0x68 build/usbd_ctlreq.o
 .text.USBD_SetFeature
                0x08009ec8       0x52 build/usbd_ctlreq.o
 .text.USBD_ClrFeature
                0x08009f1a       0x44 build/usbd_ctlreq.o
 .text.USBD_ParseSetupRequest
                0x08009f5e       0x74 build/usbd_ctlreq.o
                0x08009f5e                USBD_ParseSetupRequest
 .text.USBD_CtlError
                0x08009fd2       0x22 build/usbd_ctlreq.o
                0x08009fd2                USBD_CtlError
 .text.USBD_GetString
                0x08009ff4       0x8c build/usbd_ctlreq.o
                0x08009ff4                USBD_GetString
 .text.USBD_GetLen
                0x0800a080       0x34 build/usbd_ctlreq.o
 .text.USBD_CtlSendData
                0x0800a0b4       0x36 build/usbd_ioreq.o
                0x0800a0b4                USBD_CtlSendData
 .text.USBD_CtlContinueSendData
                0x0800a0ea       0x22 build/usbd_ioreq.o
                0x0800a0ea                USBD_CtlContinueSendData
 .text.USBD_CtlPrepareRx
                0x0800a10c       0x3a build/usbd_ioreq.o
                0x0800a10c                USBD_CtlPrepareRx
 .text.USBD_CtlContinueRx
                0x0800a146       0x22 build/usbd_ioreq.o
                0x0800a146                USBD_CtlContinueRx
 .text.USBD_CtlSendStatus
                0x0800a168       0x26 build/usbd_ioreq.o
                0x0800a168                USBD_CtlSendStatus
 .text.USBD_CtlReceiveStatus
                0x0800a18e       0x26 build/usbd_ioreq.o
                0x0800a18e                USBD_CtlReceiveStatus
 .text.USBD_CDC_Init
                0x0800a1b4      0x1f0 build/usbd_cdc.o
 .text.USBD_CDC_DeInit
                0x0800a3a4      0x104 build/usbd_cdc.o
 .text.USBD_CDC_Setup
                0x0800a4a8      0x1b8 build/usbd_cdc.o
 .text.USBD_CDC_DataIn
                0x0800a660       0xfe build/usbd_cdc.o
 .text.USBD_CDC_DataOut
                0x0800a75e       0x70 build/usbd_cdc.o
 .text.USBD_CDC_EP0_RxReady
                0x0800a7ce       0x76 build/usbd_cdc.o
 .text.USBD_CDC_GetFSCfgDesc
                0x0800a844       0x70 build/usbd_cdc.o
 .text.USBD_CDC_GetHSCfgDesc
                0x0800a8b4       0x70 build/usbd_cdc.o
 .text.USBD_CDC_GetOtherSpeedCfgDesc
                0x0800a924       0x70 build/usbd_cdc.o
 .text.USBD_CDC_GetDeviceQualifierDescriptor
                0x0800a994       0x20 build/usbd_cdc.o
                0x0800a994                USBD_CDC_GetDeviceQualifierDescriptor
 .text.USBD_CDC_RegisterInterface
                0x0800a9b4       0x34 build/usbd_cdc.o
                0x0800a9b4                USBD_CDC_RegisterInterface
 .text.USBD_CDC_SetTxBuffer
                0x0800a9e8       0x44 build/usbd_cdc.o
                0x0800a9e8                USBD_CDC_SetTxBuffer
 .text.USBD_CDC_SetRxBuffer
                0x0800aa2c       0x3a build/usbd_cdc.o
                0x0800aa2c                USBD_CDC_SetRxBuffer
 *fill*         0x0800aa66        0x2 
 .text.USBD_CDC_TransmitPacket
                0x0800aa68       0x8c build/usbd_cdc.o
                0x0800aa68                USBD_CDC_TransmitPacket
 .text.USBD_CDC_ReceivePacket
                0x0800aaf4       0x6c build/usbd_cdc.o
                0x0800aaf4                USBD_CDC_ReceivePacket
 .text.Reset_Handler
                0x0800ab60       0x50 build/startup_stm32h723xx.o
                0x0800ab60                Reset_Handler
 .text.Default_Handler
                0x0800abb0        0x2 build/startup_stm32h723xx.o
                0x0800abb0                RTC_Alarm_IRQHandler
                0x0800abb0                EXTI2_IRQHandler
                0x0800abb0                TIM8_CC_IRQHandler
                0x0800abb0                UART8_IRQHandler
                0x0800abb0                SPI4_IRQHandler
                0x0800abb0                FDCAN3_IT0_IRQHandler
                0x0800abb0                TIM1_CC_IRQHandler
                0x0800abb0                BDMA_Channel6_IRQHandler
                0x0800abb0                DMA2_Stream5_IRQHandler
                0x0800abb0                DMA1_Stream5_IRQHandler
                0x0800abb0                CORDIC_IRQHandler
                0x0800abb0                BDMA_Channel1_IRQHandler
                0x0800abb0                TAMP_STAMP_IRQHandler
                0x0800abb0                EXTI3_IRQHandler
                0x0800abb0                LPTIM4_IRQHandler
                0x0800abb0                TIM8_TRG_COM_TIM14_IRQHandler
                0x0800abb0                LPTIM2_IRQHandler
                0x0800abb0                DFSDM1_FLT1_IRQHandler
                0x0800abb0                DMAMUX2_OVR_IRQHandler
                0x0800abb0                TIM8_UP_TIM13_IRQHandler
                0x0800abb0                I2C3_ER_IRQHandler
                0x0800abb0                DFSDM1_FLT2_IRQHandler
                0x0800abb0                I2C5_EV_IRQHandler
                0x0800abb0                USART10_IRQHandler
                0x0800abb0                MDMA_IRQHandler
                0x0800abb0                LPTIM3_IRQHandler
                0x0800abb0                HSEM1_IRQHandler
                0x0800abb0                EXTI0_IRQHandler
                0x0800abb0                I2C2_EV_IRQHandler
                0x0800abb0                DMA1_Stream2_IRQHandler
                0x0800abb0                FPU_IRQHandler
                0x0800abb0                OTG_HS_WKUP_IRQHandler
                0x0800abb0                LTDC_ER_IRQHandler
                0x0800abb0                DMA2_Stream2_IRQHandler
                0x0800abb0                SPI1_IRQHandler
                0x0800abb0                OCTOSPI1_IRQHandler
                0x0800abb0                TIM6_DAC_IRQHandler
                0x0800abb0                DMA2_Stream3_IRQHandler
                0x0800abb0                OCTOSPI2_IRQHandler
                0x0800abb0                DFSDM1_FLT3_IRQHandler
                0x0800abb0                TIM23_IRQHandler
                0x0800abb0                USART6_IRQHandler
                0x0800abb0                TIM17_IRQHandler
                0x0800abb0                USART3_IRQHandler
                0x0800abb0                BDMA_Channel7_IRQHandler
                0x0800abb0                LPTIM5_IRQHandler
                0x0800abb0                UART5_IRQHandler
                0x0800abb0                ADC3_IRQHandler
                0x0800abb0                DMA2_Stream0_IRQHandler
                0x0800abb0                TIM4_IRQHandler
                0x0800abb0                BDMA_Channel2_IRQHandler
                0x0800abb0                I2C1_EV_IRQHandler
                0x0800abb0                DMA1_Stream6_IRQHandler
                0x0800abb0                DMAMUX1_OVR_IRQHandler
                0x0800abb0                DMA1_Stream1_IRQHandler
                0x0800abb0                TIM16_IRQHandler
                0x0800abb0                UART4_IRQHandler
                0x0800abb0                BDMA_Channel5_IRQHandler
                0x0800abb0                TIM3_IRQHandler
                0x0800abb0                RCC_IRQHandler
                0x0800abb0                UART9_IRQHandler
                0x0800abb0                TIM8_BRK_TIM12_IRQHandler
                0x0800abb0                TIM1_TRG_COM_IRQHandler
                0x0800abb0                Default_Handler
                0x0800abb0                ECC_IRQHandler
                0x0800abb0                FMAC_IRQHandler
                0x0800abb0                CEC_IRQHandler
                0x0800abb0                EXTI15_10_IRQHandler
                0x0800abb0                BDMA_Channel0_IRQHandler
                0x0800abb0                ADC_IRQHandler
                0x0800abb0                I2C5_ER_IRQHandler
                0x0800abb0                DMA1_Stream7_IRQHandler
                0x0800abb0                SPI5_IRQHandler
                0x0800abb0                TIM7_IRQHandler
                0x0800abb0                FDCAN3_IT1_IRQHandler
                0x0800abb0                SDMMC1_IRQHandler
                0x0800abb0                TIM5_IRQHandler
                0x0800abb0                DMA2_Stream7_IRQHandler
                0x0800abb0                TIM15_IRQHandler
                0x0800abb0                PVD_AVD_IRQHandler
                0x0800abb0                I2C3_EV_IRQHandler
                0x0800abb0                EXTI9_5_IRQHandler
                0x0800abb0                RTC_WKUP_IRQHandler
                0x0800abb0                LTDC_IRQHandler
                0x0800abb0                ETH_WKUP_IRQHandler
                0x0800abb0                SPDIF_RX_IRQHandler
                0x0800abb0                SPI2_IRQHandler
                0x0800abb0                OTG_HS_EP1_IN_IRQHandler
                0x0800abb0                DMA1_Stream0_IRQHandler
                0x0800abb0                TIM24_IRQHandler
                0x0800abb0                CRS_IRQHandler
                0x0800abb0                EXTI4_IRQHandler
                0x0800abb0                RNG_IRQHandler
                0x0800abb0                FDCAN2_IT1_IRQHandler
                0x0800abb0                ETH_IRQHandler
                0x0800abb0                TIM1_UP_IRQHandler
                0x0800abb0                BDMA_Channel4_IRQHandler
                0x0800abb0                OTG_HS_EP1_OUT_IRQHandler
                0x0800abb0                WWDG_IRQHandler
                0x0800abb0                SPI6_IRQHandler
                0x0800abb0                MDIOS_IRQHandler
                0x0800abb0                I2C4_EV_IRQHandler
                0x0800abb0                FDCAN2_IT0_IRQHandler
                0x0800abb0                LPUART1_IRQHandler
                0x0800abb0                TIM2_IRQHandler
                0x0800abb0                DMA2D_IRQHandler
                0x0800abb0                TIM1_BRK_IRQHandler
                0x0800abb0                EXTI1_IRQHandler
                0x0800abb0                SDMMC2_IRQHandler
                0x0800abb0                BDMA_Channel3_IRQHandler
                0x0800abb0                DTS_IRQHandler
                0x0800abb0                UART7_IRQHandler
                0x0800abb0                MDIOS_WKUP_IRQHandler
                0x0800abb0                USART2_IRQHandler
                0x0800abb0                DFSDM1_FLT0_IRQHandler
                0x0800abb0                SAI4_IRQHandler
                0x0800abb0                I2C2_ER_IRQHandler
                0x0800abb0                DMA2_Stream1_IRQHandler
                0x0800abb0                FLASH_IRQHandler
                0x0800abb0                DMA2_Stream4_IRQHandler
                0x0800abb0                USART1_IRQHandler
                0x0800abb0                SPI3_IRQHandler
                0x0800abb0                WAKEUP_PIN_IRQHandler
                0x0800abb0                DMA1_Stream4_IRQHandler
                0x0800abb0                I2C1_ER_IRQHandler
                0x0800abb0                FMC_IRQHandler
                0x0800abb0                FDCAN_CAL_IRQHandler
                0x0800abb0                SWPMI1_IRQHandler
                0x0800abb0                COMP1_IRQHandler
                0x0800abb0                LPTIM1_IRQHandler
                0x0800abb0                DCMI_PSSI_IRQHandler
                0x0800abb0                I2C4_ER_IRQHandler
                0x0800abb0                DMA2_Stream6_IRQHandler
                0x0800abb0                SAI1_IRQHandler
                0x0800abb0                DMA1_Stream3_IRQHandler
 *fill*         0x0800abb2        0x2 
 .text.__libc_init_array
                0x0800abb4       0x48 e:/user/bigai/gcc_arm_none_eabi/bin/../lib/gcc/arm-none-eabi/10.3.1/../../../../arm-none-eabi/lib/thumb/v7e-m+dp/hard\libc_nano.a(lib_a-init.o)
                0x0800abb4                __libc_init_array
 .text.memcpy   0x0800abfc       0x1c e:/user/bigai/gcc_arm_none_eabi/bin/../lib/gcc/arm-none-eabi/10.3.1/../../../../arm-none-eabi/lib/thumb/v7e-m+dp/hard\libc_nano.a(lib_a-memcpy-stub.o)
                0x0800abfc                memcpy
 .text.memset   0x0800ac18       0x10 e:/user/bigai/gcc_arm_none_eabi/bin/../lib/gcc/arm-none-eabi/10.3.1/../../../../arm-none-eabi/lib/thumb/v7e-m+dp/hard\libc_nano.a(lib_a-memset.o)
                0x0800ac18                memset
 *(.glue_7)
 .glue_7        0x0800ac28        0x0 linker stubs
 *(.glue_7t)
 .glue_7t       0x0800ac28        0x0 linker stubs
 *(.eh_frame)
 .eh_frame      0x0800ac28        0x0 e:/user/bigai/gcc_arm_none_eabi/bin/../lib/gcc/arm-none-eabi/10.3.1/thumb/v7e-m+dp/hard/crtbegin.o
 *(.init)
 .init          0x0800ac28        0x4 e:/user/bigai/gcc_arm_none_eabi/bin/../lib/gcc/arm-none-eabi/10.3.1/thumb/v7e-m+dp/hard/crti.o
                0x0800ac28                _init
 .init          0x0800ac2c        0x8 e:/user/bigai/gcc_arm_none_eabi/bin/../lib/gcc/arm-none-eabi/10.3.1/thumb/v7e-m+dp/hard/crtn.o
 *(.fini)
 .fini          0x0800ac34        0x4 e:/user/bigai/gcc_arm_none_eabi/bin/../lib/gcc/arm-none-eabi/10.3.1/thumb/v7e-m+dp/hard/crti.o
                0x0800ac34                _fini
 .fini          0x0800ac38        0x8 e:/user/bigai/gcc_arm_none_eabi/bin/../lib/gcc/arm-none-eabi/10.3.1/thumb/v7e-m+dp/hard/crtn.o
                0x0800ac40                . = ALIGN (0x4)
                0x0800ac40                _etext = .

.vfp11_veneer   0x0800ac40        0x0
 .vfp11_veneer  0x0800ac40        0x0 linker stubs

.v4_bx          0x0800ac40        0x0
 .v4_bx         0x0800ac40        0x0 linker stubs

.iplt           0x0800ac40        0x0
 .iplt          0x0800ac40        0x0 e:/user/bigai/gcc_arm_none_eabi/bin/../lib/gcc/arm-none-eabi/10.3.1/thumb/v7e-m+dp/hard/crtbegin.o

.rodata         0x0800ac40       0xb4
                0x0800ac40                . = ALIGN (0x4)
 *(.rodata)
 .rodata        0x0800ac40       0x4c build/stm32h7xx_hal_fdcan.o
 .rodata        0x0800ac8c       0x46 build/usbd_desc.o
 *(.rodata*)
 *fill*         0x0800acd2        0x2 
 .rodata.D1CorePrescTable
                0x0800acd4       0x10 build/system_stm32h7xx.o
                0x0800acd4                D1CorePrescTable
 .rodata.DLCtoBytes
                0x0800ace4       0x10 build/stm32h7xx_hal_fdcan.o
                0x0800acf4                . = ALIGN (0x4)

.rel.dyn        0x0800acf4        0x0
 .rel.iplt      0x0800acf4        0x0 e:/user/bigai/gcc_arm_none_eabi/bin/../lib/gcc/arm-none-eabi/10.3.1/thumb/v7e-m+dp/hard/crtbegin.o

.ARM.extab
 *(.ARM.extab* .gnu.linkonce.armextab.*)

.ARM            0x0800acf4        0x0
                0x0800acf4                __exidx_start = .
 *(.ARM.exidx*)
                0x0800acf4                __exidx_end = .

.preinit_array  0x0800acf4        0x0
                0x0800acf4                PROVIDE (__preinit_array_start = .)
 *(.preinit_array*)
                0x0800acf4                PROVIDE (__preinit_array_end = .)

.init_array     0x0800acf4        0x4
                0x0800acf4                PROVIDE (__init_array_start = .)
 *(SORT_BY_NAME(.init_array.*))
 *(.init_array*)
 .init_array    0x0800acf4        0x4 e:/user/bigai/gcc_arm_none_eabi/bin/../lib/gcc/arm-none-eabi/10.3.1/thumb/v7e-m+dp/hard/crtbegin.o
                0x0800acf8                PROVIDE (__init_array_end = .)

.fini_array     0x0800acf8        0x4
                [!provide]                PROVIDE (__fini_array_start = .)
 *(SORT_BY_NAME(.fini_array.*))
 *(.fini_array*)
 .fini_array    0x0800acf8        0x4 e:/user/bigai/gcc_arm_none_eabi/bin/../lib/gcc/arm-none-eabi/10.3.1/thumb/v7e-m+dp/hard/crtbegin.o
                [!provide]                PROVIDE (__fini_array_end = .)
                0x0800acfc                _sidata = LOADADDR (.data)

.data           0x20000000      0x1a0 load address 0x0800acfc
                0x20000000                . = ALIGN (0x4)
                0x20000000                _sdata = .
 *(.data)
 *(.data*)
 .data.SystemCoreClock
                0x20000000        0x4 build/system_stm32h7xx.o
                0x20000000                SystemCoreClock
 .data.SystemD2Clock
                0x20000004        0x4 build/system_stm32h7xx.o
                0x20000004                SystemD2Clock
 .data.uwTickPrio
                0x20000008        0x4 build/stm32h7xx_hal.o
                0x20000008                uwTickPrio
 .data.uwTickFreq
                0x2000000c        0x1 build/stm32h7xx_hal.o
                0x2000000c                uwTickFreq
 *fill*         0x2000000d        0x3 
 .data.hollysys_motor_id
                0x20000010        0x4 build/hollysys.o
                0x20000010                hollysys_motor_id
 .data.hollysys_acc
                0x20000014       0x10 build/hollysys.o
                0x20000014                hollysys_acc
 .data.hollysys_dec
                0x20000024       0x10 build/hollysys.o
                0x20000024                hollysys_dec
 .data.motorevo_reset_buf
                0x20000034        0x8 build/motorevo.o
                0x20000034                motorevo_reset_buf
 .data.motorevo_activate_buf
                0x2000003c        0x8 build/motorevo.o
                0x2000003c                motorevo_activate_buf
 .data.motorevo_id
                0x20000044        0x4 build/motorevo.o
                0x20000044                motorevo_id
 .data.pos_range
                0x20000048        0x8 build/motorevo.o
                0x20000048                pos_range
 .data.vel_range
                0x20000050        0x8 build/motorevo.o
                0x20000050                vel_range
 .data.tor_range
                0x20000058        0x8 build/motorevo.o
                0x20000058                tor_range
 .data.pos_kp_range
                0x20000060        0x8 build/motorevo.o
                0x20000060                pos_kp_range
 .data.pos_kd_range
                0x20000068        0x8 build/motorevo.o
                0x20000068                pos_kd_range
 .data.vel_kp_range
                0x20000070        0x8 build/motorevo.o
                0x20000070                vel_kp_range
 .data.vel_kd_range
                0x20000078        0x8 build/motorevo.o
                0x20000078                vel_kd_range
 .data.vel_ki_range
                0x20000080        0x8 build/motorevo.o
                0x20000080                vel_ki_range
 .data.motorevo_pos_kp
                0x20000088        0x4 build/motorevo.o
                0x20000088                motorevo_pos_kp
 .data.motorevo_pos_kd
                0x2000008c        0x4 build/motorevo.o
                0x2000008c                motorevo_pos_kd
 .data.motorevo_vel_kp
                0x20000090        0x4 build/motorevo.o
                0x20000090                motorevo_vel_kp
 .data.motorevo_vel_ki
                0x20000094        0x4 build/motorevo.o
                0x20000094                motorevo_vel_ki
 .data.steer_motor_id
                0x20000098        0x4 build/chassis.o
                0x20000098                steer_motor_id
 .data.drive_motor_id
                0x2000009c        0x4 build/chassis.o
                0x2000009c                drive_motor_id
 .data.steer_forward_pos
                0x200000a0       0x10 build/chassis.o
                0x200000a0                steer_forward_pos
 .data.HS_Desc  0x200000b0       0x1c build/usbd_desc.o
                0x200000b0                HS_Desc
 .data.USBD_HS_DeviceDesc
                0x200000cc       0x12 build/usbd_desc.o
                0x200000cc                USBD_HS_DeviceDesc
 *fill*         0x200000de        0x2 
 .data.USBD_LangIDDesc
                0x200000e0        0x4 build/usbd_desc.o
                0x200000e0                USBD_LangIDDesc
 .data.USBD_StringSerial
                0x200000e4       0x1a build/usbd_desc.o
                0x200000e4                USBD_StringSerial
 *fill*         0x200000fe        0x2 
 .data.USBD_Interface_fops_HS
                0x20000100       0x14 build/usbd_cdc_if.o
                0x20000100                USBD_Interface_fops_HS
 .data.USBD_CDC_DeviceQualifierDesc
                0x20000114        0xa build/usbd_cdc.o
 *fill*         0x2000011e        0x2 
 .data.USBD_CDC
                0x20000120       0x38 build/usbd_cdc.o
                0x20000120                USBD_CDC
 .data.USBD_CDC_CfgDesc
                0x20000158       0x43 build/usbd_cdc.o
 .data.CDCInEpAdd
                0x2000019b        0x1 build/usbd_cdc.o
 .data.CDCOutEpAdd
                0x2000019c        0x1 build/usbd_cdc.o
 .data.CDCCmdEpAdd
                0x2000019d        0x1 build/usbd_cdc.o
                0x200001a0                . = ALIGN (0x4)
 *fill*         0x2000019e        0x2 
                0x200001a0                _edata = .

.igot.plt       0x200001a0        0x0 load address 0x0800ae9c
 .igot.plt      0x200001a0        0x0 e:/user/bigai/gcc_arm_none_eabi/bin/../lib/gcc/arm-none-eabi/10.3.1/thumb/v7e-m+dp/hard/crtbegin.o
                0x200001a0                . = ALIGN (0x4)

.bss            0x200001a0     0x1e0c load address 0x0800ae9c
                0x200001a0                _sbss = .
                0x200001a0                __bss_start__ = _sbss
 *(.bss)
 .bss           0x200001a0       0x1c e:/user/bigai/gcc_arm_none_eabi/bin/../lib/gcc/arm-none-eabi/10.3.1/thumb/v7e-m+dp/hard/crtbegin.o
 *(.bss*)
 .bss.uwTick    0x200001bc        0x4 build/stm32h7xx_hal.o
                0x200001bc                uwTick
 .bss.txHeader  0x200001c0       0x24 build/fdcan.o
                0x200001c0                txHeader
 .bss.rxHeader  0x200001e4       0x28 build/fdcan.o
                0x200001e4                rxHeader
 .bss.rxData    0x2000020c        0x8 build/fdcan.o
                0x2000020c                rxData
 .bss.hfdcan1   0x20000214       0xa0 build/fdcan.o
                0x20000214                hfdcan1
 .bss.CAN1Sedbuf
                0x200002b4        0x8 build/hollysys.o
                0x200002b4                CAN1Sedbuf
 .bss.hollysys_spd_cmd
                0x200002bc       0x10 build/hollysys.o
                0x200002bc                hollysys_spd_cmd
 .bss.hollysys_spd
                0x200002cc       0x10 build/hollysys.o
                0x200002cc                hollysys_spd
 .bss.hollysys_pos
                0x200002dc       0x10 build/hollysys.o
                0x200002dc                hollysys_pos
 .bss.motorevo_rec
                0x200002ec       0x20 build/motorevo.o
                0x200002ec                motorevo_rec
 .bss.motorevo_state
                0x2000030c       0x50 build/motorevo.o
                0x2000030c                motorevo_state
 .bss.motorevo_sed_buf
                0x2000035c        0x8 build/motorevo.o
                0x2000035c                motorevo_sed_buf
 .bss.motorevo_pos_cmd
                0x20000364       0x10 build/motorevo.o
                0x20000364                motorevo_pos_cmd
 .bss.motorevo_vel_cmd
                0x20000374       0x10 build/motorevo.o
                0x20000374                motorevo_vel_cmd
 .bss.motorevo_vel_kd
                0x20000384        0x4 build/motorevo.o
                0x20000384                motorevo_vel_kd
 .bss.pos_kp_command
                0x20000388        0x1 build/motorevo.o
                0x20000388                pos_kp_command
 .bss.pos_kd_command
                0x20000389        0x1 build/motorevo.o
                0x20000389                pos_kd_command
 .bss.vel_kp_command
                0x2000038a        0x1 build/motorevo.o
                0x2000038a                vel_kp_command
 .bss.vel_ki_command
                0x2000038b        0x1 build/motorevo.o
                0x2000038b                vel_ki_command
 .bss.vel_kd_command
                0x2000038c        0x1 build/motorevo.o
                0x2000038c                vel_kd_command
 *fill*         0x2000038d        0x3 
 .bss.drive_motor_spd_cmd
                0x20000390       0x10 build/chassis.o
                0x20000390                drive_motor_spd_cmd
 .bss.hUsbDeviceHS
                0x200003a0      0x2dc build/usb_device.o
                0x200003a0                hUsbDeviceHS
 .bss.USBD_StrDesc
                0x2000067c      0x200 build/usbd_desc.o
                0x2000067c                USBD_StrDesc
 .bss.UserRxBufferHS
                0x2000087c      0x800 build/usbd_cdc_if.o
                0x2000087c                UserRxBufferHS
 .bss.UserTxBufferHS
                0x2000107c      0x800 build/usbd_cdc_if.o
                0x2000107c                UserTxBufferHS
 .bss.hpcd_USB_OTG_HS
                0x2000187c      0x50c build/usbd_conf.o
                0x2000187c                hpcd_USB_OTG_HS
 .bss.mem.0     0x20001d88      0x220 build/usbd_conf.o
 .bss.cfgidx.0  0x20001fa8        0x1 build/usbd_ctlreq.o
 *(COMMON)
                0x20001fac                . = ALIGN (0x4)
 *fill*         0x20001fa9        0x3 
                0x20001fac                _ebss = .
                0x20001fac                __bss_end__ = _ebss

._user_heap_stack
                0x20001fac      0x604 load address 0x0800ae9c
                0x20001fb0                . = ALIGN (0x8)
 *fill*         0x20001fac        0x4 
                [!provide]                PROVIDE (end = .)
                [!provide]                PROVIDE (_end = .)
                0x200021b0                . = (. + _Min_Heap_Size)
 *fill*         0x20001fb0      0x200 
                0x200025b0                . = (. + _Min_Stack_Size)
 *fill*         0x200021b0      0x400 
                0x200025b0                . = ALIGN (0x8)

/DISCARD/
 libc.a(*)
 libm.a(*)
 libgcc.a(*)

.ARM.attributes
                0x00000000       0x2e
 *(.ARM.attributes)
 .ARM.attributes
                0x00000000       0x1e e:/user/bigai/gcc_arm_none_eabi/bin/../lib/gcc/arm-none-eabi/10.3.1/thumb/v7e-m+dp/hard/crti.o
 .ARM.attributes
                0x0000001e       0x32 e:/user/bigai/gcc_arm_none_eabi/bin/../lib/gcc/arm-none-eabi/10.3.1/thumb/v7e-m+dp/hard/crtbegin.o
 .ARM.attributes
                0x00000050       0x32 build/main.o
 .ARM.attributes
                0x00000082       0x32 build/gpio.o
 .ARM.attributes
                0x000000b4       0x32 build/stm32h7xx_it.o
 .ARM.attributes
                0x000000e6       0x32 build/stm32h7xx_hal_msp.o
 .ARM.attributes
                0x00000118       0x32 build/system_stm32h7xx.o
 .ARM.attributes
                0x0000014a       0x32 build/stm32h7xx_hal_cortex.o
 .ARM.attributes
                0x0000017c       0x32 build/stm32h7xx_hal_rcc.o
 .ARM.attributes
                0x000001ae       0x32 build/stm32h7xx_hal_rcc_ex.o
 .ARM.attributes
                0x000001e0       0x32 build/stm32h7xx_hal_gpio.o
 .ARM.attributes
                0x00000212       0x32 build/stm32h7xx_hal_pwr_ex.o
 .ARM.attributes
                0x00000244       0x32 build/stm32h7xx_hal.o
 .ARM.attributes
                0x00000276       0x32 build/fdcan.o
 .ARM.attributes
                0x000002a8       0x32 build/stm32h7xx_hal_fdcan.o
 .ARM.attributes
                0x000002da       0x32 build/fdcan_filter.o
 .ARM.attributes
                0x0000030c       0x32 build/hollysys.o
 .ARM.attributes
                0x0000033e       0x32 build/motorevo.o
 .ARM.attributes
                0x00000370       0x32 build/chassis.o
 .ARM.attributes
                0x000003a2       0x32 build/usb_device.o
 .ARM.attributes
                0x000003d4       0x32 build/usbd_desc.o
 .ARM.attributes
                0x00000406       0x32 build/usbd_cdc_if.o
 .ARM.attributes
                0x00000438       0x32 build/usbd_conf.o
 .ARM.attributes
                0x0000046a       0x32 build/stm32h7xx_hal_pcd.o
 .ARM.attributes
                0x0000049c       0x32 build/stm32h7xx_hal_pcd_ex.o
 .ARM.attributes
                0x000004ce       0x32 build/stm32h7xx_ll_usb.o
 .ARM.attributes
                0x00000500       0x32 build/usbd_core.o
 .ARM.attributes
                0x00000532       0x32 build/usbd_ctlreq.o
 .ARM.attributes
                0x00000564       0x32 build/usbd_ioreq.o
 .ARM.attributes
                0x00000596       0x32 build/usbd_cdc.o
 .ARM.attributes
                0x000005c8       0x21 build/startup_stm32h723xx.o
 .ARM.attributes
                0x000005e9       0x32 e:/user/bigai/gcc_arm_none_eabi/bin/../lib/gcc/arm-none-eabi/10.3.1/../../../../arm-none-eabi/lib/thumb/v7e-m+dp/hard\libc_nano.a(lib_a-init.o)
 .ARM.attributes
                0x0000061b       0x32 e:/user/bigai/gcc_arm_none_eabi/bin/../lib/gcc/arm-none-eabi/10.3.1/../../../../arm-none-eabi/lib/thumb/v7e-m+dp/hard\libc_nano.a(lib_a-memcpy-stub.o)
 .ARM.attributes
                0x0000064d       0x32 e:/user/bigai/gcc_arm_none_eabi/bin/../lib/gcc/arm-none-eabi/10.3.1/../../../../arm-none-eabi/lib/thumb/v7e-m+dp/hard\libc_nano.a(lib_a-memset.o)
 .ARM.attributes
                0x0000067f       0x1e e:/user/bigai/gcc_arm_none_eabi/bin/../lib/gcc/arm-none-eabi/10.3.1/thumb/v7e-m+dp/hard/crtn.o
OUTPUT(build/Nucleo_h723zg.elf elf32-littlearm)
LOAD linker stubs
LOAD e:/user/bigai/gcc_arm_none_eabi/bin/../lib/gcc/arm-none-eabi/10.3.1/../../../../arm-none-eabi/lib/thumb/v7e-m+dp/hard\libc.a
LOAD e:/user/bigai/gcc_arm_none_eabi/bin/../lib/gcc/arm-none-eabi/10.3.1/../../../../arm-none-eabi/lib/thumb/v7e-m+dp/hard\libm.a
LOAD e:/user/bigai/gcc_arm_none_eabi/bin/../lib/gcc/arm-none-eabi/10.3.1/thumb/v7e-m+dp/hard\libgcc.a

.debug_info     0x00000000    0x1cd24
 .debug_info    0x00000000     0x106f build/main.o
 .debug_info    0x0000106f      0x57d build/gpio.o
 .debug_info    0x000015ec     0x12ae build/stm32h7xx_it.o
 .debug_info    0x0000289a      0x543 build/stm32h7xx_hal_msp.o
 .debug_info    0x00002ddd      0xc8f build/system_stm32h7xx.o
 .debug_info    0x00003a6c     0x12b4 build/stm32h7xx_hal_cortex.o
 .debug_info    0x00004d20      0xf8b build/stm32h7xx_hal_rcc.o
 .debug_info    0x00005cab     0x1489 build/stm32h7xx_hal_rcc_ex.o
 .debug_info    0x00007134      0xeb2 build/stm32h7xx_hal_gpio.o
 .debug_info    0x00007fe6      0xff0 build/stm32h7xx_hal_pwr_ex.o
 .debug_info    0x00008fd6     0x1973 build/stm32h7xx_hal.o
 .debug_info    0x0000a949     0x188c build/fdcan.o
 .debug_info    0x0000c1d5     0x3180 build/stm32h7xx_hal_fdcan.o
 .debug_info    0x0000f355      0xa57 build/fdcan_filter.o
 .debug_info    0x0000fdac     0x105d build/hollysys.o
 .debug_info    0x00010e09     0x1185 build/motorevo.o
 .debug_info    0x00011f8e      0x2d1 build/chassis.o
 .debug_info    0x0001225f      0x789 build/usb_device.o
 .debug_info    0x000129e8      0x4c1 build/usbd_desc.o
 .debug_info    0x00012ea9      0x9ca build/usbd_cdc_if.o
 .debug_info    0x00013873     0x2410 build/usbd_conf.o
 .debug_info    0x00015c83     0x146e build/stm32h7xx_hal_pcd.o
 .debug_info    0x000170f1      0x992 build/stm32h7xx_hal_pcd_ex.o
 .debug_info    0x00017a83     0x1d07 build/stm32h7xx_ll_usb.o
 .debug_info    0x0001978a      0xe79 build/usbd_core.o
 .debug_info    0x0001a603      0xb3c build/usbd_ctlreq.o
 .debug_info    0x0001b13f      0x821 build/usbd_ioreq.o
 .debug_info    0x0001b960     0x13a2 build/usbd_cdc.o
 .debug_info    0x0001cd02       0x22 build/startup_stm32h723xx.o

.debug_abbrev   0x00000000     0x35cc
 .debug_abbrev  0x00000000      0x1f4 build/main.o
 .debug_abbrev  0x000001f4       0xd3 build/gpio.o
 .debug_abbrev  0x000002c7      0x1c2 build/stm32h7xx_it.o
 .debug_abbrev  0x00000489       0xc8 build/stm32h7xx_hal_msp.o
 .debug_abbrev  0x00000551      0x124 build/system_stm32h7xx.o
 .debug_abbrev  0x00000675      0x306 build/stm32h7xx_hal_cortex.o
 .debug_abbrev  0x0000097b      0x24d build/stm32h7xx_hal_rcc.o
 .debug_abbrev  0x00000bc8      0x235 build/stm32h7xx_hal_rcc_ex.o
 .debug_abbrev  0x00000dfd      0x1c9 build/stm32h7xx_hal_gpio.o
 .debug_abbrev  0x00000fc6      0x244 build/stm32h7xx_hal_pwr_ex.o
 .debug_abbrev  0x0000120a      0x227 build/stm32h7xx_hal.o
 .debug_abbrev  0x00001431      0x1a6 build/fdcan.o
 .debug_abbrev  0x000015d7      0x251 build/stm32h7xx_hal_fdcan.o
 .debug_abbrev  0x00001828      0x128 build/fdcan_filter.o
 .debug_abbrev  0x00001950      0x1f8 build/hollysys.o
 .debug_abbrev  0x00001b48      0x23f build/motorevo.o
 .debug_abbrev  0x00001d87      0x138 build/chassis.o
 .debug_abbrev  0x00001ebf      0x14a build/usb_device.o
 .debug_abbrev  0x00002009      0x1f3 build/usbd_desc.o
 .debug_abbrev  0x000021fc      0x256 build/usbd_cdc_if.o
 .debug_abbrev  0x00002452      0x292 build/usbd_conf.o
 .debug_abbrev  0x000026e4      0x250 build/stm32h7xx_hal_pcd.o
 .debug_abbrev  0x00002934      0x1f6 build/stm32h7xx_hal_pcd_ex.o
 .debug_abbrev  0x00002b2a      0x268 build/stm32h7xx_ll_usb.o
 .debug_abbrev  0x00002d92      0x225 build/usbd_core.o
 .debug_abbrev  0x00002fb7      0x233 build/usbd_ctlreq.o
 .debug_abbrev  0x000031ea      0x161 build/usbd_ioreq.o
 .debug_abbrev  0x0000334b      0x26f build/usbd_cdc.o
 .debug_abbrev  0x000035ba       0x12 build/startup_stm32h723xx.o

.debug_loc      0x00000000     0xaf29
 .debug_loc     0x00000000      0x106 build/main.o
 .debug_loc     0x00000106       0x5c build/gpio.o
 .debug_loc     0x00000162      0x2a8 build/stm32h7xx_it.o
 .debug_loc     0x0000040a       0x5c build/stm32h7xx_hal_msp.o
 .debug_loc     0x00000466       0xa0 build/system_stm32h7xx.o
 .debug_loc     0x00000506      0xa38 build/stm32h7xx_hal_cortex.o
 .debug_loc     0x00000f3e      0x3f4 build/stm32h7xx_hal_rcc.o
 .debug_loc     0x00001332      0x862 build/stm32h7xx_hal_rcc_ex.o
 .debug_loc     0x00001b94      0x2d4 build/stm32h7xx_hal_gpio.o
 .debug_loc     0x00001e68      0xb52 build/stm32h7xx_hal_pwr_ex.o
 .debug_loc     0x000029ba      0xffc build/stm32h7xx_hal.o
 .debug_loc     0x000039b6       0xce build/fdcan.o
 .debug_loc     0x00003a84     0x2394 build/stm32h7xx_hal_fdcan.o
 .debug_loc     0x00005e18       0x50 build/fdcan_filter.o
 .debug_loc     0x00005e68      0x710 build/hollysys.o
 .debug_loc     0x00006578      0x4d4 build/motorevo.o
 .debug_loc     0x00006a4c      0x148 build/chassis.o
 .debug_loc     0x00006b94       0x2c build/usb_device.o
 .debug_loc     0x00006bc0      0x2f4 build/usbd_desc.o
 .debug_loc     0x00006eb4      0x1c8 build/usbd_cdc_if.o
 .debug_loc     0x0000707c      0x9e2 build/usbd_conf.o
 .debug_loc     0x00007a5e      0xc53 build/stm32h7xx_hal_pcd.o
 .debug_loc     0x000086b1      0x330 build/stm32h7xx_hal_pcd_ex.o
 .debug_loc     0x000089e1     0x1190 build/stm32h7xx_ll_usb.o
 .debug_loc     0x00009b71      0x7e0 build/usbd_core.o
 .debug_loc     0x0000a351      0x4c8 build/usbd_ctlreq.o
 .debug_loc     0x0000a819      0x230 build/usbd_ioreq.o
 .debug_loc     0x0000aa49      0x4e0 build/usbd_cdc.o

.debug_aranges  0x00000000     0x13d0
 .debug_aranges
                0x00000000       0x38 build/main.o
 .debug_aranges
                0x00000038       0x20 build/gpio.o
 .debug_aranges
                0x00000058       0x80 build/stm32h7xx_it.o
 .debug_aranges
                0x000000d8       0x20 build/stm32h7xx_hal_msp.o
 .debug_aranges
                0x000000f8       0x28 build/system_stm32h7xx.o
 .debug_aranges
                0x00000120      0x120 build/stm32h7xx_hal_cortex.o
 .debug_aranges
                0x00000240       0x88 build/stm32h7xx_hal_rcc.o
 .debug_aranges
                0x000002c8       0xf8 build/stm32h7xx_hal_rcc_ex.o
 .debug_aranges
                0x000003c0       0x58 build/stm32h7xx_hal_gpio.o
 .debug_aranges
                0x00000418      0x148 build/stm32h7xx_hal_pwr_ex.o
 .debug_aranges
                0x00000560      0x1c8 build/stm32h7xx_hal.o
 .debug_aranges
                0x00000728       0x30 build/fdcan.o
 .debug_aranges
                0x00000758      0x338 build/stm32h7xx_hal_fdcan.o
 .debug_aranges
                0x00000a90       0x20 build/fdcan_filter.o
 .debug_aranges
                0x00000ab0       0xc8 build/hollysys.o
 .debug_aranges
                0x00000b78       0x90 build/motorevo.o
 .debug_aranges
                0x00000c08       0x40 build/chassis.o
 .debug_aranges
                0x00000c48       0x20 build/usb_device.o
 .debug_aranges
                0x00000c68       0x60 build/usbd_desc.o
 .debug_aranges
                0x00000cc8       0x48 build/usbd_cdc_if.o
 .debug_aranges
                0x00000d10      0x110 build/usbd_conf.o
 .debug_aranges
                0x00000e20      0x140 build/stm32h7xx_hal_pcd.o
 .debug_aranges
                0x00000f60       0x60 build/stm32h7xx_hal_pcd_ex.o
 .debug_aranges
                0x00000fc0      0x1a0 build/stm32h7xx_ll_usb.o
 .debug_aranges
                0x00001160       0xd8 build/usbd_core.o
 .debug_aranges
                0x00001238       0x90 build/usbd_ctlreq.o
 .debug_aranges
                0x000012c8       0x50 build/usbd_ioreq.o
 .debug_aranges
                0x00001318       0x90 build/usbd_cdc.o
 .debug_aranges
                0x000013a8       0x28 build/startup_stm32h723xx.o

.debug_ranges   0x00000000     0x1208
 .debug_ranges  0x00000000       0x28 build/main.o
 .debug_ranges  0x00000028       0x10 build/gpio.o
 .debug_ranges  0x00000038       0x70 build/stm32h7xx_it.o
 .debug_ranges  0x000000a8       0x10 build/stm32h7xx_hal_msp.o
 .debug_ranges  0x000000b8       0x18 build/system_stm32h7xx.o
 .debug_ranges  0x000000d0      0x110 build/stm32h7xx_hal_cortex.o
 .debug_ranges  0x000001e0       0x78 build/stm32h7xx_hal_rcc.o
 .debug_ranges  0x00000258       0xe8 build/stm32h7xx_hal_rcc_ex.o
 .debug_ranges  0x00000340       0x48 build/stm32h7xx_hal_gpio.o
 .debug_ranges  0x00000388      0x138 build/stm32h7xx_hal_pwr_ex.o
 .debug_ranges  0x000004c0      0x1b8 build/stm32h7xx_hal.o
 .debug_ranges  0x00000678       0x20 build/fdcan.o
 .debug_ranges  0x00000698      0x328 build/stm32h7xx_hal_fdcan.o
 .debug_ranges  0x000009c0       0x10 build/fdcan_filter.o
 .debug_ranges  0x000009d0       0xb8 build/hollysys.o
 .debug_ranges  0x00000a88       0x80 build/motorevo.o
 .debug_ranges  0x00000b08       0x30 build/chassis.o
 .debug_ranges  0x00000b38       0x10 build/usb_device.o
 .debug_ranges  0x00000b48       0x50 build/usbd_desc.o
 .debug_ranges  0x00000b98       0x38 build/usbd_cdc_if.o
 .debug_ranges  0x00000bd0      0x100 build/usbd_conf.o
 .debug_ranges  0x00000cd0      0x130 build/stm32h7xx_hal_pcd.o
 .debug_ranges  0x00000e00       0x50 build/stm32h7xx_hal_pcd_ex.o
 .debug_ranges  0x00000e50      0x190 build/stm32h7xx_ll_usb.o
 .debug_ranges  0x00000fe0       0xc8 build/usbd_core.o
 .debug_ranges  0x000010a8       0x80 build/usbd_ctlreq.o
 .debug_ranges  0x00001128       0x40 build/usbd_ioreq.o
 .debug_ranges  0x00001168       0x80 build/usbd_cdc.o
 .debug_ranges  0x000011e8       0x20 build/startup_stm32h723xx.o

.debug_line     0x00000000     0xc974
 .debug_line    0x00000000      0x46e build/main.o
 .debug_line    0x0000046e      0x11d build/gpio.o
 .debug_line    0x0000058b      0x3a7 build/stm32h7xx_it.o
 .debug_line    0x00000932      0x128 build/stm32h7xx_hal_msp.o
 .debug_line    0x00000a5a      0x352 build/system_stm32h7xx.o
 .debug_line    0x00000dac      0x755 build/stm32h7xx_hal_cortex.o
 .debug_line    0x00001501      0xc86 build/stm32h7xx_hal_rcc.o
 .debug_line    0x00002187     0x13d7 build/stm32h7xx_hal_rcc_ex.o
 .debug_line    0x0000355e      0x5e0 build/stm32h7xx_hal_gpio.o
 .debug_line    0x00003b3e      0x7db build/stm32h7xx_hal_pwr_ex.o
 .debug_line    0x00004319      0x7f7 build/stm32h7xx_hal.o
 .debug_line    0x00004b10      0x277 build/fdcan.o
 .debug_line    0x00004d87     0x20c7 build/stm32h7xx_hal_fdcan.o
 .debug_line    0x00006e4e      0x194 build/fdcan_filter.o
 .debug_line    0x00006fe2      0x49a build/hollysys.o
 .debug_line    0x0000747c      0x4dd build/motorevo.o
 .debug_line    0x00007959      0x222 build/chassis.o
 .debug_line    0x00007b7b      0x1c4 build/usb_device.o
 .debug_line    0x00007d3f      0x28d build/usbd_desc.o
 .debug_line    0x00007fcc      0x228 build/usbd_cdc_if.o
 .debug_line    0x000081f4      0x665 build/usbd_conf.o
 .debug_line    0x00008859      0xf20 build/stm32h7xx_hal_pcd.o
 .debug_line    0x00009779      0x368 build/stm32h7xx_hal_pcd_ex.o
 .debug_line    0x00009ae1     0x1551 build/stm32h7xx_ll_usb.o
 .debug_line    0x0000b032      0x6f0 build/usbd_core.o
 .debug_line    0x0000b722      0x8c1 build/usbd_ctlreq.o
 .debug_line    0x0000bfe3      0x208 build/usbd_ioreq.o
 .debug_line    0x0000c1eb      0x713 build/usbd_cdc.o
 .debug_line    0x0000c8fe       0x76 build/startup_stm32h723xx.o

.debug_str      0x00000000     0x720a
 .debug_str     0x00000000      0x9cc build/main.o
                                0xa78 (size before relaxing)
 .debug_str     0x000009cc      0x1ff build/gpio.o
                                0x3be (size before relaxing)
 .debug_str     0x00000bcb      0x589 build/stm32h7xx_it.o
                                0xc97 (size before relaxing)
 .debug_str     0x00001154       0x29 build/stm32h7xx_hal_msp.o
                                0x3ca (size before relaxing)
 .debug_str     0x0000117d      0x2aa build/system_stm32h7xx.o
                                0x675 (size before relaxing)
 .debug_str     0x00001427      0xbdd build/stm32h7xx_hal_cortex.o
                                0xfe1 (size before relaxing)
 .debug_str     0x00002004      0x251 build/stm32h7xx_hal_rcc.o
                                0x96c (size before relaxing)
 .debug_str     0x00002255      0x996 build/stm32h7xx_hal_rcc_ex.o
                                0xe67 (size before relaxing)
 .debug_str     0x00002beb      0x19e build/stm32h7xx_hal_gpio.o
                                0x6ae (size before relaxing)
 .debug_str     0x00002d89      0x522 build/stm32h7xx_hal_pwr_ex.o
                                0x96c (size before relaxing)
 .debug_str     0x000032ab      0x768 build/stm32h7xx_hal.o
                               0x150d (size before relaxing)
 .debug_str     0x00003a13       0x6d build/fdcan.o
                               0x155a (size before relaxing)
 .debug_str     0x00003a80     0x143d build/stm32h7xx_hal_fdcan.o
                               0x1d60 (size before relaxing)
 .debug_str     0x00004ebd       0x31 build/fdcan_filter.o
                                0x738 (size before relaxing)
 .debug_str     0x00004eee      0x26b build/hollysys.o
                                0x9cc (size before relaxing)
 .debug_str     0x00005159      0x2e5 build/motorevo.o
                                0xa77 (size before relaxing)
 .debug_str     0x0000543e       0xc6 build/chassis.o
                                0x282 (size before relaxing)
 .debug_str     0x00005504      0x3f5 build/usb_device.o
                                0x644 (size before relaxing)
 .debug_str     0x000058f9      0x172 build/usbd_desc.o
                                0x432 (size before relaxing)
 .debug_str     0x00005a6b       0xef build/usbd_cdc_if.o
                                0x71d (size before relaxing)
 .debug_str     0x00005b5a      0x2f5 build/usbd_conf.o
                               0x1b0c (size before relaxing)
 .debug_str     0x00005e4f      0x412 build/stm32h7xx_hal_pcd.o
                                0xb46 (size before relaxing)
 .debug_str     0x00006261      0x1d9 build/stm32h7xx_hal_pcd_ex.o
                                0x7dd (size before relaxing)
 .debug_str     0x0000643a      0x6a3 build/stm32h7xx_ll_usb.o
                                0xcd3 (size before relaxing)
 .debug_str     0x00006add      0x2e9 build/usbd_core.o
                                0x8b5 (size before relaxing)
 .debug_str     0x00006dc6      0x14a build/usbd_ctlreq.o
                                0x72c (size before relaxing)
 .debug_str     0x00006f10       0xc6 build/usbd_ioreq.o
                                0x67c (size before relaxing)
 .debug_str     0x00006fd6      0x210 build/usbd_cdc.o
                                0xcc8 (size before relaxing)
 .debug_str     0x000071e6       0x24 build/startup_stm32h723xx.o
                                 0x40 (size before relaxing)

.comment        0x00000000       0x49
 .comment       0x00000000       0x49 build/main.o
                                 0x4a (size before relaxing)
 .comment       0x00000049       0x4a build/gpio.o
 .comment       0x00000049       0x4a build/stm32h7xx_it.o
 .comment       0x00000049       0x4a build/stm32h7xx_hal_msp.o
 .comment       0x00000049       0x4a build/system_stm32h7xx.o
 .comment       0x00000049       0x4a build/stm32h7xx_hal_cortex.o
 .comment       0x00000049       0x4a build/stm32h7xx_hal_rcc.o
 .comment       0x00000049       0x4a build/stm32h7xx_hal_rcc_ex.o
 .comment       0x00000049       0x4a build/stm32h7xx_hal_gpio.o
 .comment       0x00000049       0x4a build/stm32h7xx_hal_pwr_ex.o
 .comment       0x00000049       0x4a build/stm32h7xx_hal.o
 .comment       0x00000049       0x4a build/fdcan.o
 .comment       0x00000049       0x4a build/stm32h7xx_hal_fdcan.o
 .comment       0x00000049       0x4a build/fdcan_filter.o
 .comment       0x00000049       0x4a build/hollysys.o
 .comment       0x00000049       0x4a build/motorevo.o
 .comment       0x00000049       0x4a build/chassis.o
 .comment       0x00000049       0x4a build/usb_device.o
 .comment       0x00000049       0x4a build/usbd_desc.o
 .comment       0x00000049       0x4a build/usbd_cdc_if.o
 .comment       0x00000049       0x4a build/usbd_conf.o
 .comment       0x00000049       0x4a build/stm32h7xx_hal_pcd.o
 .comment       0x00000049       0x4a build/stm32h7xx_hal_pcd_ex.o
 .comment       0x00000049       0x4a build/stm32h7xx_ll_usb.o
 .comment       0x00000049       0x4a build/usbd_core.o
 .comment       0x00000049       0x4a build/usbd_ctlreq.o
 .comment       0x00000049       0x4a build/usbd_ioreq.o
 .comment       0x00000049       0x4a build/usbd_cdc.o

.debug_frame    0x00000000     0x5120
 .debug_frame   0x00000000       0x90 build/main.o
 .debug_frame   0x00000090       0x38 build/gpio.o
 .debug_frame   0x000000c8      0x17c build/stm32h7xx_it.o
 .debug_frame   0x00000244       0x38 build/stm32h7xx_hal_msp.o
 .debug_frame   0x0000027c       0x58 build/system_stm32h7xx.o
 .debug_frame   0x000002d4      0x4b8 build/stm32h7xx_hal_cortex.o
 .debug_frame   0x0000078c      0x1fc build/stm32h7xx_hal_rcc.o
 .debug_frame   0x00000988      0x3f4 build/stm32h7xx_hal_rcc_ex.o
 .debug_frame   0x00000d7c      0x14c build/stm32h7xx_hal_gpio.o
 .debug_frame   0x00000ec8      0x540 build/stm32h7xx_hal_pwr_ex.o
 .debug_frame   0x00001408      0x760 build/stm32h7xx_hal.o
 .debug_frame   0x00001b68       0x78 build/fdcan.o
 .debug_frame   0x00001be0      0xf9c build/stm32h7xx_hal_fdcan.o
 .debug_frame   0x00002b7c       0x34 build/fdcan_filter.o
 .debug_frame   0x00002bb0      0x340 build/hollysys.o
 .debug_frame   0x00002ef0      0x240 build/motorevo.o
 .debug_frame   0x00003130       0xb4 build/chassis.o
 .debug_frame   0x000031e4       0x2c build/usb_device.o
 .debug_frame   0x00003210      0x160 build/usbd_desc.o
 .debug_frame   0x00003370       0xe4 build/usbd_cdc_if.o
 .debug_frame   0x00003454      0x47c build/usbd_conf.o
 .debug_frame   0x000038d0      0x594 build/stm32h7xx_hal_pcd.o
 .debug_frame   0x00003e64      0x174 build/stm32h7xx_hal_pcd_ex.o
 .debug_frame   0x00003fd8      0x7c0 build/stm32h7xx_ll_usb.o
 .debug_frame   0x00004798      0x390 build/usbd_core.o
 .debug_frame   0x00004b28      0x23c build/usbd_ctlreq.o
 .debug_frame   0x00004d64      0x10c build/usbd_ioreq.o
 .debug_frame   0x00004e70      0x23c build/usbd_cdc.o
 .debug_frame   0x000050ac       0x2c e:/user/bigai/gcc_arm_none_eabi/bin/../lib/gcc/arm-none-eabi/10.3.1/../../../../arm-none-eabi/lib/thumb/v7e-m+dp/hard\libc_nano.a(lib_a-init.o)
 .debug_frame   0x000050d8       0x28 e:/user/bigai/gcc_arm_none_eabi/bin/../lib/gcc/arm-none-eabi/10.3.1/../../../../arm-none-eabi/lib/thumb/v7e-m+dp/hard\libc_nano.a(lib_a-memcpy-stub.o)
 .debug_frame   0x00005100       0x20 e:/user/bigai/gcc_arm_none_eabi/bin/../lib/gcc/arm-none-eabi/10.3.1/../../../../arm-none-eabi/lib/thumb/v7e-m+dp/hard\libc_nano.a(lib_a-memset.o)

Cross Reference Table

Symbol                                            File
ADC3_IRQHandler                                   build/startup_stm32h723xx.o
ADC_IRQHandler                                    build/startup_stm32h723xx.o
BDMA_Channel0_IRQHandler                          build/startup_stm32h723xx.o
BDMA_Channel1_IRQHandler                          build/startup_stm32h723xx.o
BDMA_Channel2_IRQHandler                          build/startup_stm32h723xx.o
BDMA_Channel3_IRQHandler                          build/startup_stm32h723xx.o
BDMA_Channel4_IRQHandler                          build/startup_stm32h723xx.o
BDMA_Channel5_IRQHandler                          build/startup_stm32h723xx.o
BDMA_Channel6_IRQHandler                          build/startup_stm32h723xx.o
BDMA_Channel7_IRQHandler                          build/startup_stm32h723xx.o
BusFault_Handler                                  build/stm32h7xx_it.o
CAN1Sedbuf                                        build/hollysys.o
CDC_Transmit_HS                                   build/usbd_cdc_if.o
                                                  build/syscalls.o
CEC_IRQHandler                                    build/startup_stm32h723xx.o
COMP1_IRQHandler                                  build/startup_stm32h723xx.o
CORDIC_IRQHandler                                 build/startup_stm32h723xx.o
CRS_IRQHandler                                    build/startup_stm32h723xx.o
Chassis_Deinit                                    build/chassis.o
                                                  build/main.o
Chassis_Drive_Info_Update                         build/chassis.o
Chassis_Init                                      build/chassis.o
                                                  build/main.o
Chassis_Set_drive_spd                             build/chassis.o
                                                  build/main.o
Chassis_Update                                    build/chassis.o
                                                  build/main.o
D1CorePrescTable                                  build/system_stm32h7xx.o
                                                  build/stm32h7xx_hal.o
                                                  build/stm32h7xx_hal_rcc_ex.o
                                                  build/stm32h7xx_hal_rcc.o
DCMI_PSSI_IRQHandler                              build/startup_stm32h723xx.o
DFSDM1_FLT0_IRQHandler                            build/startup_stm32h723xx.o
DFSDM1_FLT1_IRQHandler                            build/startup_stm32h723xx.o
DFSDM1_FLT2_IRQHandler                            build/startup_stm32h723xx.o
DFSDM1_FLT3_IRQHandler                            build/startup_stm32h723xx.o
DMA1_Stream0_IRQHandler                           build/startup_stm32h723xx.o
DMA1_Stream1_IRQHandler                           build/startup_stm32h723xx.o
DMA1_Stream2_IRQHandler                           build/startup_stm32h723xx.o
DMA1_Stream3_IRQHandler                           build/startup_stm32h723xx.o
DMA1_Stream4_IRQHandler                           build/startup_stm32h723xx.o
DMA1_Stream5_IRQHandler                           build/startup_stm32h723xx.o
DMA1_Stream6_IRQHandler                           build/startup_stm32h723xx.o
DMA1_Stream7_IRQHandler                           build/startup_stm32h723xx.o
DMA2D_IRQHandler                                  build/startup_stm32h723xx.o
DMA2_Stream0_IRQHandler                           build/startup_stm32h723xx.o
DMA2_Stream1_IRQHandler                           build/startup_stm32h723xx.o
DMA2_Stream2_IRQHandler                           build/startup_stm32h723xx.o
DMA2_Stream3_IRQHandler                           build/startup_stm32h723xx.o
DMA2_Stream4_IRQHandler                           build/startup_stm32h723xx.o
DMA2_Stream5_IRQHandler                           build/startup_stm32h723xx.o
DMA2_Stream6_IRQHandler                           build/startup_stm32h723xx.o
DMA2_Stream7_IRQHandler                           build/startup_stm32h723xx.o
DMAMUX1_OVR_IRQHandler                            build/startup_stm32h723xx.o
DMAMUX2_OVR_IRQHandler                            build/startup_stm32h723xx.o
DTS_IRQHandler                                    build/startup_stm32h723xx.o
DebugMon_Handler                                  build/stm32h7xx_it.o
Default_Handler                                   build/startup_stm32h723xx.o
ECC_IRQHandler                                    build/startup_stm32h723xx.o
ETH_IRQHandler                                    build/startup_stm32h723xx.o
ETH_WKUP_IRQHandler                               build/startup_stm32h723xx.o
EXTI0_IRQHandler                                  build/startup_stm32h723xx.o
EXTI15_10_IRQHandler                              build/startup_stm32h723xx.o
EXTI1_IRQHandler                                  build/startup_stm32h723xx.o
EXTI2_IRQHandler                                  build/startup_stm32h723xx.o
EXTI3_IRQHandler                                  build/startup_stm32h723xx.o
EXTI4_IRQHandler                                  build/startup_stm32h723xx.o
EXTI9_5_IRQHandler                                build/startup_stm32h723xx.o
Error_Handler                                     build/main.o
                                                  build/usbd_conf.o
                                                  build/usb_device.o
                                                  build/fdcan.o
                                                  build/iwdg.o
FDCAN1_IT0_IRQHandler                             build/stm32h7xx_it.o
FDCAN1_IT1_IRQHandler                             build/stm32h7xx_it.o
FDCAN2_IT0_IRQHandler                             build/startup_stm32h723xx.o
FDCAN2_IT1_IRQHandler                             build/startup_stm32h723xx.o
FDCAN3_IT0_IRQHandler                             build/startup_stm32h723xx.o
FDCAN3_IT1_IRQHandler                             build/startup_stm32h723xx.o
FDCAN_CAL_IRQHandler                              build/startup_stm32h723xx.o
FDCAN_filter_init                                 build/fdcan_filter.o
                                                  build/main.o
FLASH_CRC_WaitForLastOperation                    build/stm32h7xx_hal_flash.o
                                                  build/stm32h7xx_hal_flash_ex.o
FLASH_Erase_Sector                                build/stm32h7xx_hal_flash_ex.o
                                                  build/stm32h7xx_hal_flash.o
FLASH_IRQHandler                                  build/startup_stm32h723xx.o
FLASH_OB_WaitForLastOperation                     build/stm32h7xx_hal_flash.o
                                                  build/stm32h7xx_hal_flash_ex.o
FLASH_WaitForLastOperation                        build/stm32h7xx_hal_flash.o
                                                  build/stm32h7xx_hal_flash_ex.o
FMAC_IRQHandler                                   build/startup_stm32h723xx.o
FMC_IRQHandler                                    build/startup_stm32h723xx.o
FPU_IRQHandler                                    build/startup_stm32h723xx.o
HAL_DBGMCU_DisableDBGSleepMode                    build/stm32h7xx_hal.o
HAL_DBGMCU_DisableDBGStandbyMode                  build/stm32h7xx_hal.o
HAL_DBGMCU_DisableDBGStopMode                     build/stm32h7xx_hal.o
HAL_DBGMCU_EnableDBGSleepMode                     build/stm32h7xx_hal.o
HAL_DBGMCU_EnableDBGStandbyMode                   build/stm32h7xx_hal.o
HAL_DBGMCU_EnableDBGStopMode                      build/stm32h7xx_hal.o
HAL_DMAEx_ChangeMemory                            build/stm32h7xx_hal_dma_ex.o
HAL_DMAEx_ConfigMuxRequestGenerator               build/stm32h7xx_hal_dma_ex.o
HAL_DMAEx_ConfigMuxSync                           build/stm32h7xx_hal_dma_ex.o
HAL_DMAEx_DisableMuxRequestGenerator              build/stm32h7xx_hal_dma_ex.o
HAL_DMAEx_EnableMuxRequestGenerator               build/stm32h7xx_hal_dma_ex.o
HAL_DMAEx_MUX_IRQHandler                          build/stm32h7xx_hal_dma_ex.o
HAL_DMAEx_MultiBufferStart                        build/stm32h7xx_hal_dma_ex.o
HAL_DMAEx_MultiBufferStart_IT                     build/stm32h7xx_hal_dma_ex.o
HAL_DMA_Abort                                     build/stm32h7xx_hal_dma.o
HAL_DMA_Abort_IT                                  build/stm32h7xx_hal_dma.o
                                                  build/stm32h7xx_hal_i2c.o
HAL_DMA_DeInit                                    build/stm32h7xx_hal_dma.o
HAL_DMA_GetError                                  build/stm32h7xx_hal_dma.o
                                                  build/stm32h7xx_hal_i2c.o
HAL_DMA_GetState                                  build/stm32h7xx_hal_dma.o
                                                  build/stm32h7xx_hal_i2c.o
HAL_DMA_IRQHandler                                build/stm32h7xx_hal_dma.o
HAL_DMA_Init                                      build/stm32h7xx_hal_dma.o
HAL_DMA_PollForTransfer                           build/stm32h7xx_hal_dma.o
HAL_DMA_RegisterCallback                          build/stm32h7xx_hal_dma.o
HAL_DMA_Start                                     build/stm32h7xx_hal_dma.o
HAL_DMA_Start_IT                                  build/stm32h7xx_hal_dma.o
                                                  build/stm32h7xx_hal_i2c.o
HAL_DMA_UnRegisterCallback                        build/stm32h7xx_hal_dma.o
HAL_DeInit                                        build/stm32h7xx_hal.o
HAL_Delay                                         build/stm32h7xx_hal.o
                                                  build/stm32h7xx_ll_usb.o
                                                  build/stm32h7xx_hal_pcd_ex.o