Archive member included to satisfy reference by file (symbol)

e:/user/bigai/gcc_arm_none_eabi/bin/../lib/gcc/arm-none-eabi/10.3.1/../../../../arm-none-eabi/lib/thumb/v7e-m+dp/hard\libc_nano.a(lib_a-exit.o)
                              e:/user/bigai/gcc_arm_none_eabi/bin/../lib/gcc/arm-none-eabi/10.3.1/../../../../arm-none-eabi/lib/thumb/v7e-m+dp/hard/crt0.o (exit)
e:/user/bigai/gcc_arm_none_eabi/bin/../lib/gcc/arm-none-eabi/10.3.1/../../../../arm-none-eabi/lib/thumb/v7e-m+dp/hard\libc_nano.a(lib_a-impure.o)
                              e:/user/bigai/gcc_arm_none_eabi/bin/../lib/gcc/arm-none-eabi/10.3.1/../../../../arm-none-eabi/lib/thumb/v7e-m+dp/hard\libc_nano.a(lib_a-exit.o) (_global_impure_ptr)
e:/user/bigai/gcc_arm_none_eabi/bin/../lib/gcc/arm-none-eabi/10.3.1/../../../../arm-none-eabi/lib/thumb/v7e-m+dp/hard\libc_nano.a(lib_a-init.o)
                              e:/user/bigai/gcc_arm_none_eabi/bin/../lib/gcc/arm-none-eabi/10.3.1/../../../../arm-none-eabi/lib/thumb/v7e-m+dp/hard/crt0.o (__libc_init_array)
e:/user/bigai/gcc_arm_none_eabi/bin/../lib/gcc/arm-none-eabi/10.3.1/../../../../arm-none-eabi/lib/thumb/v7e-m+dp/hard\libc_nano.a(lib_a-memcpy-stub.o)
                              build/stm32h7xx_it.o (memcpy)
e:/user/bigai/gcc_arm_none_eabi/bin/../lib/gcc/arm-none-eabi/10.3.1/../../../../arm-none-eabi/lib/thumb/v7e-m+dp/hard\libc_nano.a(lib_a-memset.o)
                              e:/user/bigai/gcc_arm_none_eabi/bin/../lib/gcc/arm-none-eabi/10.3.1/../../../../arm-none-eabi/lib/thumb/v7e-m+dp/hard/crt0.o (memset)
e:/user/bigai/gcc_arm_none_eabi/bin/../lib/gcc/arm-none-eabi/10.3.1/../../../../arm-none-eabi/lib/thumb/v7e-m+dp/hard\libm.a(lib_a-s_cos.o)
                              build/chassis.o (cos)
e:/user/bigai/gcc_arm_none_eabi/bin/../lib/gcc/arm-none-eabi/10.3.1/../../../../arm-none-eabi/lib/thumb/v7e-m+dp/hard\libm.a(lib_a-s_sin.o)
                              build/chassis.o (sin)
e:/user/bigai/gcc_arm_none_eabi/bin/../lib/gcc/arm-none-eabi/10.3.1/../../../../arm-none-eabi/lib/thumb/v7e-m+dp/hard\libm.a(lib_a-w_atan2.o)
                              build/chassis.o (atan2)
e:/user/bigai/gcc_arm_none_eabi/bin/../lib/gcc/arm-none-eabi/10.3.1/../../../../arm-none-eabi/lib/thumb/v7e-m+dp/hard\libm.a(lib_a-w_sqrt.o)
                              build/chassis.o (sqrt)
e:/user/bigai/gcc_arm_none_eabi/bin/../lib/gcc/arm-none-eabi/10.3.1/../../../../arm-none-eabi/lib/thumb/v7e-m+dp/hard\libm.a(lib_a-e_atan2.o)
                              e:/user/bigai/gcc_arm_none_eabi/bin/../lib/gcc/arm-none-eabi/10.3.1/../../../../arm-none-eabi/lib/thumb/v7e-m+dp/hard\libm.a(lib_a-w_atan2.o) (__ieee754_atan2)
e:/user/bigai/gcc_arm_none_eabi/bin/../lib/gcc/arm-none-eabi/10.3.1/../../../../arm-none-eabi/lib/thumb/v7e-m+dp/hard\libm.a(lib_a-e_rem_pio2.o)
                              e:/user/bigai/gcc_arm_none_eabi/bin/../lib/gcc/arm-none-eabi/10.3.1/../../../../arm-none-eabi/lib/thumb/v7e-m+dp/hard\libm.a(lib_a-s_cos.o) (__ieee754_rem_pio2)
e:/user/bigai/gcc_arm_none_eabi/bin/../lib/gcc/arm-none-eabi/10.3.1/../../../../arm-none-eabi/lib/thumb/v7e-m+dp/hard\libm.a(lib_a-e_sqrt.o)
                              e:/user/bigai/gcc_arm_none_eabi/bin/../lib/gcc/arm-none-eabi/10.3.1/../../../../arm-none-eabi/lib/thumb/v7e-m+dp/hard\libm.a(lib_a-w_sqrt.o) (__ieee754_sqrt)
e:/user/bigai/gcc_arm_none_eabi/bin/../lib/gcc/arm-none-eabi/10.3.1/../../../../arm-none-eabi/lib/thumb/v7e-m+dp/hard\libm.a(lib_a-k_cos.o)
                              e:/user/bigai/gcc_arm_none_eabi/bin/../lib/gcc/arm-none-eabi/10.3.1/../../../../arm-none-eabi/lib/thumb/v7e-m+dp/hard\libm.a(lib_a-s_cos.o) (__kernel_cos)
e:/user/bigai/gcc_arm_none_eabi/bin/../lib/gcc/arm-none-eabi/10.3.1/../../../../arm-none-eabi/lib/thumb/v7e-m+dp/hard\libm.a(lib_a-k_rem_pio2.o)
                              e:/user/bigai/gcc_arm_none_eabi/bin/../lib/gcc/arm-none-eabi/10.3.1/../../../../arm-none-eabi/lib/thumb/v7e-m+dp/hard\libm.a(lib_a-e_rem_pio2.o) (__kernel_rem_pio2)
e:/user/bigai/gcc_arm_none_eabi/bin/../lib/gcc/arm-none-eabi/10.3.1/../../../../arm-none-eabi/lib/thumb/v7e-m+dp/hard\libm.a(lib_a-k_sin.o)
                              e:/user/bigai/gcc_arm_none_eabi/bin/../lib/gcc/arm-none-eabi/10.3.1/../../../../arm-none-eabi/lib/thumb/v7e-m+dp/hard\libm.a(lib_a-s_cos.o) (__kernel_sin)
e:/user/bigai/gcc_arm_none_eabi/bin/../lib/gcc/arm-none-eabi/10.3.1/../../../../arm-none-eabi/lib/thumb/v7e-m+dp/hard\libm.a(lib_a-s_atan.o)
                              e:/user/bigai/gcc_arm_none_eabi/bin/../lib/gcc/arm-none-eabi/10.3.1/../../../../arm-none-eabi/lib/thumb/v7e-m+dp/hard\libm.a(lib_a-e_atan2.o) (atan)
e:/user/bigai/gcc_arm_none_eabi/bin/../lib/gcc/arm-none-eabi/10.3.1/../../../../arm-none-eabi/lib/thumb/v7e-m+dp/hard\libm.a(lib_a-s_fabs.o)
                              e:/user/bigai/gcc_arm_none_eabi/bin/../lib/gcc/arm-none-eabi/10.3.1/../../../../arm-none-eabi/lib/thumb/v7e-m+dp/hard\libm.a(lib_a-e_atan2.o) (fabs)
[...]
Memory Configuration

Name             Origin             Length             Attributes
DTCMRAM          0x20000000         0x00020000         xrw
RAM_D1           0x24000000         0x00050000         xrw
RAM_D2           0x30000000         0x00008000         xrw
RAM_D3           0x38000000         0x00004000         xrw
ITCMRAM          0x00000000         0x00010000         xrw
FLASH            0x08000000         0x00100000         xr
*default*        0x00000000         0xffffffff

Linker script and memory map

LOAD e:/user/bigai/gcc_arm_none_eabi/bin/../lib/gcc/arm-none-eabi/10.3.1/thumb/v7e-m+dp/hard/crti.o
LOAD e:/user/bigai/gcc_arm_none_eabi/bin/../lib/gcc/arm-none-eabi/10.3.1/thumb/v7e-m+dp/hard/crtbegin.o
LOAD e:/user/bigai/gcc_arm_none_eabi/bin/../lib/gcc/arm-none-eabi/10.3.1/../../../../arm-none-eabi/lib/thumb/v7e-m+dp/hard/crt0.o
LOAD build/main.o
LOAD build/gpio.o
LOAD build/stm32h7xx_it.o
LOAD build/stm32h7xx_hal_msp.o
LOAD build/system_stm32h7xx.o
LOAD build/iwdg.o
LOAD build/stm32h7xx_hal_cortex.o
LOAD build/stm32h7xx_hal_iwdg.o
LOAD build/stm32h7xx_hal_rcc.o
LOAD build/stm32h7xx_hal_rcc_ex.o
LOAD build/stm32h7xx_hal_flash.o
LOAD build/stm32h7xx_hal_flash_ex.o
LOAD build/stm32h7xx_hal_gpio.o
LOAD build/stm32h7xx_hal_hsem.o
LOAD build/stm32h7xx_hal_dma.o
LOAD build/stm32h7xx_hal_dma_ex.o
LOAD build/stm32h7xx_hal_mdma.o
LOAD build/stm32h7xx_hal_pwr.o
LOAD build/stm32h7xx_hal_pwr_ex.o
LOAD build/stm32h7xx_hal.o
LOAD build/stm32h7xx_hal_i2c.o
LOAD build/stm32h7xx_hal_i2c_ex.o
LOAD build/stm32h7xx_hal_exti.o
LOAD build/stm32h7xx_hal_tim.o
LOAD build/stm32h7xx_hal_tim_ex.o
LOAD build/fdcan.o
LOAD build/stm32h7xx_hal_fdcan.o
LOAD build/fdcan_filter.o
LOAD build/syscalls.o
LOAD build/hollysys.o
LOAD build/motorevo.o
LOAD build/chassis.o
LOAD build/usb_device.o
LOAD build/usbd_desc.o
LOAD build/usbd_cdc_if.o
LOAD build/usbd_conf.o
LOAD build/stm32h7xx_hal_pcd.o
LOAD build/stm32h7xx_hal_pcd_ex.o
LOAD build/stm32h7xx_ll_usb.o
LOAD build/usbd_core.o
LOAD build/usbd_ctlreq.o
LOAD build/usbd_ioreq.o
LOAD build/usbd_cdc.o
LOAD build/tim.o
LOAD build/usart.o
LOAD build/stm32h7xx_hal_uart.o
LOAD build/stm32h7xx_hal_uart_ex.o
LOAD build/dma.o
LOAD build/startup_stm32h723xx.o
LOAD e:/user/bigai/gcc_arm_none_eabi/bin/../lib/gcc/arm-none-eabi/10.3.1/../../../../arm-none-eabi/lib/thumb/v7e-m+dp/hard\libc_nano.a
LOAD e:/user/bigai/gcc_arm_none_eabi/bin/../lib/gcc/arm-none-eabi/10.3.1/../../../../arm-none-eabi/lib/thumb/v7e-m+dp/hard\libm.a
LOAD e:/user/bigai/gcc_arm_none_eabi/bin/../lib/gcc/arm-none-eabi/10.3.1/../../../../arm-none-eabi/lib/thumb/v7e-m+dp/hard\libnosys.a
START GROUP
LOAD e:/user/bigai/gcc_arm_none_eabi/bin/../lib/gcc/arm-none-eabi/10.3.1/thumb/v7e-m+dp/hard\libgcc.a
LOAD e:/user/bigai/gcc_arm_none_eabi/bin/../lib/gcc/arm-none-eabi/10.3.1/../../../../arm-none-eabi/lib/thumb/v7e-m+dp/hard\libc_nano.a
END GROUP
START GROUP
LOAD e:/user/bigai/gcc_arm_none_eabi/bin/../lib/gcc/arm-none-eabi/10.3.1/thumb/v7e-m+dp/hard\libgcc.a
LOAD e:/user/bigai/gcc_arm_none_eabi/bin/../lib/gcc/arm-none-eabi/10.3.1/../../../../arm-none-eabi/lib/thumb/v7e-m+dp/hard\libc_nano.a
END GROUP
LOAD e:/user/bigai/gcc_arm_none_eabi/bin/../lib/gcc/arm-none-eabi/10.3.1/thumb/v7e-m+dp/hard/crtend.o
LOAD e:/user/bigai/gcc_arm_none_eabi/bin/../lib/gcc/arm-none-eabi/10.3.1/thumb/v7e-m+dp/hard/crtn.o
                0x20020000                _estack = (ORIGIN (DTCMRAM) + LENGTH (DTCMRAM))
                0x00000200                _Min_Heap_Size = 0x200
                0x00000400                _Min_Stack_Size = 0x400

.isr_vector     0x08000000      0x2cc
                0x08000000                . = ALIGN (0x4)
 *(.isr_vector)
 .isr_vector    0x08000000      0x2cc build/startup_stm32h723xx.o
                0x08000000                g_pfnVectors
                0x080002cc                . = ALIGN (0x4)

.text           0x080002d0    0x13278
                0x080002d0                . = ALIGN (0x4)
 *(.text)
 .text          0x080002d0       0x40 e:/user/bigai/gcc_arm_none_eabi/bin/../lib/gcc/arm-none-eabi/10.3.1/thumb/v7e-m+dp/hard/crtbegin.o
 .text          0x08000310       0x30 e:/user/bigai/gcc_arm_none_eabi/bin/../lib/gcc/arm-none-eabi/10.3.1/thumb/v7e-m+dp/hard\libgcc.a(_aeabi_uldivmod.o)
                0x08000310                __aeabi_uldivmod
 .text          0x08000340      0x2d0 e:/user/bigai/gcc_arm_none_eabi/bin/../lib/gcc/arm-none-eabi/10.3.1/thumb/v7e-m+dp/hard\libgcc.a(_udivmoddi4.o)
                0x08000340                __udivmoddi4
 .text          0x08000610        0x4 e:/user/bigai/gcc_arm_none_eabi/bin/../lib/gcc/arm-none-eabi/10.3.1/thumb/v7e-m+dp/hard\libgcc.a(_dvmd_tls.o)
                0x08000610                __aeabi_idiv0
                0x08000610                __aeabi_ldiv0
 *(.text*)
 .text.main     0x08000614       0xf0 build/main.o
                0x08000614                main
 .text.SystemClock_Config
                0x08000704       0xe4 build/main.o
                0x08000704                SystemClock_Config
 .text.Error_Handler
                0x080007e8        0xa build/main.o
                0x080007e8                Error_Handler
 *fill*         0x080007f2        0x2 
 .text.MX_GPIO_Init
                0x080007f4       0x70 build/gpio.o
                0x080007f4                MX_GPIO_Init
 .text.NMI_Handler
                0x08000864        0x6 build/stm32h7xx_it.o
                0x08000864                NMI_Handler
 .text.HardFault_Handler
                0x0800086a        0x6 build/stm32h7xx_it.o
                0x0800086a                HardFault_Handler
 .text.MemManage_Handler
                0x08000870        0x6 build/stm32h7xx_it.o
                0x08000870                MemManage_Handler
 .text.BusFault_Handler
                0x08000876        0x6 build/stm32h7xx_it.o
                0x08000876                BusFault_Handler
 .text.UsageFault_Handler
                0x0800087c        0x6 build/stm32h7xx_it.o
                0x0800087c                UsageFault_Handler
 .text.SVC_Handler
                0x08000882        0xe build/stm32h7xx_it.o
                0x08000882                SVC_Handler
 .text.DebugMon_Handler
                0x08000890        0xe build/stm32h7xx_it.o
                0x08000890                DebugMon_Handler
 .text.PendSV_Handler
                0x0800089e        0xe build/stm32h7xx_it.o
                0x0800089e                PendSV_Handler
 .text.SysTick_Handler
                0x080008ac        0xc build/stm32h7xx_it.o
                0x080008ac                SysTick_Handler
 .text.DMA1_Stream0_IRQHandler
                0x080008b8       0x14 build/stm32h7xx_it.o
                0x080008b8                DMA1_Stream0_IRQHandler
 .text.FDCAN1_IT0_IRQHandler
                0x080008cc       0x14 build/stm32h7xx_it.o
                0x080008cc                FDCAN1_IT0_IRQHandler
 .text.FDCAN1_IT1_IRQHandler
                0x080008e0       0x14 build/stm32h7xx_it.o
                0x080008e0                FDCAN1_IT1_IRQHandler
 .text.TIM1_UP_IRQHandler
                0x080008f4       0x14 build/stm32h7xx_it.o
                0x080008f4                TIM1_UP_IRQHandler
 .text.USART2_IRQHandler
                0x08000908       0x14 build/stm32h7xx_it.o
                0x08000908                USART2_IRQHandler
 .text.OTG_HS_IRQHandler
                0x0800091c       0x14 build/stm32h7xx_it.o
                0x0800091c                OTG_HS_IRQHandler
 .text.HAL_FDCAN_RxFifo0Callback
                0x08000930       0xc0 build/stm32h7xx_it.o
                0x08000930                HAL_FDCAN_RxFifo0Callback
 .text.HAL_TIM_PeriodElapsedCallback
                0x080009f0       0x50 build/stm32h7xx_it.o
                0x080009f0                HAL_TIM_PeriodElapsedCallback
 .text.HAL_UARTEx_RxEventCallback
                0x08000a40       0x4c build/stm32h7xx_it.o
                0x08000a40                HAL_UARTEx_RxEventCallback
 *fill*         0x08000a8c        0x4 
 .text.HAL_UART_RxCpltCallback
                0x08000a90      0x148 build/stm32h7xx_it.o
                0x08000a90                HAL_UART_RxCpltCallback
 .text.HAL_MspInit
                0x08000bd8       0x34 build/stm32h7xx_hal_msp.o
                0x08000bd8                HAL_MspInit
 .text.SystemInit
                0x08000c0c       0xf0 build/system_stm32h7xx.o
                0x08000c0c                SystemInit
 .text.__NVIC_SetPriorityGrouping
                0x08000cfc       0x48 build/stm32h7xx_hal_cortex.o
 .text.__NVIC_GetPriorityGrouping
                0x08000d44       0x1c build/stm32h7xx_hal_cortex.o
 .text.__NVIC_EnableIRQ
                0x08000d60       0x3c build/stm32h7xx_hal_cortex.o
 .text.__NVIC_SetPriority
                0x08000d9c       0x54 build/stm32h7xx_hal_cortex.o
 .text.NVIC_EncodePriority
                0x08000df0       0x66 build/stm32h7xx_hal_cortex.o
 *fill*         0x08000e56        0x2 
 .text.SysTick_Config
                0x08000e58       0x44 build/stm32h7xx_hal_cortex.o
 .text.HAL_NVIC_SetPriorityGrouping
                0x08000e9c       0x16 build/stm32h7xx_hal_cortex.o
                0x08000e9c                HAL_NVIC_SetPriorityGrouping
 .text.HAL_NVIC_SetPriority
                0x08000eb2       0x34 build/stm32h7xx_hal_cortex.o
                0x08000eb2                HAL_NVIC_SetPriority
 .text.HAL_NVIC_EnableIRQ
                0x08000ee6       0x1c build/stm32h7xx_hal_cortex.o
                0x08000ee6                HAL_NVIC_EnableIRQ
 .text.HAL_SYSTICK_Config
                0x08000f02       0x18 build/stm32h7xx_hal_cortex.o
                0x08000f02                HAL_SYSTICK_Config
 *fill*         0x08000f1a        0x2 
 .text.HAL_RCC_OscConfig
                0x08000f1c      0x75c build/stm32h7xx_hal_rcc.o
                0x08000f1c                HAL_RCC_OscConfig
 .text.HAL_RCC_ClockConfig
                0x08001678      0x36c build/stm32h7xx_hal_rcc.o
                0x08001678                HAL_RCC_ClockConfig
 .text.HAL_RCC_GetSysClockFreq
                0x080019e4      0x2f4 build/stm32h7xx_hal_rcc.o
                0x080019e4                HAL_RCC_GetSysClockFreq
 .text.HAL_RCC_GetHCLKFreq
                0x08001cd8       0x60 build/stm32h7xx_hal_rcc.o
                0x08001cd8                HAL_RCC_GetHCLKFreq
 .text.HAL_RCC_GetPCLK1Freq
                0x08001d38       0x2c build/stm32h7xx_hal_rcc.o
                0x08001d38                HAL_RCC_GetPCLK1Freq
 .text.HAL_RCC_GetPCLK2Freq
                0x08001d64       0x2c build/stm32h7xx_hal_rcc.o
                0x08001d64                HAL_RCC_GetPCLK2Freq
 .text.HAL_RCCEx_PeriphCLKConfig
                0x08001d90      0xdf4 build/stm32h7xx_hal_rcc_ex.o
                0x08001d90                HAL_RCCEx_PeriphCLKConfig
 .text.HAL_RCCEx_GetD3PCLK1Freq
                0x08002b84       0x2c build/stm32h7xx_hal_rcc_ex.o
                0x08002b84                HAL_RCCEx_GetD3PCLK1Freq
 .text.HAL_RCCEx_GetPLL2ClockFreq
                0x08002bb0      0x2a8 build/stm32h7xx_hal_rcc_ex.o
                0x08002bb0                HAL_RCCEx_GetPLL2ClockFreq
 .text.HAL_RCCEx_GetPLL3ClockFreq
                0x08002e58      0x2a8 build/stm32h7xx_hal_rcc_ex.o
                0x08002e58                HAL_RCCEx_GetPLL3ClockFreq
 .text.RCCEx_PLL2_Config
                0x08003100      0x164 build/stm32h7xx_hal_rcc_ex.o
 .text.RCCEx_PLL3_Config
                0x08003264      0x164 build/stm32h7xx_hal_rcc_ex.o
 .text.HAL_GPIO_Init
                0x080033c8      0x350 build/stm32h7xx_hal_gpio.o
                0x080033c8                HAL_GPIO_Init
 .text.HAL_DMA_Init
                0x08003718      0x6b4 build/stm32h7xx_hal_dma.o
                0x08003718                HAL_DMA_Init
 .text.HAL_DMA_Start_IT
                0x08003dcc      0x4d4 build/stm32h7xx_hal_dma.o
                0x08003dcc                HAL_DMA_Start_IT
 .text.HAL_DMA_Abort
                0x080042a0      0x63c build/stm32h7xx_hal_dma.o
                0x080042a0                HAL_DMA_Abort
 .text.HAL_DMA_Abort_IT
                0x080048dc      0x48c build/stm32h7xx_hal_dma.o
                0x080048dc                HAL_DMA_Abort_IT
 .text.HAL_DMA_IRQHandler
                0x08004d68      0xe54 build/stm32h7xx_hal_dma.o
                0x08004d68                HAL_DMA_IRQHandler
 .text.HAL_DMA_GetError
                0x08005bbc       0x18 build/stm32h7xx_hal_dma.o
                0x08005bbc                HAL_DMA_GetError
 .text.DMA_SetConfig
                0x08005bd4      0x358 build/stm32h7xx_hal_dma.o
 .text.DMA_CalcBaseAndBitshift
                0x08005f2c      0x164 build/stm32h7xx_hal_dma.o
 .text.DMA_CheckFifoParam
                0x08006090       0xf8 build/stm32h7xx_hal_dma.o
 .text.DMA_CalcDMAMUXChannelBaseAndMask
                0x08006188      0x134 build/stm32h7xx_hal_dma.o
 .text.DMA_CalcDMAMUXRequestGenBaseAndMask
                0x080062bc       0xe8 build/stm32h7xx_hal_dma.o
 .text.HAL_PWREx_ConfigSupply
                0x080063a4       0x74 build/stm32h7xx_hal_pwr_ex.o
                0x080063a4                HAL_PWREx_ConfigSupply
 .text.HAL_PWREx_EnableUSBVoltageDetector
                0x08006418       0x20 build/stm32h7xx_hal_pwr_ex.o
                0x08006418                HAL_PWREx_EnableUSBVoltageDetector
 .text.HAL_Init
                0x08006438       0x78 build/stm32h7xx_hal.o
                0x08006438                HAL_Init
 .text.HAL_InitTick
                0x080064b0       0x6c build/stm32h7xx_hal.o
                0x080064b0                HAL_InitTick
 .text.HAL_IncTick
                0x0800651c       0x28 build/stm32h7xx_hal.o
                0x0800651c                HAL_IncTick
 .text.HAL_GetTick
                0x08006544       0x18 build/stm32h7xx_hal.o
                0x08006544                HAL_GetTick
 .text.HAL_Delay
                0x0800655c       0x48 build/stm32h7xx_hal.o
                0x0800655c                HAL_Delay
 .text.HAL_TIM_Base_Init
                0x080065a4       0xae build/stm32h7xx_hal_tim.o
                0x080065a4                HAL_TIM_Base_Init
 *fill*         0x08006652        0x2 
 .text.HAL_TIM_Base_Start_IT
                0x08006654      0x10c build/stm32h7xx_hal_tim.o
                0x08006654                HAL_TIM_Base_Start_IT
 .text.HAL_TIM_IRQHandler
                0x08006760      0x23e build/stm32h7xx_hal_tim.o
                0x08006760                HAL_TIM_IRQHandler
 *fill*         0x0800699e        0x2 
 .text.HAL_TIM_ConfigClockSource
                0x080069a0      0x1f0 build/stm32h7xx_hal_tim.o
                0x080069a0                HAL_TIM_ConfigClockSource
 .text.HAL_TIM_OC_DelayElapsedCallback
                0x08006b90       0x14 build/stm32h7xx_hal_tim.o
                0x08006b90                HAL_TIM_OC_DelayElapsedCallback
 .text.HAL_TIM_IC_CaptureCallback
                0x08006ba4       0x14 build/stm32h7xx_hal_tim.o
                0x08006ba4                HAL_TIM_IC_CaptureCallback
 .text.HAL_TIM_PWM_PulseFinishedCallback
                0x08006bb8       0x14 build/stm32h7xx_hal_tim.o
                0x08006bb8                HAL_TIM_PWM_PulseFinishedCallback
 .text.HAL_TIM_TriggerCallback
                0x08006bcc       0x14 build/stm32h7xx_hal_tim.o
                0x08006bcc                HAL_TIM_TriggerCallback
 .text.TIM_Base_SetConfig
                0x08006be0      0x14c build/stm32h7xx_hal_tim.o
                0x08006be0                TIM_Base_SetConfig
 .text.TIM_TI1_ConfigInputStage
                0x08006d2c       0x5e build/stm32h7xx_hal_tim.o
 .text.TIM_TI2_ConfigInputStage
                0x08006d8a       0x60 build/stm32h7xx_hal_tim.o
 *fill*         0x08006dea        0x2 
 .text.TIM_ITRx_SetConfig
                0x08006dec       0x3c build/stm32h7xx_hal_tim.o
 .text.TIM_ETR_SetConfig
                0x08006e28       0x40 build/stm32h7xx_hal_tim.o
                0x08006e28                TIM_ETR_SetConfig
 .text.HAL_TIMEx_MasterConfigSynchronization
                0x08006e68      0x138 build/stm32h7xx_hal_tim_ex.o
                0x08006e68                HAL_TIMEx_MasterConfigSynchronization
 .text.HAL_TIMEx_CommutCallback
                0x08006fa0       0x14 build/stm32h7xx_hal_tim_ex.o
                0x08006fa0                HAL_TIMEx_CommutCallback
 .text.HAL_TIMEx_BreakCallback
                0x08006fb4       0x14 build/stm32h7xx_hal_tim_ex.o
                0x08006fb4                HAL_TIMEx_BreakCallback
 .text.HAL_TIMEx_Break2Callback
                0x08006fc8       0x14 build/stm32h7xx_hal_tim_ex.o
                0x08006fc8                HAL_TIMEx_Break2Callback
 .text.MX_FDCAN1_Init
                0x08006fdc       0xc8 build/fdcan.o
                0x08006fdc                MX_FDCAN1_Init
 .text.HAL_FDCAN_MspInit
                0x080070a4       0xec build/fdcan.o
                0x080070a4                HAL_FDCAN_MspInit
 .text.HAL_FDCAN_Init
                0x08007190      0x3bc build/stm32h7xx_hal_fdcan.o
                0x08007190                HAL_FDCAN_Init
 .text.HAL_FDCAN_ConfigFilter
                0x0800754c       0xec build/stm32h7xx_hal_fdcan.o
                0x0800754c                HAL_FDCAN_ConfigFilter
 .text.HAL_FDCAN_Start
                0x08007638       0x56 build/stm32h7xx_hal_fdcan.o
                0x08007638                HAL_FDCAN_Start
 .text.HAL_FDCAN_AddMessageToTxFifoQ
                0x0800768e       0xb6 build/stm32h7xx_hal_fdcan.o
                0x0800768e                HAL_FDCAN_AddMessageToTxFifoQ
 .text.HAL_FDCAN_GetRxMessage
                0x08007744      0x2dc build/stm32h7xx_hal_fdcan.o
                0x08007744                HAL_FDCAN_GetRxMessage
 .text.HAL_FDCAN_ActivateNotification
                0x08007a20       0xf4 build/stm32h7xx_hal_fdcan.o
                0x08007a20                HAL_FDCAN_ActivateNotification
 .text.HAL_FDCAN_IRQHandler
                0x08007b14      0x4bc build/stm32h7xx_hal_fdcan.o
                0x08007b14                HAL_FDCAN_IRQHandler
 .text.HAL_FDCAN_ClockCalibrationCallback
                0x08007fd0       0x16 build/stm32h7xx_hal_fdcan.o
                0x08007fd0                HAL_FDCAN_ClockCalibrationCallback
 .text.HAL_FDCAN_TxEventFifoCallback
                0x08007fe6       0x16 build/stm32h7xx_hal_fdcan.o
                0x08007fe6                HAL_FDCAN_TxEventFifoCallback
 .text.HAL_FDCAN_RxFifo1Callback
                0x08007ffc       0x16 build/stm32h7xx_hal_fdcan.o
                0x08007ffc                HAL_FDCAN_RxFifo1Callback
 .text.HAL_FDCAN_TxFifoEmptyCallback
                0x08008012       0x14 build/stm32h7xx_hal_fdcan.o
                0x08008012                HAL_FDCAN_TxFifoEmptyCallback
 .text.HAL_FDCAN_TxBufferCompleteCallback
                0x08008026       0x16 build/stm32h7xx_hal_fdcan.o
                0x08008026                HAL_FDCAN_TxBufferCompleteCallback
 .text.HAL_FDCAN_TxBufferAbortCallback
                0x0800803c       0x16 build/stm32h7xx_hal_fdcan.o
                0x0800803c                HAL_FDCAN_TxBufferAbortCallback
 .text.HAL_FDCAN_RxBufferNewMessageCallback
                0x08008052       0x14 build/stm32h7xx_hal_fdcan.o
                0x08008052                HAL_FDCAN_RxBufferNewMessageCallback
 .text.HAL_FDCAN_TimestampWraparoundCallback
                0x08008066       0x14 build/stm32h7xx_hal_fdcan.o
                0x08008066                HAL_FDCAN_TimestampWraparoundCallback
 .text.HAL_FDCAN_TimeoutOccurredCallback
                0x0800807a       0x14 build/stm32h7xx_hal_fdcan.o
                0x0800807a                HAL_FDCAN_TimeoutOccurredCallback
 .text.HAL_FDCAN_HighPriorityMessageCallback
                0x0800808e       0x14 build/stm32h7xx_hal_fdcan.o
                0x0800808e                HAL_FDCAN_HighPriorityMessageCallback
 .text.HAL_FDCAN_ErrorCallback
                0x080080a2       0x14 build/stm32h7xx_hal_fdcan.o
                0x080080a2                HAL_FDCAN_ErrorCallback
 .text.HAL_FDCAN_ErrorStatusCallback
                0x080080b6       0x16 build/stm32h7xx_hal_fdcan.o
                0x080080b6                HAL_FDCAN_ErrorStatusCallback
 .text.HAL_FDCAN_TT_ScheduleSyncCallback
                0x080080cc       0x16 build/stm32h7xx_hal_fdcan.o
                0x080080cc                HAL_FDCAN_TT_ScheduleSyncCallback
 .text.HAL_FDCAN_TT_TimeMarkCallback
                0x080080e2       0x16 build/stm32h7xx_hal_fdcan.o
                0x080080e2                HAL_FDCAN_TT_TimeMarkCallback
 .text.HAL_FDCAN_TT_StopWatchCallback
                0x080080f8       0x18 build/stm32h7xx_hal_fdcan.o
                0x080080f8                HAL_FDCAN_TT_StopWatchCallback
 .text.HAL_FDCAN_TT_GlobalTimeCallback
                0x08008110       0x16 build/stm32h7xx_hal_fdcan.o
                0x08008110                HAL_FDCAN_TT_GlobalTimeCallback
 *fill*         0x08008126        0x2 
 .text.FDCAN_CalcultateRamBlockAddresses
                0x08008128      0x30c build/stm32h7xx_hal_fdcan.o
 .text.FDCAN_CopyMessageToRAM
                0x08008434       0xfc build/stm32h7xx_hal_fdcan.o
 .text.FDCAN_filter_init
                0x08008530       0x40 build/fdcan_filter.o
                0x08008530                FDCAN_filter_init
 .text.Hollysys_Update_State
                0x08008570       0xc0 build/hollysys.o
                0x08008570                Hollysys_Update_State
 .text.Hollysys_CAN_Send
                0x08008630       0x30 build/hollysys.o
                0x08008630                Hollysys_CAN_Send
 .text.Hollysys_startup
                0x08008660       0x84 build/hollysys.o
                0x08008660                Hollysys_startup
 .text.Hollysys_closedown
                0x080086e4       0x58 build/hollysys.o
                0x080086e4                Hollysys_closedown
 .text.Hollysys_enable_A
                0x0800873c       0x58 build/hollysys.o
                0x0800873c                Hollysys_enable_A
 .text.Hollysys_enable_B
                0x08008794       0x58 build/hollysys.o
                0x08008794                Hollysys_enable_B
 .text.Hollysys_disable_A
                0x080087ec       0x58 build/hollysys.o
                0x080087ec                Hollysys_disable_A
 .text.Hollysys_disable_B
                0x08008844       0x58 build/hollysys.o
                0x08008844                Hollysys_disable_B
 .text.Hollysys_Contol_Mode_SET
                0x0800889c       0x60 build/hollysys.o
                0x0800889c                Hollysys_Contol_Mode_SET
 .text.Hollysys_CANopen_Activate
                0x080088fc       0x2c build/hollysys.o
                0x080088fc                Hollysys_CANopen_Activate
 .text.Hollysys_SDO_Write_OD
                0x08008928       0x84 build/hollysys.o
                0x08008928                Hollysys_SDO_Write_OD
 .text.Hollysys_CANopen_PV_Init
                0x080089ac       0x80 build/hollysys.o
                0x080089ac                Hollysys_CANopen_PV_Init
 .text.Hollysys_CANopen_PV_setspd
                0x08008a2c       0x26 build/hollysys.o
                0x08008a2c                Hollysys_CANopen_PV_setspd
 *fill*         0x08008a52        0x2 
 .text.Hollysys_Setspdcmd
                0x08008a54       0x28 build/hollysys.o
                0x08008a54                Hollysys_Setspdcmd
 .text.Hollysys_Update
                0x08008a7c       0x40 build/hollysys.o
                0x08008a7c                Hollysys_Update
 .text.Hollysys_GetData
                0x08008abc       0x70 build/hollysys.o
                0x08008abc                Hollysys_GetData
 *fill*         0x08008b2c        0x4 
 .text.map_u16_to_float
                0x08008b30       0x60 build/motorevo.o
                0x08008b30                map_u16_to_float
 .text.map_u12_to_float
                0x08008b90       0x60 build/motorevo.o
                0x08008b90                map_u12_to_float
 .text.map_float_to_u8
                0x08008bf0       0x90 build/motorevo.o
                0x08008bf0                map_float_to_u8
 .text.map_float_to_u16
                0x08008c80       0x90 build/motorevo.o
                0x08008c80                map_float_to_u16
 .text.Motorevo_init
                0x08008d10      0x144 build/motorevo.o
                0x08008d10                Motorevo_init
 .text.Motorevo_CAN_Send
                0x08008e54       0x2c build/motorevo.o
                0x08008e54                Motorevo_CAN_Send
 .text.Motorevo_SetPos
                0x08008e80       0x8c build/motorevo.o
                0x08008e80                Motorevo_SetPos
 .text.Motorevo_Update
                0x08008f0c       0x5c build/motorevo.o
                0x08008f0c                Motorevo_Update
 .text.Motorevo_SetPos_cmd
                0x08008f68       0x44 build/motorevo.o
                0x08008f68                Motorevo_SetPos_cmd
 .text.Motorevo_Update_State
                0x08008fac      0x190 build/motorevo.o
                0x08008fac                Motorevo_Update_State
 .text.Motorevo_Reset
                0x0800913c       0x24 build/motorevo.o
                0x0800913c                Motorevo_Reset
 .text.Motorevo_Activate
                0x08009160       0x24 build/motorevo.o
                0x08009160                Motorevo_Activate
 .text.Chassis_Init
                0x08009184       0xc0 build/chassis.o
                0x08009184                Chassis_Init
 .text.Chassis_drive_spd_decrease
                0x08009244       0x70 build/chassis.o
                0x08009244                Chassis_drive_spd_decrease
 *fill*         0x080092b4        0x4 
 .text.Chassis_Set_drive_spd
                0x080092b8      0x10c build/chassis.o
                0x080092b8                Chassis_Set_drive_spd
 .text.Chassis_Set_steer_pos
                0x080093c4       0x8c build/chassis.o
                0x080093c4                Chassis_Set_steer_pos
 .text.Chassis_steer_pos_from_angle
                0x08009450       0x68 build/chassis.o
                0x08009450                Chassis_steer_pos_from_angle
 .text.Chassis_State_Update
                0x080094b8       0x10 build/chassis.o
                0x080094b8                Chassis_State_Update
 .text.Chassis_Info_Query
                0x080094c8        0xc build/chassis.o
                0x080094c8                Chassis_Info_Query
 .text.Chassis_Drive_Info_Query
                0x080094d4       0x34 build/chassis.o
                0x080094d4                Chassis_Drive_Info_Query
 .text.Chassis_Update
                0x08009508       0x10 build/chassis.o
                0x08009508                Chassis_Update
 .text.Chassis_Convert_steer_pos_to_angle
                0x08009518       0x44 build/chassis.o
                0x08009518                Chassis_Convert_steer_pos_to_angle
 .text.Chassis_Deinit
                0x0800955c       0x7c build/chassis.o
                0x0800955c                Chassis_Deinit
 .text.Chassis_Tidybot
                0x080095d8      0x258 build/chassis.o
                0x080095d8                Chassis_Tidybot
 .text.MX_USB_DEVICE_Init
                0x08009830       0x64 build/usb_device.o
                0x08009830                MX_USB_DEVICE_Init
 .text.USBD_HS_DeviceDescriptor
                0x08009894       0x24 build/usbd_desc.o
                0x08009894                USBD_HS_DeviceDescriptor
 .text.USBD_HS_LangIDStrDescriptor
                0x080098b8       0x24 build/usbd_desc.o
                0x080098b8                USBD_HS_LangIDStrDescriptor
 .text.USBD_HS_ProductStrDescriptor
                0x080098dc       0x3c build/usbd_desc.o
                0x080098dc                USBD_HS_ProductStrDescriptor
 .text.USBD_HS_ManufacturerStrDescriptor
                0x08009918       0x28 build/usbd_desc.o
                0x08009918                USBD_HS_ManufacturerStrDescriptor
 .text.USBD_HS_SerialStrDescriptor
                0x08009940       0x24 build/usbd_desc.o
                0x08009940                USBD_HS_SerialStrDescriptor
 .text.USBD_HS_ConfigStrDescriptor
                0x08009964       0x3c build/usbd_desc.o
                0x08009964                USBD_HS_ConfigStrDescriptor
 .text.USBD_HS_InterfaceStrDescriptor
                0x080099a0       0x3c build/usbd_desc.o
                0x080099a0                USBD_HS_InterfaceStrDescriptor
 .text.Get_SerialNum
                0x080099dc       0x58 build/usbd_desc.o
 .text.IntToUnicode
                0x08009a34       0x7e build/usbd_desc.o
 *fill*         0x08009ab2        0x2 
 .text.CDC_Init_HS
                0x08009ab4       0x28 build/usbd_cdc_if.o
 .text.CDC_DeInit_HS
                0x08009adc       0x10 build/usbd_cdc_if.o
 .text.CDC_Control_HS
                0x08009aec       0xbc build/usbd_cdc_if.o
 .text.CDC_Receive_HS
                0x08009ba8       0x34 build/usbd_cdc_if.o
 .text.CDC_Transmit_HS
                0x08009bdc       0x4c build/usbd_cdc_if.o
                0x08009bdc                CDC_Transmit_HS
 .text.CDC_TransmitCplt_HS
                0x08009c28       0x22 build/usbd_cdc_if.o
 *fill*         0x08009c4a        0x2 
 .text.HAL_PCD_MspInit
                0x08009c4c       0x84 build/usbd_conf.o
                0x08009c4c                HAL_PCD_MspInit
 .text.HAL_PCD_SetupStageCallback
                0x08009cd0       0x24 build/usbd_conf.o
                0x08009cd0                HAL_PCD_SetupStageCallback
 .text.HAL_PCD_DataOutStageCallback
                0x08009cf4       0x36 build/usbd_conf.o
                0x08009cf4                HAL_PCD_DataOutStageCallback
 .text.HAL_PCD_DataInStageCallback
                0x08009d2a       0x34 build/usbd_conf.o
                0x08009d2a                HAL_PCD_DataInStageCallback
 .text.HAL_PCD_SOFCallback
                0x08009d5e       0x1c build/usbd_conf.o
                0x08009d5e                HAL_PCD_SOFCallback
 .text.HAL_PCD_ResetCallback
                0x08009d7a       0x50 build/usbd_conf.o
                0x08009d7a                HAL_PCD_ResetCallback
 *fill*         0x08009dca        0x2 
 .text.HAL_PCD_SuspendCallback
                0x08009dcc       0x4c build/usbd_conf.o
                0x08009dcc                HAL_PCD_SuspendCallback
 .text.HAL_PCD_ResumeCallback
                0x08009e18       0x1c build/usbd_conf.o
                0x08009e18                HAL_PCD_ResumeCallback
 .text.HAL_PCD_ISOOUTIncompleteCallback
                0x08009e34       0x24 build/usbd_conf.o
                0x08009e34                HAL_PCD_ISOOUTIncompleteCallback
 .text.HAL_PCD_ISOINIncompleteCallback
                0x08009e58       0x24 build/usbd_conf.o
                0x08009e58                HAL_PCD_ISOINIncompleteCallback
 .text.HAL_PCD_ConnectCallback
                0x08009e7c       0x1c build/usbd_conf.o
                0x08009e7c                HAL_PCD_ConnectCallback
 .text.HAL_PCD_DisconnectCallback
                0x08009e98       0x1c build/usbd_conf.o
                0x08009e98                HAL_PCD_DisconnectCallback
 .text.USBD_LL_Init
                0x08009eb4       0xa4 build/usbd_conf.o
                0x08009eb4                USBD_LL_Init
 .text.USBD_LL_Start
                0x08009f58       0x36 build/usbd_conf.o
                0x08009f58                USBD_LL_Start
 .text.USBD_LL_OpenEP
                0x08009f8e       0x4c build/usbd_conf.o
                0x08009f8e                USBD_LL_OpenEP
 .text.USBD_LL_CloseEP
                0x08009fda       0x3e build/usbd_conf.o
                0x08009fda                USBD_LL_CloseEP
 .text.USBD_LL_StallEP
                0x0800a018       0x3e build/usbd_conf.o
                0x0800a018                USBD_LL_StallEP
 .text.USBD_LL_ClearStallEP
                0x0800a056       0x3e build/usbd_conf.o
                0x0800a056                USBD_LL_ClearStallEP
 .text.USBD_LL_IsStallEP
                0x0800a094       0x58 build/usbd_conf.o
                0x0800a094                USBD_LL_IsStallEP
 .text.USBD_LL_SetUSBAddress
                0x0800a0ec       0x3e build/usbd_conf.o
                0x0800a0ec                USBD_LL_SetUSBAddress
 .text.USBD_LL_Transmit
                0x0800a12a       0x42 build/usbd_conf.o
                0x0800a12a                USBD_LL_Transmit
 .text.USBD_LL_PrepareReceive
                0x0800a16c       0x42 build/usbd_conf.o
                0x0800a16c                USBD_LL_PrepareReceive
 .text.USBD_LL_GetRxDataSize
                0x0800a1ae       0x26 build/usbd_conf.o
                0x0800a1ae                USBD_LL_GetRxDataSize
 .text.USBD_static_malloc
                0x0800a1d4       0x1c build/usbd_conf.o
                0x0800a1d4                USBD_static_malloc
 .text.USBD_static_free
                0x0800a1f0       0x14 build/usbd_conf.o
                0x0800a1f0                USBD_static_free
 .text.USBD_Get_USB_Status
                0x0800a204       0x58 build/usbd_conf.o
                0x0800a204                USBD_Get_USB_Status
 .text.HAL_PCD_Init
                0x0800a25c      0x248 build/stm32h7xx_hal_pcd.o
                0x0800a25c                HAL_PCD_Init
 .text.HAL_PCD_Start
                0x0800a4a4       0x66 build/stm32h7xx_hal_pcd.o
                0x0800a4a4                HAL_PCD_Start
 .text.HAL_PCD_IRQHandler
                0x0800a50a      0x998 build/stm32h7xx_hal_pcd.o
                0x0800a50a                HAL_PCD_IRQHandler
 .text.HAL_PCD_SetAddress
                0x0800aea2       0x4a build/stm32h7xx_hal_pcd.o
                0x0800aea2                HAL_PCD_SetAddress
 .text.HAL_PCD_EP_Open
                0x0800aeec       0xd0 build/stm32h7xx_hal_pcd.o
                0x0800aeec                HAL_PCD_EP_Open
 .text.HAL_PCD_EP_Close
                0x0800afbc       0x94 build/stm32h7xx_hal_pcd.o
                0x0800afbc                HAL_PCD_EP_Close
 .text.HAL_PCD_EP_Receive
                0x0800b050       0x96 build/stm32h7xx_hal_pcd.o
                0x0800b050                HAL_PCD_EP_Receive
 .text.HAL_PCD_EP_GetRxCount
                0x0800b0e6       0x30 build/stm32h7xx_hal_pcd.o
                0x0800b0e6                HAL_PCD_EP_GetRxCount
 .text.HAL_PCD_EP_Transmit
                0x0800b116       0x94 build/stm32h7xx_hal_pcd.o
                0x0800b116                HAL_PCD_EP_Transmit
 .text.HAL_PCD_EP_SetStall
                0x0800b1aa       0xc8 build/stm32h7xx_hal_pcd.o
                0x0800b1aa                HAL_PCD_EP_SetStall
 .text.HAL_PCD_EP_ClrStall
                0x0800b272       0xac build/stm32h7xx_hal_pcd.o
                0x0800b272                HAL_PCD_EP_ClrStall
 .text.HAL_PCD_EP_Abort
                0x0800b31e       0x62 build/stm32h7xx_hal_pcd.o
                0x0800b31e                HAL_PCD_EP_Abort
 .text.PCD_WriteEmptyTxFifo
                0x0800b380      0x11a build/stm32h7xx_hal_pcd.o
 *fill*         0x0800b49a        0x2 
 .text.PCD_EP_OutXfrComplete_int
                0x0800b49c      0x1d0 build/stm32h7xx_hal_pcd.o
 .text.PCD_EP_OutSetupPacket_int
                0x0800b66c       0x8c build/stm32h7xx_hal_pcd.o
 .text.HAL_PCDEx_SetTxFiFo
                0x0800b6f8       0x8e build/stm32h7xx_hal_pcd_ex.o
                0x0800b6f8                HAL_PCDEx_SetTxFiFo
 .text.HAL_PCDEx_SetRxFiFo
                0x0800b786       0x22 build/stm32h7xx_hal_pcd_ex.o
                0x0800b786                HAL_PCDEx_SetRxFiFo
 .text.HAL_PCDEx_ActivateLPM
                0x0800b7a8       0x48 build/stm32h7xx_hal_pcd_ex.o
                0x0800b7a8                HAL_PCDEx_ActivateLPM
 .text.HAL_PCDEx_LPM_Callback
                0x0800b7f0       0x18 build/stm32h7xx_hal_pcd_ex.o
                0x0800b7f0                HAL_PCDEx_LPM_Callback
 .text.USB_CoreInit
                0x0800b808       0xdc build/stm32h7xx_ll_usb.o
                0x0800b808                USB_CoreInit
 .text.USB_SetTurnaroundTime
                0x0800b8e4      0x144 build/stm32h7xx_ll_usb.o
                0x0800b8e4                USB_SetTurnaroundTime
 .text.USB_EnableGlobalInt
                0x0800ba28       0x22 build/stm32h7xx_ll_usb.o
                0x0800ba28                USB_EnableGlobalInt
 .text.USB_DisableGlobalInt
                0x0800ba4a       0x22 build/stm32h7xx_ll_usb.o
                0x0800ba4a                USB_DisableGlobalInt
 .text.USB_SetCurrentMode
                0x0800ba6c       0x98 build/stm32h7xx_ll_usb.o
                0x0800ba6c                USB_SetCurrentMode
 .text.USB_DevInit
                0x0800bb04      0x2bc build/stm32h7xx_ll_usb.o
                0x0800bb04                USB_DevInit
 .text.USB_FlushTxFifo
                0x0800bdc0       0x68 build/stm32h7xx_ll_usb.o
                0x0800bdc0                USB_FlushTxFifo
 .text.USB_FlushRxFifo
                0x0800be28       0x60 build/stm32h7xx_ll_usb.o
                0x0800be28                USB_FlushRxFifo
 .text.USB_SetDevSpeed
                0x0800be88       0x32 build/stm32h7xx_ll_usb.o
                0x0800be88                USB_SetDevSpeed
 .text.USB_GetDevSpeed
                0x0800beba       0x4a build/stm32h7xx_ll_usb.o
                0x0800beba                USB_GetDevSpeed
 .text.USB_ActivateEndpoint
                0x0800bf04      0x110 build/stm32h7xx_ll_usb.o
                0x0800bf04                USB_ActivateEndpoint
 .text.USB_DeactivateEndpoint
                0x0800c014      0x1b8 build/stm32h7xx_ll_usb.o
                0x0800c014                USB_DeactivateEndpoint
 .text.USB_EPStartXfer
                0x0800c1cc      0x4a0 build/stm32h7xx_ll_usb.o
                0x0800c1cc                USB_EPStartXfer
 .text.USB_EP0StartXfer
                0x0800c66c      0x2b8 build/stm32h7xx_ll_usb.o
                0x0800c66c                USB_EP0StartXfer
 .text.USB_EPStopXfer
                0x0800c924      0x154 build/stm32h7xx_ll_usb.o
                0x0800c924                USB_EPStopXfer
 .text.USB_WritePacket
                0x0800ca78       0x7c build/stm32h7xx_ll_usb.o
                0x0800ca78                USB_WritePacket
 .text.USB_ReadPacket
                0x0800caf4       0xb0 build/stm32h7xx_ll_usb.o
                0x0800caf4                USB_ReadPacket
 .text.USB_EPSetStall
                0x0800cba4       0xdc build/stm32h7xx_ll_usb.o
                0x0800cba4                USB_EPSetStall
 .text.USB_EPClearStall
                0x0800cc80       0xcc build/stm32h7xx_ll_usb.o
                0x0800cc80                USB_EPClearStall
 .text.USB_SetDevAddress
                0x0800cd4c       0x4c build/stm32h7xx_ll_usb.o
                0x0800cd4c                USB_SetDevAddress
 .text.USB_DevConnect
                0x0800cd98       0x42 build/stm32h7xx_ll_usb.o
                0x0800cd98                USB_DevConnect
 .text.USB_DevDisconnect
                0x0800cdda       0x42 build/stm32h7xx_ll_usb.o
                0x0800cdda                USB_DevDisconnect
 .text.USB_ReadInterrupts
                0x0800ce1c       0x26 build/stm32h7xx_ll_usb.o
                0x0800ce1c                USB_ReadInterrupts
 .text.USB_ReadDevAllOutEpInterrupt
                0x0800ce42       0x34 build/stm32h7xx_ll_usb.o
                0x0800ce42                USB_ReadDevAllOutEpInterrupt
 .text.USB_ReadDevAllInEpInterrupt
                0x0800ce76       0x34 build/stm32h7xx_ll_usb.o
                0x0800ce76                USB_ReadDevAllInEpInterrupt
 .text.USB_ReadDevOutEPInterrupt
                0x0800ceaa       0x3c build/stm32h7xx_ll_usb.o
                0x0800ceaa                USB_ReadDevOutEPInterrupt
 .text.USB_ReadDevInEPInterrupt
                0x0800cee6       0x5c build/stm32h7xx_ll_usb.o
                0x0800cee6                USB_ReadDevInEPInterrupt
 .text.USB_GetMode
                0x0800cf42       0x1c build/stm32h7xx_ll_usb.o
                0x0800cf42                USB_GetMode
 *fill*         0x0800cf5e        0x2 
 .text.USB_ActivateSetup
                0x0800cf60       0x48 build/stm32h7xx_ll_usb.o
                0x0800cf60                USB_ActivateSetup
 .text.USB_EP0_OutStart
                0x0800cfa8       0xbc build/stm32h7xx_ll_usb.o
                0x0800cfa8                USB_EP0_OutStart
 .text.USB_CoreReset
                0x0800d064       0x68 build/stm32h7xx_ll_usb.o
 .text.USBD_Init
                0x0800d0cc       0x60 build/usbd_core.o
                0x0800d0cc                USBD_Init
 .text.USBD_RegisterClass
                0x0800d12c       0x6c build/usbd_core.o
                0x0800d12c                USBD_RegisterClass
 .text.USBD_Start
                0x0800d198       0x18 build/usbd_core.o
                0x0800d198                USBD_Start
 .text.USBD_RunTestMode
                0x0800d1b0       0x16 build/usbd_core.o
                0x0800d1b0                USBD_RunTestMode
 .text.USBD_SetClassConfig
                0x0800d1c6       0x38 build/usbd_core.o
                0x0800d1c6                USBD_SetClassConfig
 .text.USBD_ClrClassConfig
                0x0800d1fe       0x34 build/usbd_core.o
                0x0800d1fe                USBD_ClrClassConfig
 .text.USBD_LL_SetupStage
                0x0800d232       0xaa build/usbd_core.o
                0x0800d232                USBD_LL_SetupStage
 .text.USBD_LL_DataOutStage
                0x0800d2dc      0x166 build/usbd_core.o
                0x0800d2dc                USBD_LL_DataOutStage
 .text.USBD_LL_DataInStage
                0x0800d442      0x164 build/usbd_core.o
                0x0800d442                USBD_LL_DataInStage
 .text.USBD_LL_Reset
                0x0800d5a6       0xa4 build/usbd_core.o
                0x0800d5a6                USBD_LL_Reset
 .text.USBD_LL_SetSpeed
                0x0800d64a       0x20 build/usbd_core.o
                0x0800d64a                USBD_LL_SetSpeed
 .text.USBD_LL_Suspend
                0x0800d66a       0x2c build/usbd_core.o
                0x0800d66a                USBD_LL_Suspend
 .text.USBD_LL_Resume
                0x0800d696       0x30 build/usbd_core.o
                0x0800d696                USBD_LL_Resume
 .text.USBD_LL_SOF
                0x0800d6c6       0x40 build/usbd_core.o
                0x0800d6c6                USBD_LL_SOF
 .text.USBD_LL_IsoINIncomplete
                0x0800d706       0x64 build/usbd_core.o
                0x0800d706                USBD_LL_IsoINIncomplete
 .text.USBD_LL_IsoOUTIncomplete
                0x0800d76a       0x64 build/usbd_core.o
                0x0800d76a                USBD_LL_IsoOUTIncomplete
 .text.USBD_LL_DevConnected
                0x0800d7ce       0x16 build/usbd_core.o
                0x0800d7ce                USBD_LL_DevConnected
 .text.USBD_LL_DevDisconnected
                0x0800d7e4       0x46 build/usbd_core.o
                0x0800d7e4                USBD_LL_DevDisconnected
 .text.USBD_CoreFindIF
                0x0800d82a       0x1a build/usbd_core.o
                0x0800d82a                USBD_CoreFindIF
 .text.USBD_CoreFindEP
                0x0800d844       0x1a build/usbd_core.o
                0x0800d844                USBD_CoreFindEP
 .text.USBD_GetEpDesc
                0x0800d85e       0x74 build/usbd_core.o
                0x0800d85e                USBD_GetEpDesc
 .text.USBD_GetNextDesc
                0x0800d8d2       0x3a build/usbd_core.o
                0x0800d8d2                USBD_GetNextDesc
 .text.SWAPBYTE
                0x0800d90c       0x3c build/usbd_ctlreq.o
 .text.USBD_StdDevReq
                0x0800d948       0xe4 build/usbd_ctlreq.o
                0x0800d948                USBD_StdDevReq
 .text.USBD_StdItfReq
                0x0800da2c       0xd8 build/usbd_ctlreq.o
                0x0800da2c                USBD_StdItfReq
 .text.USBD_StdEPReq
                0x0800db04      0x33a build/usbd_ctlreq.o
                0x0800db04                USBD_StdEPReq
 *fill*         0x0800de3e        0x2 
 .text.USBD_GetDescriptor
                0x0800de40      0x2d4 build/usbd_ctlreq.o
 .text.USBD_SetAddress
                0x0800e114       0x88 build/usbd_ctlreq.o
 .text.USBD_SetConfig
                0x0800e19c      0x154 build/usbd_ctlreq.o
 .text.USBD_GetConfig
                0x0800e2f0       0x6c build/usbd_ctlreq.o
 .text.USBD_GetStatus
                0x0800e35c       0x68 build/usbd_ctlreq.o
 .text.USBD_SetFeature
                0x0800e3c4       0x52 build/usbd_ctlreq.o
 .text.USBD_ClrFeature
                0x0800e416       0x44 build/usbd_ctlreq.o
 .text.USBD_ParseSetupRequest
                0x0800e45a       0x74 build/usbd_ctlreq.o
                0x0800e45a                USBD_ParseSetupRequest
 .text.USBD_CtlError
                0x0800e4ce       0x22 build/usbd_ctlreq.o
                0x0800e4ce                USBD_CtlError
 .text.USBD_GetString
                0x0800e4f0       0x8c build/usbd_ctlreq.o
                0x0800e4f0                USBD_GetString
 .text.USBD_GetLen
                0x0800e57c       0x34 build/usbd_ctlreq.o
 .text.USBD_CtlSendData
                0x0800e5b0       0x36 build/usbd_ioreq.o
                0x0800e5b0                USBD_CtlSendData
 .text.USBD_CtlContinueSendData
                0x0800e5e6       0x22 build/usbd_ioreq.o
                0x0800e5e6                USBD_CtlContinueSendData
 .text.USBD_CtlPrepareRx
                0x0800e608       0x3a build/usbd_ioreq.o
                0x0800e608                USBD_CtlPrepareRx
 .text.USBD_CtlContinueRx
                0x0800e642       0x22 build/usbd_ioreq.o
                0x0800e642                USBD_CtlContinueRx
 .text.USBD_CtlSendStatus
                0x0800e664       0x26 build/usbd_ioreq.o
                0x0800e664                USBD_CtlSendStatus
 .text.USBD_CtlReceiveStatus
                0x0800e68a       0x26 build/usbd_ioreq.o
                0x0800e68a                USBD_CtlReceiveStatus
 .text.USBD_CDC_Init
                0x0800e6b0      0x1f0 build/usbd_cdc.o
 .text.USBD_CDC_DeInit
                0x0800e8a0      0x104 build/usbd_cdc.o
 .text.USBD_CDC_Setup
                0x0800e9a4      0x1b8 build/usbd_cdc.o
 .text.USBD_CDC_DataIn
                0x0800eb5c       0xfe build/usbd_cdc.o
 .text.USBD_CDC_DataOut
                0x0800ec5a       0x70 build/usbd_cdc.o
 .text.USBD_CDC_EP0_RxReady
                0x0800ecca       0x76 build/usbd_cdc.o
 .text.USBD_CDC_GetFSCfgDesc
                0x0800ed40       0x70 build/usbd_cdc.o
 .text.USBD_CDC_GetHSCfgDesc
                0x0800edb0       0x70 build/usbd_cdc.o
 .text.USBD_CDC_GetOtherSpeedCfgDesc
                0x0800ee20       0x70 build/usbd_cdc.o
 .text.USBD_CDC_GetDeviceQualifierDescriptor
                0x0800ee90       0x20 build/usbd_cdc.o
                0x0800ee90                USBD_CDC_GetDeviceQualifierDescriptor
 .text.USBD_CDC_RegisterInterface
                0x0800eeb0       0x34 build/usbd_cdc.o
                0x0800eeb0                USBD_CDC_RegisterInterface
 .text.USBD_CDC_SetTxBuffer
                0x0800eee4       0x44 build/usbd_cdc.o
                0x0800eee4                USBD_CDC_SetTxBuffer
 .text.USBD_CDC_SetRxBuffer
                0x0800ef28       0x3a build/usbd_cdc.o
                0x0800ef28                USBD_CDC_SetRxBuffer
 *fill*         0x0800ef62        0x2 
 .text.USBD_CDC_TransmitPacket
                0x0800ef64       0x8c build/usbd_cdc.o
                0x0800ef64                USBD_CDC_TransmitPacket
 .text.USBD_CDC_ReceivePacket
                0x0800eff0       0x6c build/usbd_cdc.o
                0x0800eff0                USBD_CDC_ReceivePacket
 .text.MX_TIM1_Init
                0x0800f05c       0xa8 build/tim.o
                0x0800f05c                MX_TIM1_Init
 .text.HAL_TIM_Base_MspInit
                0x0800f104       0x50 build/tim.o
                0x0800f104                HAL_TIM_Base_MspInit
 .text.MX_USART2_UART_Init
                0x0800f154       0x98 build/usart.o
                0x0800f154                MX_USART2_UART_Init
 .text.HAL_UART_MspInit
                0x0800f1ec      0x13c build/usart.o
                0x0800f1ec                HAL_UART_MspInit
 .text.HAL_UART_Init
                0x0800f328       0xa0 build/stm32h7xx_hal_uart.o
                0x0800f328                HAL_UART_Init
 .text.HAL_UART_Transmit
                0x0800f3c8      0x12c build/stm32h7xx_hal_uart.o
                0x0800f3c8                HAL_UART_Transmit
 .text.HAL_UART_Receive_IT
                0x0800f4f4       0xac build/stm32h7xx_hal_uart.o
                0x0800f4f4                HAL_UART_Receive_IT
 .text.HAL_UART_AbortReceive
                0x0800f5a0      0x164 build/stm32h7xx_hal_uart.o
                0x0800f5a0                HAL_UART_AbortReceive
 .text.HAL_UART_IRQHandler
                0x0800f704      0x73c build/stm32h7xx_hal_uart.o
                0x0800f704                HAL_UART_IRQHandler
 .text.HAL_UART_TxCpltCallback
                0x0800fe40       0x14 build/stm32h7xx_hal_uart.o
                0x0800fe40                HAL_UART_TxCpltCallback
 .text.HAL_UART_RxHalfCpltCallback
                0x0800fe54       0x14 build/stm32h7xx_hal_uart.o
                0x0800fe54                HAL_UART_RxHalfCpltCallback
 .text.HAL_UART_ErrorCallback
                0x0800fe68       0x14 build/stm32h7xx_hal_uart.o
                0x0800fe68                HAL_UART_ErrorCallback
 .text.UART_SetConfig
                0x0800fe7c      0xcd8 build/stm32h7xx_hal_uart.o
                0x0800fe7c                UART_SetConfig
 .text.UART_AdvFeatureConfig
                0x08010b54      0x144 build/stm32h7xx_hal_uart.o
                0x08010b54                UART_AdvFeatureConfig
 .text.UART_CheckIdleState
                0x08010c98       0x96 build/stm32h7xx_hal_uart.o
                0x08010c98                UART_CheckIdleState
 .text.UART_WaitOnFlagUntilTimeout
                0x08010d2e      0x190 build/stm32h7xx_hal_uart.o
                0x08010d2e                UART_WaitOnFlagUntilTimeout
 *fill*         0x08010ebe        0x2 
 .text.UART_Start_Receive_IT
                0x08010ec0      0x254 build/stm32h7xx_hal_uart.o
                0x08010ec0                UART_Start_Receive_IT
 .text.UART_Start_Receive_DMA
                0x08011114      0x150 build/stm32h7xx_hal_uart.o
                0x08011114                UART_Start_Receive_DMA
 .text.UART_EndTxTransfer
                0x08011264       0x82 build/stm32h7xx_hal_uart.o
 *fill*         0x080112e6        0x2 
 .text.UART_EndRxTransfer
                0x080112e8       0xcc build/stm32h7xx_hal_uart.o
 .text.UART_DMAReceiveCplt
                0x080113b4      0x122 build/stm32h7xx_hal_uart.o
 .text.UART_DMARxHalfCplt
                0x080114d6       0x38 build/stm32h7xx_hal_uart.o
 .text.UART_DMAError
                0x0801150e       0x80 build/stm32h7xx_hal_uart.o
 .text.UART_DMAAbortOnError
                0x0801158e       0x2c build/stm32h7xx_hal_uart.o
 .text.UART_EndTransmit_IT
                0x080115ba       0x56 build/stm32h7xx_hal_uart.o
 .text.UART_RxISR_8BIT
                0x08011610      0x160 build/stm32h7xx_hal_uart.o
 .text.UART_RxISR_16BIT
                0x08011770      0x160 build/stm32h7xx_hal_uart.o
 .text.UART_RxISR_8BIT_FIFOEN
                0x080118d0      0x2f8 build/stm32h7xx_hal_uart.o
 .text.UART_RxISR_16BIT_FIFOEN
                0x08011bc8      0x300 build/stm32h7xx_hal_uart.o
 .text.HAL_UARTEx_WakeupCallback
                0x08011ec8       0x14 build/stm32h7xx_hal_uart_ex.o
                0x08011ec8                HAL_UARTEx_WakeupCallback
 .text.HAL_UARTEx_RxFifoFullCallback
                0x08011edc       0x14 build/stm32h7xx_hal_uart_ex.o
                0x08011edc                HAL_UARTEx_RxFifoFullCallback
 .text.HAL_UARTEx_TxFifoEmptyCallback
                0x08011ef0       0x14 build/stm32h7xx_hal_uart_ex.o
                0x08011ef0                HAL_UARTEx_TxFifoEmptyCallback
 .text.HAL_UARTEx_DisableFifoMode
                0x08011f04       0x72 build/stm32h7xx_hal_uart_ex.o
                0x08011f04                HAL_UARTEx_DisableFifoMode
 .text.HAL_UARTEx_SetTxFifoThreshold
                0x08011f76       0x7c build/stm32h7xx_hal_uart_ex.o
                0x08011f76                HAL_UARTEx_SetTxFifoThreshold
 .text.HAL_UARTEx_SetRxFifoThreshold
                0x08011ff2       0x7c build/stm32h7xx_hal_uart_ex.o
                0x08011ff2                HAL_UARTEx_SetRxFifoThreshold
 .text.HAL_UARTEx_ReceiveToIdle_DMA
                0x0801206e       0xb8 build/stm32h7xx_hal_uart_ex.o
                0x0801206e                HAL_UARTEx_ReceiveToIdle_DMA
 *fill*         0x08012126        0x2 
 .text.UARTEx_SetNbDataToProcess
                0x08012128       0x9c build/stm32h7xx_hal_uart_ex.o
 .text.MX_DMA_Init
                0x080121c4       0x40 build/dma.o
                0x080121c4                MX_DMA_Init
 .text.Reset_Handler
                0x08012204       0x50 build/startup_stm32h723xx.o
                0x08012204                Reset_Handler
 .text.Default_Handler
                0x08012254        0x2 build/startup_stm32h723xx.o
                0x08012254                RTC_Alarm_IRQHandler
                0x08012254                EXTI2_IRQHandler
                0x08012254                TIM8_CC_IRQHandler
                0x08012254                UART8_IRQHandler
                0x08012254                SPI4_IRQHandler
                0x08012254                FDCAN3_IT0_IRQHandler
                0x08012254                TIM1_CC_IRQHandler
                0x08012254                BDMA_Channel6_IRQHandler
                0x08012254                DMA2_Stream5_IRQHandler
                0x08012254                DMA1_Stream5_IRQHandler
                0x08012254                CORDIC_IRQHandler
                0x08012254                BDMA_Channel1_IRQHandler
                0x08012254                TAMP_STAMP_IRQHandler
                0x08012254                EXTI3_IRQHandler
                0x08012254                LPTIM4_IRQHandler
                0x08012254                TIM8_TRG_COM_TIM14_IRQHandler
                0x08012254                LPTIM2_IRQHandler
                0x08012254                DFSDM1_FLT1_IRQHandler
                0x08012254                DMAMUX2_OVR_IRQHandler
                0x08012254                TIM8_UP_TIM13_IRQHandler
                0x08012254                I2C3_ER_IRQHandler
                0x08012254                DFSDM1_FLT2_IRQHandler
                0x08012254                I2C5_EV_IRQHandler
                0x08012254                USART10_IRQHandler
                0x08012254                MDMA_IRQHandler
                0x08012254                LPTIM3_IRQHandler
                0x08012254                HSEM1_IRQHandler
                0x08012254                EXTI0_IRQHandler
                0x08012254                I2C2_EV_IRQHandler
                0x08012254                DMA1_Stream2_IRQHandler
                0x08012254                FPU_IRQHandler
                0x08012254                OTG_HS_WKUP_IRQHandler
                0x08012254                LTDC_ER_IRQHandler
                0x08012254                DMA2_Stream2_IRQHandler
                0x08012254                SPI1_IRQHandler
                0x08012254                OCTOSPI1_IRQHandler
                0x08012254                TIM6_DAC_IRQHandler
                0x08012254                DMA2_Stream3_IRQHandler
                0x08012254                OCTOSPI2_IRQHandler
                0x08012254                DFSDM1_FLT3_IRQHandler
                0x08012254                TIM23_IRQHandler
                0x08012254                USART6_IRQHandler
                0x08012254                TIM17_IRQHandler
                0x08012254                USART3_IRQHandler
                0x08012254                BDMA_Channel7_IRQHandler
                0x08012254                LPTIM5_IRQHandler
                0x08012254                UART5_IRQHandler
                0x08012254                ADC3_IRQHandler
                0x08012254                DMA2_Stream0_IRQHandler
                0x08012254                TIM4_IRQHandler
                0x08012254                BDMA_Channel2_IRQHandler
                0x08012254                I2C1_EV_IRQHandler
                0x08012254                DMA1_Stream6_IRQHandler
                0x08012254                DMAMUX1_OVR_IRQHandler
                0x08012254                DMA1_Stream1_IRQHandler
                0x08012254                TIM16_IRQHandler
                0x08012254                UART4_IRQHandler
                0x08012254                BDMA_Channel5_IRQHandler
                0x08012254                TIM3_IRQHandler
                0x08012254                RCC_IRQHandler
                0x08012254                UART9_IRQHandler
                0x08012254                TIM8_BRK_TIM12_IRQHandler
                0x08012254                TIM1_TRG_COM_IRQHandler
                0x08012254                Default_Handler
                0x08012254                ECC_IRQHandler
                0x08012254                FMAC_IRQHandler
                0x08012254                CEC_IRQHandler
                0x08012254                EXTI15_10_IRQHandler
                0x08012254                BDMA_Channel0_IRQHandler
                0x08012254                ADC_IRQHandler
                0x08012254                I2C5_ER_IRQHandler
                0x08012254                DMA1_Stream7_IRQHandler
                0x08012254                SPI5_IRQHandler
                0x08012254                TIM7_IRQHandler
                0x08012254                FDCAN3_IT1_IRQHandler
                0x08012254                SDMMC1_IRQHandler
                0x08012254                TIM5_IRQHandler
                0x08012254                DMA2_Stream7_IRQHandler
                0x08012254                TIM15_IRQHandler
                0x08012254                PVD_AVD_IRQHandler
                0x08012254                I2C3_EV_IRQHandler
                0x08012254                EXTI9_5_IRQHandler
                0x08012254                RTC_WKUP_IRQHandler
                0x08012254                LTDC_IRQHandler
                0x08012254                ETH_WKUP_IRQHandler
                0x08012254                SPDIF_RX_IRQHandler
                0x08012254                SPI2_IRQHandler
                0x08012254                OTG_HS_EP1_IN_IRQHandler
                0x08012254                TIM24_IRQHandler
                0x08012254                CRS_IRQHandler
                0x08012254                EXTI4_IRQHandler
                0x08012254                RNG_IRQHandler
                0x08012254                FDCAN2_IT1_IRQHandler
                0x08012254                ETH_IRQHandler
                0x08012254                BDMA_Channel4_IRQHandler
                0x08012254                OTG_HS_EP1_OUT_IRQHandler
                0x08012254                WWDG_IRQHandler
                0x08012254                SPI6_IRQHandler
                0x08012254                MDIOS_IRQHandler
                0x08012254                I2C4_EV_IRQHandler
                0x08012254                FDCAN2_IT0_IRQHandler
                0x08012254                LPUART1_IRQHandler
                0x08012254                TIM2_IRQHandler
                0x08012254                DMA2D_IRQHandler
                0x08012254                TIM1_BRK_IRQHandler
                0x08012254                EXTI1_IRQHandler
                0x08012254                SDMMC2_IRQHandler
                0x08012254                BDMA_Channel3_IRQHandler
                0x08012254                DTS_IRQHandler
                0x08012254                UART7_IRQHandler
                0x08012254                MDIOS_WKUP_IRQHandler
                0x08012254                DFSDM1_FLT0_IRQHandler
                0x08012254                SAI4_IRQHandler
                0x08012254                I2C2_ER_IRQHandler
                0x08012254                DMA2_Stream1_IRQHandler
                0x08012254                FLASH_IRQHandler
                0x08012254                DMA2_Stream4_IRQHandler
                0x08012254                USART1_IRQHandler
                0x08012254                SPI3_IRQHandler
                0x08012254                WAKEUP_PIN_IRQHandler
                0x08012254                DMA1_Stream4_IRQHandler
                0x08012254                I2C1_ER_IRQHandler
                0x08012254                FMC_IRQHandler
                0x08012254                FDCAN_CAL_IRQHandler
                0x08012254                SWPMI1_IRQHandler
                0x08012254                COMP1_IRQHandler
                0x08012254                LPTIM1_IRQHandler
                0x08012254                DCMI_PSSI_IRQHandler
                0x08012254                I2C4_ER_IRQHandler
                0x08012254                DMA2_Stream6_IRQHandler
                0x08012254                SAI1_IRQHandler
                0x08012254                DMA1_Stream3_IRQHandler
 *fill*         0x08012256        0x2 
 .text.__libc_init_array
                0x08012258       0x48 e:/user/bigai/gcc_arm_none_eabi/bin/../lib/gcc/arm-none-eabi/10.3.1/../../../../arm-none-eabi/lib/thumb/v7e-m+dp/hard\libc_nano.a(lib_a-init.o)
                0x08012258                __libc_init_array
 .text.memcpy   0x080122a0       0x1c e:/user/bigai/gcc_arm_none_eabi/bin/../lib/gcc/arm-none-eabi/10.3.1/../../../../arm-none-eabi/lib/thumb/v7e-m+dp/hard\libc_nano.a(lib_a-memcpy-stub.o)
                0x080122a0                memcpy
 .text.memset   0x080122bc       0x10 e:/user/bigai/gcc_arm_none_eabi/bin/../lib/gcc/arm-none-eabi/10.3.1/../../../../arm-none-eabi/lib/thumb/v7e-m+dp/hard\libc_nano.a(lib_a-memset.o)
                0x080122bc                memset
 *fill*         0x080122cc        0x4 
 .text.cos      0x080122d0       0x80 e:/user/bigai/gcc_arm_none_eabi/bin/../lib/gcc/arm-none-eabi/10.3.1/../../../../arm-none-eabi/lib/thumb/v7e-m+dp/hard\libm.a(lib_a-s_cos.o)
                0x080122d0                cos
 .text.sin      0x08012350       0x80 e:/user/bigai/gcc_arm_none_eabi/bin/../lib/gcc/arm-none-eabi/10.3.1/../../../../arm-none-eabi/lib/thumb/v7e-m+dp/hard\libm.a(lib_a-s_sin.o)
                0x08012350                sin
 .text.atan2    0x080123d0        0x4 e:/user/bigai/gcc_arm_none_eabi/bin/../lib/gcc/arm-none-eabi/10.3.1/../../../../arm-none-eabi/lib/thumb/v7e-m+dp/hard\libm.a(lib_a-w_atan2.o)
                0x080123d0                atan2
 *fill*         0x080123d4        0x4 
 .text.sqrt     0x080123d8       0x48 e:/user/bigai/gcc_arm_none_eabi/bin/../lib/gcc/arm-none-eabi/10.3.1/../../../../arm-none-eabi/lib/thumb/v7e-m+dp/hard\libm.a(lib_a-w_sqrt.o)
                0x080123d8                sqrt
 .text.__ieee754_atan2
                0x08012420      0x19c e:/user/bigai/gcc_arm_none_eabi/bin/../lib/gcc/arm-none-eabi/10.3.1/../../../../arm-none-eabi/lib/thumb/v7e-m+dp/hard\libm.a(lib_a-e_atan2.o)
                0x08012420                __ieee754_atan2
 *fill*         0x080125bc        0x4 
 .text.__ieee754_rem_pio2
                0x080125c0      0x294 e:/user/bigai/gcc_arm_none_eabi/bin/../lib/gcc/arm-none-eabi/10.3.1/../../../../arm-none-eabi/lib/thumb/v7e-m+dp/hard\libm.a(lib_a-e_rem_pio2.o)
                0x080125c0                __ieee754_rem_pio2
 .text.__ieee754_sqrt
                0x08012854        0x8 e:/user/bigai/gcc_arm_none_eabi/bin/../lib/gcc/arm-none-eabi/10.3.1/../../../../arm-none-eabi/lib/thumb/v7e-m+dp/hard\libm.a(lib_a-e_sqrt.o)
                0x08012854                __ieee754_sqrt
 *fill*         0x0801285c        0x4 
 .text.__kernel_cos
                0x08012860      0x130 e:/user/bigai/gcc_arm_none_eabi/bin/../lib/gcc/arm-none-eabi/10.3.1/../../../../arm-none-eabi/lib/thumb/v7e-m+dp/hard\libm.a(lib_a-k_cos.o)
                0x08012860                __kernel_cos
 .text.__kernel_rem_pio2
                0x08012990      0x6b0 e:/user/bigai/gcc_arm_none_eabi/bin/../lib/gcc/arm-none-eabi/10.3.1/../../../../arm-none-eabi/lib/thumb/v7e-m+dp/hard\libm.a(lib_a-k_rem_pio2.o)
                0x08012990                __kernel_rem_pio2
 .text.__kernel_sin
                0x08013040       0xb0 e:/user/bigai/gcc_arm_none_eabi/bin/../lib/gcc/arm-none-eabi/10.3.1/../../../../arm-none-eabi/lib/thumb/v7e-m+dp/hard\libm.a(lib_a-k_sin.o)
                0x08013040                __kernel_sin
 .text.atan     0x080130f0      0x20c e:/user/bigai/gcc_arm_none_eabi/bin/../lib/gcc/arm-none-eabi/10.3.1/../../../../arm-none-eabi/lib/thumb/v7e-m+dp/hard\libm.a(lib_a-s_atan.o)
                0x080130f0                atan
 .text.fabs     0x080132fc       0x14 e:/user/bigai/gcc_arm_none_eabi/bin/../lib/gcc/arm-none-eabi/10.3.1/../../../../arm-none-eabi/lib/thumb/v7e-m+dp/hard\libm.a(lib_a-s_fabs.o)
                0x080132fc                fabs
 .text.floor    0x08013310      0x108 e:/user/bigai/gcc_arm_none_eabi/bin/../lib/gcc/arm-none-eabi/10.3.1/../../../../arm-none-eabi/lib/thumb/v7e-m+dp/hard\libm.a(lib_a-s_floor.o)
                0x08013310                floor
 .text.scalbn   0x08013418      0x10c e:/user/bigai/gcc_arm_none_eabi/bin/../lib/gcc/arm-none-eabi/10.3.1/../../../../arm-none-eabi/lib/thumb/v7e-m+dp/hard\libm.a(lib_a-s_scalbn.o)
                0x08013418                scalbn
 .text.__errno  0x08013524        0xc e:/user/bigai/gcc_arm_none_eabi/bin/../lib/gcc/arm-none-eabi/10.3.1/../../../../arm-none-eabi/lib/thumb/v7e-m+dp/hard\libc_nano.a(lib_a-errno.o)
                0x08013524                __errno
 *(.glue_7)
 .glue_7        0x08013530        0x0 linker stubs
 *(.glue_7t)
 .glue_7t       0x08013530        0x0 linker stubs
 *(.eh_frame)
 .eh_frame      0x08013530        0x0 e:/user/bigai/gcc_arm_none_eabi/bin/../lib/gcc/arm-none-eabi/10.3.1/thumb/v7e-m+dp/hard/crtbegin.o
 *(.init)
 .init          0x08013530        0x4 e:/user/bigai/gcc_arm_none_eabi/bin/../lib/gcc/arm-none-eabi/10.3.1/thumb/v7e-m+dp/hard/crti.o
                0x08013530                _init
 .init          0x08013534        0x8 e:/user/bigai/gcc_arm_none_eabi/bin/../lib/gcc/arm-none-eabi/10.3.1/thumb/v7e-m+dp/hard/crtn.o
 *(.fini)
 .fini          0x0801353c        0x4 e:/user/bigai/gcc_arm_none_eabi/bin/../lib/gcc/arm-none-eabi/10.3.1/thumb/v7e-m+dp/hard/crti.o
                0x0801353c                _fini
 .fini          0x08013540        0x8 e:/user/bigai/gcc_arm_none_eabi/bin/../lib/gcc/arm-none-eabi/10.3.1/thumb/v7e-m+dp/hard/crtn.o
                0x08013548                . = ALIGN (0x4)
                0x08013548                _etext = .

.vfp11_veneer   0x08013548        0x0
 .vfp11_veneer  0x08013548        0x0 linker stubs

.v4_bx          0x08013548        0x0
 .v4_bx         0x08013548        0x0 linker stubs

.iplt           0x08013548        0x0
 .iplt          0x08013548        0x0 e:/user/bigai/gcc_arm_none_eabi/bin/../lib/gcc/arm-none-eabi/10.3.1/thumb/v7e-m+dp/hard/crtbegin.o

.rodata         0x08013548      0x330
                0x08013548                . = ALIGN (0x4)
 *(.rodata)
 .rodata        0x08013548       0x4c build/stm32h7xx_hal_fdcan.o
 .rodata        0x08013594       0x46 build/usbd_desc.o
 *(.rodata*)
 *fill*         0x080135da        0x2 
 .rodata.D1CorePrescTable
                0x080135dc       0x10 build/system_stm32h7xx.o
                0x080135dc                D1CorePrescTable
 .rodata.flagBitshiftOffset.0
                0x080135ec        0x8 build/stm32h7xx_hal_dma.o
 .rodata.DLCtoBytes
                0x080135f4       0x10 build/stm32h7xx_hal_fdcan.o
 .rodata.UARTPrescTable
                0x08013604       0x18 build/stm32h7xx_hal_uart.o
                0x08013604                UARTPrescTable
 .rodata.numerator.1
                0x0801361c        0x8 build/stm32h7xx_hal_uart_ex.o
 .rodata.denominator.0
                0x08013624        0x8 build/stm32h7xx_hal_uart_ex.o
 *fill*         0x0801362c        0x4 
 .rodata.CSWTCH.8
                0x08013630       0x18 e:/user/bigai/gcc_arm_none_eabi/bin/../lib/gcc/arm-none-eabi/10.3.1/../../../../arm-none-eabi/lib/thumb/v7e-m+dp/hard\libm.a(lib_a-e_atan2.o)
 .rodata.CSWTCH.9
                0x08013648       0x18 e:/user/bigai/gcc_arm_none_eabi/bin/../lib/gcc/arm-none-eabi/10.3.1/../../../../arm-none-eabi/lib/thumb/v7e-m+dp/hard\libm.a(lib_a-e_atan2.o)
 .rodata.npio2_hw
                0x08013660       0x80 e:/user/bigai/gcc_arm_none_eabi/bin/../lib/gcc/arm-none-eabi/10.3.1/../../../../arm-none-eabi/lib/thumb/v7e-m+dp/hard\libm.a(lib_a-e_rem_pio2.o)
 .rodata.two_over_pi
                0x080136e0      0x108 e:/user/bigai/gcc_arm_none_eabi/bin/../lib/gcc/arm-none-eabi/10.3.1/../../../../arm-none-eabi/lib/thumb/v7e-m+dp/hard\libm.a(lib_a-e_rem_pio2.o)
 .rodata.PIo2   0x080137e8       0x40 e:/user/bigai/gcc_arm_none_eabi/bin/../lib/gcc/arm-none-eabi/10.3.1/../../../../arm-none-eabi/lib/thumb/v7e-m+dp/hard\libm.a(lib_a-k_rem_pio2.o)
 .rodata.init_jk
                0x08013828       0x10 e:/user/bigai/gcc_arm_none_eabi/bin/../lib/gcc/arm-none-eabi/10.3.1/../../../../arm-none-eabi/lib/thumb/v7e-m+dp/hard\libm.a(lib_a-k_rem_pio2.o)
 .rodata.atanhi
                0x08013838       0x20 e:/user/bigai/gcc_arm_none_eabi/bin/../lib/gcc/arm-none-eabi/10.3.1/../../../../arm-none-eabi/lib/thumb/v7e-m+dp/hard\libm.a(lib_a-s_atan.o)
 .rodata.atanlo
                0x08013858       0x20 e:/user/bigai/gcc_arm_none_eabi/bin/../lib/gcc/arm-none-eabi/10.3.1/../../../../arm-none-eabi/lib/thumb/v7e-m+dp/hard\libm.a(lib_a-s_atan.o)
                0x08013878                . = ALIGN (0x4)

.ARM.extab
 *(.ARM.extab* .gnu.linkonce.armextab.*)

.ARM            0x08013878        0x8
                0x08013878                __exidx_start = .
 *(.ARM.exidx*)
 .ARM.exidx     0x08013878        0x8 e:/user/bigai/gcc_arm_none_eabi/bin/../lib/gcc/arm-none-eabi/10.3.1/thumb/v7e-m+dp/hard\libgcc.a(_udivmoddi4.o)
                0x08013880                __exidx_end = .

.rel.dyn        0x08013880        0x0
 .rel.iplt      0x08013880        0x0 e:/user/bigai/gcc_arm_none_eabi/bin/../lib/gcc/arm-none-eabi/10.3.1/thumb/v7e-m+dp/hard/crtbegin.o

.preinit_array  0x08013880        0x0
                0x08013880                PROVIDE (__preinit_array_start = .)
 *(.preinit_array*)
                0x08013880                PROVIDE (__preinit_array_end = .)

.init_array     0x08013880        0x4
                0x08013880                PROVIDE (__init_array_start = .)
 *(SORT_BY_NAME(.init_array.*))
 *(.init_array*)
 .init_array    0x08013880        0x4 e:/user/bigai/gcc_arm_none_eabi/bin/../lib/gcc/arm-none-eabi/10.3.1/thumb/v7e-m+dp/hard/crtbegin.o
                0x08013884                PROVIDE (__init_array_end = .)

.fini_array     0x08013884        0x4
                [!provide]                PROVIDE (__fini_array_start = .)
 *(SORT_BY_NAME(.fini_array.*))
 *(.fini_array*)
 .fini_array    0x08013884        0x4 e:/user/bigai/gcc_arm_none_eabi/bin/../lib/gcc/arm-none-eabi/10.3.1/thumb/v7e-m+dp/hard/crtbegin.o
                [!provide]                PROVIDE (__fini_array_end = .)
                0x08013888                _sidata = LOADADDR (.data)

.data           0x20000000      0x238 load address 0x08013888
                0x20000000                . = ALIGN (0x4)
                0x20000000                _sdata = .
 *(.data)
 *(.data*)
 .data.SystemCoreClock
                0x20000000        0x4 build/system_stm32h7xx.o
                0x20000000                SystemCoreClock
 .data.SystemD2Clock
                0x20000004        0x4 build/system_stm32h7xx.o
                0x20000004                SystemD2Clock
 .data.uwTickPrio
                0x20000008        0x4 build/stm32h7xx_hal.o
                0x20000008                uwTickPrio
 .data.uwTickFreq
                0x2000000c        0x1 build/stm32h7xx_hal.o
                0x2000000c                uwTickFreq
 *fill*         0x2000000d        0x3 
 .data.hollysys_motor_id
                0x20000010        0x4 build/hollysys.o
                0x20000010                hollysys_motor_id
 .data.hollysys_acc
                0x20000014       0x10 build/hollysys.o
                0x20000014                hollysys_acc
 .data.hollysys_dec
                0x20000024       0x10 build/hollysys.o
                0x20000024                hollysys_dec
 .data.motorevo_reset_buf
                0x20000034        0x8 build/motorevo.o
                0x20000034                motorevo_reset_buf
 .data.motorevo_activate_buf
                0x2000003c        0x8 build/motorevo.o
                0x2000003c                motorevo_activate_buf
 .data.motorevo_id
                0x20000044        0x4 build/motorevo.o
                0x20000044                motorevo_id
 .data.pos_range
                0x20000048        0x8 build/motorevo.o
                0x20000048                pos_range
 .data.vel_range
                0x20000050        0x8 build/motorevo.o
                0x20000050                vel_range
 .data.tor_range
                0x20000058        0x8 build/motorevo.o
                0x20000058                tor_range
 .data.pos_kp_range
                0x20000060        0x8 build/motorevo.o
                0x20000060                pos_kp_range
 .data.pos_kd_range
                0x20000068        0x8 build/motorevo.o
                0x20000068                pos_kd_range
 .data.vel_kp_range
                0x20000070        0x8 build/motorevo.o
                0x20000070                vel_kp_range
 .data.vel_kd_range
                0x20000078        0x8 build/motorevo.o
                0x20000078                vel_kd_range
 .data.vel_ki_range
                0x20000080        0x8 build/motorevo.o
                0x20000080                vel_ki_range
 .data.motorevo_pos_kp
                0x20000088        0x4 build/motorevo.o
                0x20000088                motorevo_pos_kp
 .data.motorevo_pos_kd
                0x2000008c        0x4 build/motorevo.o
                0x2000008c                motorevo_pos_kd
 .data.motorevo_vel_kp
                0x20000090        0x4 build/motorevo.o
                0x20000090                motorevo_vel_kp
 .data.motorevo_vel_ki
                0x20000094        0x4 build/motorevo.o
                0x20000094                motorevo_vel_ki
 .data.steer_motor_id
                0x20000098        0x4 build/chassis.o
                0x20000098                steer_motor_id
 .data.drive_motor_id
                0x2000009c        0x4 build/chassis.o
                0x2000009c                drive_motor_id
 .data.steer_vel_limit
                0x200000a0        0x4 build/chassis.o
                0x200000a0                steer_vel_limit
 .data.steer_front_angle
                0x200000a4        0x4 build/chassis.o
                0x200000a4                steer_front_angle
 .data.steer_motor_ang_cmd
                0x200000a8       0x10 build/chassis.o
                0x200000a8                steer_motor_ang_cmd
 .data.hx       0x200000b8        0x4 build/chassis.o
                0x200000b8                hx
 .data.hy       0x200000bc        0x4 build/chassis.o
                0x200000bc                hy
 .data.sign_hx  0x200000c0       0x10 build/chassis.o
                0x200000c0                sign_hx
 .data.sign_hy  0x200000d0       0x10 build/chassis.o
                0x200000d0                sign_hy
 .data.steer_to_drive
                0x200000e0        0x4 build/chassis.o
                0x200000e0                steer_to_drive
 .data.HS_Desc  0x200000e4       0x1c build/usbd_desc.o
                0x200000e4                HS_Desc
 .data.USBD_HS_DeviceDesc
                0x20000100       0x12 build/usbd_desc.o
                0x20000100                USBD_HS_DeviceDesc
 *fill*         0x20000112        0x2 
 .data.USBD_LangIDDesc
                0x20000114        0x4 build/usbd_desc.o
                0x20000114                USBD_LangIDDesc
 .data.USBD_StringSerial
                0x20000118       0x1a build/usbd_desc.o
                0x20000118                USBD_StringSerial
 *fill*         0x20000132        0x2 
 .data.USBD_Interface_fops_HS
                0x20000134       0x14 build/usbd_cdc_if.o
                0x20000134                USBD_Interface_fops_HS
 .data.USBD_CDC_DeviceQualifierDesc
                0x20000148        0xa build/usbd_cdc.o
 *fill*         0x20000152        0x2 
 .data.USBD_CDC
                0x20000154       0x38 build/usbd_cdc.o
                0x20000154                USBD_CDC
 .data.USBD_CDC_CfgDesc
                0x2000018c       0x43 build/usbd_cdc.o
 .data.CDCInEpAdd
                0x200001cf        0x1 build/usbd_cdc.o
 .data.CDCOutEpAdd
                0x200001d0        0x1 build/usbd_cdc.o
 .data.CDCCmdEpAdd
                0x200001d1        0x1 build/usbd_cdc.o
 *fill*         0x200001d2        0x2 
 .data._impure_ptr
                0x200001d4        0x4 e:/user/bigai/gcc_arm_none_eabi/bin/../lib/gcc/arm-none-eabi/10.3.1/../../../../arm-none-eabi/lib/thumb/v7e-m+dp/hard\libc_nano.a(lib_a-impure.o)
                0x200001d4                _impure_ptr
 .data.impure_data
                0x200001d8       0x60 e:/user/bigai/gcc_arm_none_eabi/bin/../lib/gcc/arm-none-eabi/10.3.1/../../../../arm-none-eabi/lib/thumb/v7e-m+dp/hard\libc_nano.a(lib_a-impure.o)
                0x20000238                . = ALIGN (0x4)
                0x20000238                _edata = .

.igot.plt       0x20000238        0x0 load address 0x08013ac0
 .igot.plt      0x20000238        0x0 e:/user/bigai/gcc_arm_none_eabi/bin/../lib/gcc/arm-none-eabi/10.3.1/thumb/v7e-m+dp/hard/crtbegin.o

.RAM_D2         0x20000238       0x40 load address 0x08013ac0
 .RAM_D2        0x20000238       0x40 build/usart.o
                0x20000238                uart2_rx_buf
                0x20000278                . = ALIGN (0x4)

.bss            0x20000278     0x1fd4 load address 0x08013b00
                0x20000278                _sbss = .
                0x20000278                __bss_start__ = _sbss
 *(.bss)
 .bss           0x20000278       0x1c e:/user/bigai/gcc_arm_none_eabi/bin/../lib/gcc/arm-none-eabi/10.3.1/thumb/v7e-m+dp/hard/crtbegin.o
 *(.bss*)
 .bss.query_chassis_flag
                0x20000294        0x1 build/main.o
                0x20000294                query_chassis_flag
 .bss.stop_flag
                0x20000295        0x1 build/main.o
                0x20000295                stop_flag
 .bss.timer1_counter
                0x20000296        0x1 build/stm32h7xx_it.o
                0x20000296                timer1_counter
 *fill*         0x20000297        0x1 
 .bss.uwTick    0x20000298        0x4 build/stm32h7xx_hal.o
                0x20000298                uwTick
 .bss.txHeader  0x2000029c       0x24 build/fdcan.o
                0x2000029c                txHeader
 .bss.rxHeader  0x200002c0       0x28 build/fdcan.o
                0x200002c0                rxHeader
 .bss.rxData    0x200002e8        0x8 build/fdcan.o
                0x200002e8                rxData
 .bss.hfdcan1   0x200002f0       0xa0 build/fdcan.o
                0x200002f0                hfdcan1
 .bss.CAN1Sedbuf
                0x20000390        0x8 build/hollysys.o
                0x20000390                CAN1Sedbuf
 .bss.hollysys_spd_rxbuf
                0x20000398       0x20 build/hollysys.o
                0x20000398                hollysys_spd_rxbuf
 .bss.hollysys_pos_rxbuf
                0x200003b8       0x20 build/hollysys.o
                0x200003b8                hollysys_pos_rxbuf
 .bss.hollysys_spd_cmd
                0x200003d8       0x10 build/hollysys.o
                0x200003d8                hollysys_spd_cmd
 .bss.hollysys_spd
                0x200003e8       0x10 build/hollysys.o
                0x200003e8                hollysys_spd
 .bss.hollysys_pos
                0x200003f8       0x10 build/hollysys.o
                0x200003f8                hollysys_pos
 .bss.need_pos  0x20000408        0x1 build/hollysys.o
                0x20000408                need_pos
 *fill*         0x20000409        0x3 
 .bss.motorevo_rec
                0x2000040c       0x20 build/motorevo.o
                0x2000040c                motorevo_rec
 .bss.motorevo_state
                0x2000042c       0x50 build/motorevo.o
                0x2000042c                motorevo_state
 .bss.motorevo_sed_buf
                0x2000047c        0x8 build/motorevo.o
                0x2000047c                motorevo_sed_buf
 .bss.motorevo_pos_cmd
                0x20000484       0x10 build/motorevo.o
                0x20000484                motorevo_pos_cmd
 .bss.motorevo_vel_cmd
                0x20000494       0x10 build/motorevo.o
                0x20000494                motorevo_vel_cmd
 .bss.motorevo_vel_kd
                0x200004a4        0x4 build/motorevo.o
                0x200004a4                motorevo_vel_kd
 .bss.pos_kp_command
                0x200004a8        0x1 build/motorevo.o
                0x200004a8                pos_kp_command
 .bss.pos_kd_command
                0x200004a9        0x1 build/motorevo.o
                0x200004a9                pos_kd_command
 .bss.vel_kp_command
                0x200004aa        0x1 build/motorevo.o
                0x200004aa                vel_kp_command
 .bss.vel_ki_command
                0x200004ab        0x1 build/motorevo.o
                0x200004ab                vel_ki_command
 .bss.vel_kd_command
                0x200004ac        0x1 build/motorevo.o
                0x200004ac                vel_kd_command
 *fill*         0x200004ad        0x3 
 .bss.steer_forward_pos
                0x200004b0       0x10 build/chassis.o
                0x200004b0                steer_forward_pos
 .bss.steer_motor_pos_cmd
                0x200004c0       0x10 build/chassis.o
                0x200004c0                steer_motor_pos_cmd
 .bss.steer_decrease_flag
                0x200004d0        0x1 build/chassis.o
                0x200004d0                steer_decrease_flag
 *fill*         0x200004d1        0x3 
 .bss.drive_motor_spd_cmd
                0x200004d4       0x10 build/chassis.o
                0x200004d4                drive_motor_spd_cmd
 .bss.bx        0x200004e4        0x4 build/chassis.o
                0x200004e4                bx
 .bss.by        0x200004e8        0x4 build/chassis.o
                0x200004e8                by
 .bss.hUsbDeviceHS
                0x200004ec      0x2dc build/usb_device.o
                0x200004ec                hUsbDeviceHS
 .bss.USBD_StrDesc
                0x200007c8      0x200 build/usbd_desc.o
                0x200007c8                USBD_StrDesc
 .bss.UserRxBufferHS
                0x200009c8      0x800 build/usbd_cdc_if.o
                0x200009c8                UserRxBufferHS
 .bss.UserTxBufferHS
                0x200011c8      0x800 build/usbd_cdc_if.o
                0x200011c8                UserTxBufferHS
 .bss.hpcd_USB_OTG_HS
                0x200019c8      0x50c build/usbd_conf.o
                0x200019c8                hpcd_USB_OTG_HS
 .bss.mem.0     0x20001ed4      0x220 build/usbd_conf.o
 .bss.cfgidx.0  0x200020f4        0x1 build/usbd_ctlreq.o
 *fill*         0x200020f5        0x3 
 .bss.htim1     0x200020f8       0x4c build/tim.o
                0x200020f8                htim1
 .bss.huart2    0x20002144       0x90 build/usart.o
                0x20002144                huart2
 .bss.hdma_usart2_rx
                0x200021d4       0x78 build/usart.o
                0x200021d4                hdma_usart2_rx
 *(COMMON)
                0x2000224c                . = ALIGN (0x4)
                0x2000224c                _ebss = .
                0x2000224c                __bss_end__ = _ebss

._user_heap_stack
                0x2000224c      0x604 load address 0x08013b00
                0x20002250                . = ALIGN (0x8)
 *fill*         0x2000224c        0x4 
                [!provide]                PROVIDE (end = .)
                [!provide]                PROVIDE (_end = .)
                0x20002450                . = (. + _Min_Heap_Size)
 *fill*         0x20002250      0x200 
                0x20002850                . = (. + _Min_Stack_Size)
 *fill*         0x20002450      0x400 
                0x20002850                . = ALIGN (0x8)

/DISCARD/
 libc.a(*)
 libm.a(*)
 libgcc.a(*)

.ARM.attributes
                0x00000000       0x2e
 *(.ARM.attributes)
 .ARM.attributes
                0x00000000       0x1e e:/user/bigai/gcc_arm_none_eabi/bin/../lib/gcc/arm-none-eabi/10.3.1/thumb/v7e-m+dp/hard/crti.o
 .ARM.attributes
                0x0000001e       0x32 e:/user/bigai/gcc_arm_none_eabi/bin/../lib/gcc/arm-none-eabi/10.3.1/thumb/v7e-m+dp/hard/crtbegin.o
 .ARM.attributes
                0x00000050       0x32 build/main.o
 .ARM.attributes
                0x00000082       0x32 build/gpio.o
 .ARM.attributes
                0x000000b4       0x32 build/stm32h7xx_it.o
 .ARM.attributes
                0x000000e6       0x32 build/stm32h7xx_hal_msp.o
 .ARM.attributes
                0x00000118       0x32 build/system_stm32h7xx.o
 .ARM.attributes
                0x0000014a       0x32 build/stm32h7xx_hal_cortex.o
 .ARM.attributes
                0x0000017c       0x32 build/stm32h7xx_hal_rcc.o
 .ARM.attributes
                0x000001ae       0x32 build/stm32h7xx_hal_rcc_ex.o
 .ARM.attributes
                0x000001e0       0x32 build/stm32h7xx_hal_gpio.o
 .ARM.attributes
                0x00000212       0x32 build/stm32h7xx_hal_dma.o
 .ARM.attributes
                0x00000244       0x32 build/stm32h7xx_hal_pwr_ex.o
 .ARM.attributes
                0x00000276       0x32 build/stm32h7xx_hal.o
 .ARM.attributes
                0x000002a8       0x32 build/stm32h7xx_hal_tim.o
 .ARM.attributes
                0x000002da       0x32 build/stm32h7xx_hal_tim_ex.o
 .ARM.attributes
                0x0000030c       0x32 build/fdcan.o
 .ARM.attributes
                0x0000033e       0x32 build/stm32h7xx_hal_fdcan.o
 .ARM.attributes
                0x00000370       0x32 build/fdcan_filter.o
 .ARM.attributes
                0x000003a2       0x32 build/hollysys.o
 .ARM.attributes
                0x000003d4       0x32 build/motorevo.o
 .ARM.attributes
                0x00000406       0x32 build/chassis.o
 .ARM.attributes
                0x00000438       0x32 build/usb_device.o
 .ARM.attributes
                0x0000046a       0x32 build/usbd_desc.o
 .ARM.attributes
                0x0000049c       0x32 build/usbd_cdc_if.o
 .ARM.attributes
                0x000004ce       0x32 build/usbd_conf.o
 .ARM.attributes
                0x00000500       0x32 build/stm32h7xx_hal_pcd.o
 .ARM.attributes
                0x00000532       0x32 build/stm32h7xx_hal_pcd_ex.o
 .ARM.attributes
                0x00000564       0x32 build/stm32h7xx_ll_usb.o
 .ARM.attributes
                0x00000596       0x32 build/usbd_core.o
 .ARM.attributes
                0x000005c8       0x32 build/usbd_ctlreq.o
 .ARM.attributes
                0x000005fa       0x32 build/usbd_ioreq.o
 .ARM.attributes
                0x0000062c       0x32 build/usbd_cdc.o
 .ARM.attributes
                0x0000065e       0x32 build/tim.o
 .ARM.attributes
                0x00000690       0x32 build/usart.o
 .ARM.attributes
                0x000006c2       0x32 build/stm32h7xx_hal_uart.o
 .ARM.attributes
                0x000006f4       0x32 build/stm32h7xx_hal_uart_ex.o
 .ARM.attributes
                0x00000726       0x32 build/dma.o
 .ARM.attributes
                0x00000758       0x21 build/startup_stm32h723xx.o
 .ARM.attributes
                0x00000779       0x32 e:/user/bigai/gcc_arm_none_eabi/bin/../lib/gcc/arm-none-eabi/10.3.1/../../../../arm-none-eabi/lib/thumb/v7e-m+dp/hard\libc_nano.a(lib_a-impure.o)
 .ARM.attributes
                0x000007ab       0x32 e:/user/bigai/gcc_arm_none_eabi/bin/../lib/gcc/arm-none-eabi/10.3.1/../../../../arm-none-eabi/lib/thumb/v7e-m+dp/hard\libc_nano.a(lib_a-init.o)
 .ARM.attributes
                0x000007dd       0x32 e:/user/bigai/gcc_arm_none_eabi/bin/../lib/gcc/arm-none-eabi/10.3.1/../../../../arm-none-eabi/lib/thumb/v7e-m+dp/hard\libc_nano.a(lib_a-memcpy-stub.o)
 .ARM.attributes
                0x0000080f       0x32 e:/user/bigai/gcc_arm_none_eabi/bin/../lib/gcc/arm-none-eabi/10.3.1/../../../../arm-none-eabi/lib/thumb/v7e-m+dp/hard\libc_nano.a(lib_a-memset.o)
 .ARM.attributes
                0x00000841       0x32 e:/user/bigai/gcc_arm_none_eabi/bin/../lib/gcc/arm-none-eabi/10.3.1/../../../../arm-none-eabi/lib/thumb/v7e-m+dp/hard\libm.a(lib_a-s_cos.o)
 .ARM.attributes
                0x00000873       0x32 e:/user/bigai/gcc_arm_none_eabi/bin/../lib/gcc/arm-none-eabi/10.3.1/../../../../arm-none-eabi/lib/thumb/v7e-m+dp/hard\libm.a(lib_a-s_sin.o)
 .ARM.attributes
                0x000008a5       0x32 e:/user/bigai/gcc_arm_none_eabi/bin/../lib/gcc/arm-none-eabi/10.3.1/../../../../arm-none-eabi/lib/thumb/v7e-m+dp/hard\libm.a(lib_a-w_atan2.o)
 .ARM.attributes
                0x000008d7       0x32 e:/user/bigai/gcc_arm_none_eabi/bin/../lib/gcc/arm-none-eabi/10.3.1/../../../../arm-none-eabi/lib/thumb/v7e-m+dp/hard\libm.a(lib_a-w_sqrt.o)
 .ARM.attributes
                0x00000909       0x32 e:/user/bigai/gcc_arm_none_eabi/bin/../lib/gcc/arm-none-eabi/10.3.1/../../../../arm-none-eabi/lib/thumb/v7e-m+dp/hard\libm.a(lib_a-e_atan2.o)
 .ARM.attributes
                0x0000093b       0x32 e:/user/bigai/gcc_arm_none_eabi/bin/../lib/gcc/arm-none-eabi/10.3.1/../../../../arm-none-eabi/lib/thumb/v7e-m+dp/hard\libm.a(lib_a-e_rem_pio2.o)
 .ARM.attributes
                0x0000096d       0x32 e:/user/bigai/gcc_arm_none_eabi/bin/../lib/gcc/arm-none-eabi/10.3.1/../../../../arm-none-eabi/lib/thumb/v7e-m+dp/hard\libm.a(lib_a-e_sqrt.o)
 .ARM.attributes
                0x0000099f       0x32 e:/user/bigai/gcc_arm_none_eabi/bin/../lib/gcc/arm-none-eabi/10.3.1/../../../../arm-none-eabi/lib/thumb/v7e-m+dp/hard\libm.a(lib_a-k_cos.o)
 .ARM.attributes
                0x000009d1       0x32 e:/user/bigai/gcc_arm_none_eabi/bin/../lib/gcc/arm-none-eabi/10.3.1/../../../../arm-none-eabi/lib/thumb/v7e-m+dp/hard\libm.a(lib_a-k_rem_pio2.o)
 .ARM.attributes
                0x00000a03       0x32 e:/user/bigai/gcc_arm_none_eabi/bin/../lib/gcc/arm-none-eabi/10.3.1/../../../../arm-none-eabi/lib/thumb/v7e-m+dp/hard\libm.a(lib_a-k_sin.o)
 .ARM.attributes
                0x00000a35       0x32 e:/user/bigai/gcc_arm_none_eabi/bin/../lib/gcc/arm-none-eabi/10.3.1/../../../../arm-none-eabi/lib/thumb/v7e-m+dp/hard\libm.a(lib_a-s_atan.o)
 .ARM.attributes
                0x00000a67       0x32 e:/user/bigai/gcc_arm_none_eabi/bin/../lib/gcc/arm-none-eabi/10.3.1/../../../../arm-none-eabi/lib/thumb/v7e-m+dp/hard\libm.a(lib_a-s_fabs.o)
 .ARM.attributes
                0x00000a99       0x32 e:/user/bigai/gcc_arm_none_eabi/bin/../lib/gcc/arm-none-eabi/10.3.1/../../../../arm-none-eabi/lib/thumb/v7e-m+dp/hard\libm.a(lib_a-s_floor.o)
 .ARM.attributes
                0x00000acb       0x32 e:/user/bigai/gcc_arm_none_eabi/bin/../lib/gcc/arm-none-eabi/10.3.1/../../../../arm-none-eabi/lib/thumb/v7e-m+dp/hard\libm.a(lib_a-s_scalbn.o)
 .ARM.attributes
                0x00000afd       0x1e e:/user/bigai/gcc_arm_none_eabi/bin/../lib/gcc/arm-none-eabi/10.3.1/thumb/v7e-m+dp/hard\libgcc.a(_aeabi_uldivmod.o)
 .ARM.attributes
                0x00000b1b       0x32 e:/user/bigai/gcc_arm_none_eabi/bin/../lib/gcc/arm-none-eabi/10.3.1/thumb/v7e-m+dp/hard\libgcc.a(_udivmoddi4.o)
 .ARM.attributes
                0x00000b4d       0x1e e:/user/bigai/gcc_arm_none_eabi/bin/../lib/gcc/arm-none-eabi/10.3.1/thumb/v7e-m+dp/hard\libgcc.a(_dvmd_tls.o)
 .ARM.attributes
                0x00000b6b       0x32 e:/user/bigai/gcc_arm_none_eabi/bin/../lib/gcc/arm-none-eabi/10.3.1/../../../../arm-none-eabi/lib/thumb/v7e-m+dp/hard\libc_nano.a(lib_a-errno.o)
 .ARM.attributes
                0x00000b9d       0x1e e:/user/bigai/gcc_arm_none_eabi/bin/../lib/gcc/arm-none-eabi/10.3.1/thumb/v7e-m+dp/hard/crtn.o
OUTPUT(build/Nucleo_h723zg.elf elf32-littlearm)
LOAD linker stubs
LOAD e:/user/bigai/gcc_arm_none_eabi/bin/../lib/gcc/arm-none-eabi/10.3.1/../../../../arm-none-eabi/lib/thumb/v7e-m+dp/hard\libc.a
LOAD e:/user/bigai/gcc_arm_none_eabi/bin/../lib/gcc/arm-none-eabi/10.3.1/../../../../arm-none-eabi/lib/thumb/v7e-m+dp/hard\libm.a
LOAD e:/user/bigai/gcc_arm_none_eabi/bin/../lib/gcc/arm-none-eabi/10.3.1/thumb/v7e-m+dp/hard\libgcc.a

.debug_info     0x00000000    0x2ce94
 .debug_info    0x00000000     0x19a7 build/main.o
 .debug_info    0x000019a7      0x57d build/gpio.o
 .debug_info    0x00001f24     0x1fc2 build/stm32h7xx_it.o
 .debug_info    0x00003ee6      0x543 build/stm32h7xx_hal_msp.o
 .debug_info    0x00004429      0xc8f build/system_stm32h7xx.o
 .debug_info    0x000050b8     0x12b4 build/stm32h7xx_hal_cortex.o
 .debug_info    0x0000636c      0xf8b build/stm32h7xx_hal_rcc.o
 .debug_info    0x000072f7     0x1489 build/stm32h7xx_hal_rcc_ex.o
 .debug_info    0x00008780      0xeb2 build/stm32h7xx_hal_gpio.o
 .debug_info    0x00009632      0xcb9 build/stm32h7xx_hal_dma.o
 .debug_info    0x0000a2eb      0xff0 build/stm32h7xx_hal_pwr_ex.o
 .debug_info    0x0000b2db     0x1973 build/stm32h7xx_hal.o
 .debug_info    0x0000cc4e     0x3078 build/stm32h7xx_hal_tim.o
 .debug_info    0x0000fcc6     0x1a68 build/stm32h7xx_hal_tim_ex.o
 .debug_info    0x0001172e     0x188c build/fdcan.o
 .debug_info    0x00012fba     0x3180 build/stm32h7xx_hal_fdcan.o
 .debug_info    0x0001613a      0xa57 build/fdcan_filter.o
 .debug_info    0x00016b91     0x10f0 build/hollysys.o
 .debug_info    0x00017c81     0x1185 build/motorevo.o
 .debug_info    0x00018e06      0x70c build/chassis.o
 .debug_info    0x00019512      0x789 build/usb_device.o
 .debug_info    0x00019c9b      0x4c1 build/usbd_desc.o
 .debug_info    0x0001a15c      0x9ca build/usbd_cdc_if.o
 .debug_info    0x0001ab26     0x2410 build/usbd_conf.o
 .debug_info    0x0001cf36     0x146e build/stm32h7xx_hal_pcd.o
 .debug_info    0x0001e3a4      0x992 build/stm32h7xx_hal_pcd_ex.o
 .debug_info    0x0001ed36     0x1d07 build/stm32h7xx_ll_usb.o
 .debug_info    0x00020a3d      0xe79 build/usbd_core.o
 .debug_info    0x000218b6      0xb3c build/usbd_ctlreq.o
 .debug_info    0x000223f2      0x821 build/usbd_ioreq.o
 .debug_info    0x00022c13     0x13a2 build/usbd_cdc.o
 .debug_info    0x00023fb5     0x118b build/tim.o
 .debug_info    0x00025140     0x162c build/usart.o
 .debug_info    0x0002676c     0x4e00 build/stm32h7xx_hal_uart.o
 .debug_info    0x0002b56c     0x1048 build/stm32h7xx_hal_uart_ex.o
 .debug_info    0x0002c5b4      0x8be build/dma.o