ARM GAS  C:\Users\Su\AppData\Local\Temp\cczrIAYn.s 			page 1


   1              		.cpu cortex-m7
   2              		.arch armv7e-m
   3              		.fpu fpv5-d16
   4              		.eabi_attribute 28, 1
   5              		.eabi_attribute 20, 1
   6              		.eabi_attribute 21, 1
   7              		.eabi_attribute 23, 3
   8              		.eabi_attribute 24, 1
   9              		.eabi_attribute 25, 1
  10              		.eabi_attribute 26, 1
  11              		.eabi_attribute 30, 6
  12              		.eabi_attribute 34, 1
  13              		.eabi_attribute 18, 4
  14              		.file	"stm32h7xx_it.c"
  15              		.text
  16              	.Ltext0:
  17              		.cfi_sections	.debug_frame
  18              		.global	timer1_counter
  19              		.section	.bss.timer1_counter,"aw",%nobits
  22              	timer1_counter:
  23 0000 00       		.space	1
  24              		.section	.text.NMI_Handler,"ax",%progbits
  25              		.align	1
  26              		.global	NMI_Handler
  27              		.syntax unified
  28              		.thumb
  29              		.thumb_func
  31              	NMI_Handler:
  32              	.LFB148:
  33              		.file 1 "Core/Src/stm32h7xx_it.c"
   1:Core/Src/stm32h7xx_it.c **** /* USER CODE BEGIN Header */
   2:Core/Src/stm32h7xx_it.c **** /**
   3:Core/Src/stm32h7xx_it.c ****   ******************************************************************************
   4:Core/Src/stm32h7xx_it.c ****   * @file    stm32h7xx_it.c
   5:Core/Src/stm32h7xx_it.c ****   * @brief   Interrupt Service Routines.
   6:Core/Src/stm32h7xx_it.c ****   ******************************************************************************
   7:Core/Src/stm32h7xx_it.c ****   * @attention
   8:Core/Src/stm32h7xx_it.c ****   *
   9:Core/Src/stm32h7xx_it.c ****   * Copyright (c) 2025 STMicroelectronics.
  10:Core/Src/stm32h7xx_it.c ****   * All rights reserved.
  11:Core/Src/stm32h7xx_it.c ****   *
  12:Core/Src/stm32h7xx_it.c ****   * This software is licensed under terms that can be found in the LICENSE file
  13:Core/Src/stm32h7xx_it.c ****   * in the root directory of this software component.
  14:Core/Src/stm32h7xx_it.c ****   * If no LICENSE file comes with this software, it is provided AS-IS.
  15:Core/Src/stm32h7xx_it.c ****   *
  16:Core/Src/stm32h7xx_it.c ****   ******************************************************************************
  17:Core/Src/stm32h7xx_it.c ****   */
  18:Core/Src/stm32h7xx_it.c **** /* USER CODE END Header */
  19:Core/Src/stm32h7xx_it.c **** 
  20:Core/Src/stm32h7xx_it.c **** /* Includes ------------------------------------------------------------------*/
  21:Core/Src/stm32h7xx_it.c **** #include "main.h"
  22:Core/Src/stm32h7xx_it.c **** #include "stm32h7xx_it.h"
  23:Core/Src/stm32h7xx_it.c **** /* Private includes ----------------------------------------------------------*/
  24:Core/Src/stm32h7xx_it.c **** /* USER CODE BEGIN Includes */
  25:Core/Src/stm32h7xx_it.c **** #include "fdcan.h"
  26:Core/Src/stm32h7xx_it.c **** #include "usb_device.h"
  27:Core/Src/stm32h7xx_it.c **** #include "hollysys.h"
ARM GAS  C:\Users\Su\AppData\Local\Temp\cczrIAYn.s 			page 2


  28:Core/Src/stm32h7xx_it.c **** #include "motorevo.h"
  29:Core/Src/stm32h7xx_it.c **** #include "chassis.h"
  30:Core/Src/stm32h7xx_it.c **** #include "usart.h"
  31:Core/Src/stm32h7xx_it.c **** /* USER CODE END Includes */
  32:Core/Src/stm32h7xx_it.c **** 
  33:Core/Src/stm32h7xx_it.c **** /* Private typedef -----------------------------------------------------------*/
  34:Core/Src/stm32h7xx_it.c **** /* USER CODE BEGIN TD */
  35:Core/Src/stm32h7xx_it.c **** 
  36:Core/Src/stm32h7xx_it.c **** /* USER CODE END TD */
  37:Core/Src/stm32h7xx_it.c **** 
  38:Core/Src/stm32h7xx_it.c **** /* Private define ------------------------------------------------------------*/
  39:Core/Src/stm32h7xx_it.c **** /* USER CODE BEGIN PD */
  40:Core/Src/stm32h7xx_it.c **** 
  41:Core/Src/stm32h7xx_it.c **** /* USER CODE END PD */
  42:Core/Src/stm32h7xx_it.c **** 
  43:Core/Src/stm32h7xx_it.c **** /* Private macro -------------------------------------------------------------*/
  44:Core/Src/stm32h7xx_it.c **** /* USER CODE BEGIN PM */
  45:Core/Src/stm32h7xx_it.c **** 
  46:Core/Src/stm32h7xx_it.c **** /* USER CODE END PM */
  47:Core/Src/stm32h7xx_it.c **** 
  48:Core/Src/stm32h7xx_it.c **** /* Private variables ---------------------------------------------------------*/
  49:Core/Src/stm32h7xx_it.c **** /* USER CODE BEGIN PV */
  50:Core/Src/stm32h7xx_it.c **** u8 timer1_counter = 0;
  51:Core/Src/stm32h7xx_it.c **** extern u8 query_chassis_flag;
  52:Core/Src/stm32h7xx_it.c **** /* USER CODE END PV */
  53:Core/Src/stm32h7xx_it.c **** 
  54:Core/Src/stm32h7xx_it.c **** /* Private function prototypes -----------------------------------------------*/
  55:Core/Src/stm32h7xx_it.c **** /* USER CODE BEGIN PFP */
  56:Core/Src/stm32h7xx_it.c **** 
  57:Core/Src/stm32h7xx_it.c **** /* USER CODE END PFP */
  58:Core/Src/stm32h7xx_it.c **** 
  59:Core/Src/stm32h7xx_it.c **** /* Private user code ---------------------------------------------------------*/
  60:Core/Src/stm32h7xx_it.c **** /* USER CODE BEGIN 0 */
  61:Core/Src/stm32h7xx_it.c **** 
  62:Core/Src/stm32h7xx_it.c **** /* USER CODE END 0 */
  63:Core/Src/stm32h7xx_it.c **** 
  64:Core/Src/stm32h7xx_it.c **** /* External variables --------------------------------------------------------*/
  65:Core/Src/stm32h7xx_it.c **** extern PCD_HandleTypeDef hpcd_USB_OTG_HS;
  66:Core/Src/stm32h7xx_it.c **** extern FDCAN_HandleTypeDef hfdcan1;
  67:Core/Src/stm32h7xx_it.c **** extern TIM_HandleTypeDef htim1;
  68:Core/Src/stm32h7xx_it.c **** extern DMA_HandleTypeDef hdma_usart2_rx;
  69:Core/Src/stm32h7xx_it.c **** extern UART_HandleTypeDef huart2;
  70:Core/Src/stm32h7xx_it.c **** extern u8 stop_flag;
  71:Core/Src/stm32h7xx_it.c **** /* USER CODE BEGIN EV */
  72:Core/Src/stm32h7xx_it.c **** 
  73:Core/Src/stm32h7xx_it.c **** /* USER CODE END EV */
  74:Core/Src/stm32h7xx_it.c **** 
  75:Core/Src/stm32h7xx_it.c **** /******************************************************************************/
  76:Core/Src/stm32h7xx_it.c **** /*           Cortex Processor Interruption and Exception Handlers          */
  77:Core/Src/stm32h7xx_it.c **** /******************************************************************************/
  78:Core/Src/stm32h7xx_it.c **** /**
  79:Core/Src/stm32h7xx_it.c ****   * @brief This function handles Non maskable interrupt.
  80:Core/Src/stm32h7xx_it.c ****   */
  81:Core/Src/stm32h7xx_it.c **** void NMI_Handler(void)
  82:Core/Src/stm32h7xx_it.c **** {
  34              		.loc 1 82 1
  35              		.cfi_startproc
ARM GAS  C:\Users\Su\AppData\Local\Temp\cczrIAYn.s 			page 3


  36              		@ args = 0, pretend = 0, frame = 0
  37              		@ frame_needed = 1, uses_anonymous_args = 0
  38              		@ link register save eliminated.
  39 0000 80B4     		push	{r7}
  40              	.LCFI0:
  41              		.cfi_def_cfa_offset 4
  42              		.cfi_offset 7, -4
  43 0002 00AF     		add	r7, sp, #0
  44              	.LCFI1:
  45              		.cfi_def_cfa_register 7
  46              	.L2:
  83:Core/Src/stm32h7xx_it.c ****   /* USER CODE BEGIN NonMaskableInt_IRQn 0 */
  84:Core/Src/stm32h7xx_it.c **** 
  85:Core/Src/stm32h7xx_it.c ****   /* USER CODE END NonMaskableInt_IRQn 0 */
  86:Core/Src/stm32h7xx_it.c ****   /* USER CODE BEGIN NonMaskableInt_IRQn 1 */
  87:Core/Src/stm32h7xx_it.c ****   while (1)
  47              		.loc 1 87 9 discriminator 1
  48 0004 FEE7     		b	.L2
  49              		.cfi_endproc
  50              	.LFE148:
  52              		.section	.text.HardFault_Handler,"ax",%progbits
  53              		.align	1
  54              		.global	HardFault_Handler
  55              		.syntax unified
  56              		.thumb
  57              		.thumb_func
  59              	HardFault_Handler:
  60              	.LFB149:
  88:Core/Src/stm32h7xx_it.c ****   {
  89:Core/Src/stm32h7xx_it.c ****   }
  90:Core/Src/stm32h7xx_it.c ****   /* USER CODE END NonMaskableInt_IRQn 1 */
  91:Core/Src/stm32h7xx_it.c **** }
  92:Core/Src/stm32h7xx_it.c **** 
  93:Core/Src/stm32h7xx_it.c **** /**
  94:Core/Src/stm32h7xx_it.c ****   * @brief This function handles Hard fault interrupt.
  95:Core/Src/stm32h7xx_it.c ****   */
  96:Core/Src/stm32h7xx_it.c **** void HardFault_Handler(void)
  97:Core/Src/stm32h7xx_it.c **** {
  61              		.loc 1 97 1
  62              		.cfi_startproc
  63              		@ args = 0, pretend = 0, frame = 0
  64              		@ frame_needed = 1, uses_anonymous_args = 0
  65              		@ link register save eliminated.
  66 0000 80B4     		push	{r7}
  67              	.LCFI2:
  68              		.cfi_def_cfa_offset 4
  69              		.cfi_offset 7, -4
  70 0002 00AF     		add	r7, sp, #0
  71              	.LCFI3:
  72              		.cfi_def_cfa_register 7
  73              	.L4:
  98:Core/Src/stm32h7xx_it.c ****   /* USER CODE BEGIN HardFault_IRQn 0 */
  99:Core/Src/stm32h7xx_it.c **** 
 100:Core/Src/stm32h7xx_it.c ****   /* USER CODE END HardFault_IRQn 0 */
 101:Core/Src/stm32h7xx_it.c ****   while (1)
  74              		.loc 1 101 9 discriminator 1
  75 0004 FEE7     		b	.L4
ARM GAS  C:\Users\Su\AppData\Local\Temp\cczrIAYn.s 			page 4


  76              		.cfi_endproc
  77              	.LFE149:
  79              		.section	.text.MemManage_Handler,"ax",%progbits
  80              		.align	1
  81              		.global	MemManage_Handler
  82              		.syntax unified
  83              		.thumb
  84              		.thumb_func
  86              	MemManage_Handler:
  87              	.LFB150:
 102:Core/Src/stm32h7xx_it.c ****   {
 103:Core/Src/stm32h7xx_it.c ****     /* USER CODE BEGIN W1_HardFault_IRQn 0 */
 104:Core/Src/stm32h7xx_it.c ****     /* USER CODE END W1_HardFault_IRQn 0 */
 105:Core/Src/stm32h7xx_it.c ****   }
 106:Core/Src/stm32h7xx_it.c **** }
 107:Core/Src/stm32h7xx_it.c **** 
 108:Core/Src/stm32h7xx_it.c **** /**
 109:Core/Src/stm32h7xx_it.c ****   * @brief This function handles Memory management fault.
 110:Core/Src/stm32h7xx_it.c ****   */
 111:Core/Src/stm32h7xx_it.c **** void MemManage_Handler(void)
 112:Core/Src/stm32h7xx_it.c **** {
  88              		.loc 1 112 1
  89              		.cfi_startproc
  90              		@ args = 0, pretend = 0, frame = 0
  91              		@ frame_needed = 1, uses_anonymous_args = 0
  92              		@ link register save eliminated.
  93 0000 80B4     		push	{r7}
  94              	.LCFI4:
  95              		.cfi_def_cfa_offset 4
  96              		.cfi_offset 7, -4
  97 0002 00AF     		add	r7, sp, #0
  98              	.LCFI5:
  99              		.cfi_def_cfa_register 7
 100              	.L6:
 113:Core/Src/stm32h7xx_it.c ****   /* USER CODE BEGIN MemoryManagement_IRQn 0 */
 114:Core/Src/stm32h7xx_it.c **** 
 115:Core/Src/stm32h7xx_it.c ****   /* USER CODE END MemoryManagement_IRQn 0 */
 116:Core/Src/stm32h7xx_it.c ****   while (1)
 101              		.loc 1 116 9 discriminator 1
 102 0004 FEE7     		b	.L6
 103              		.cfi_endproc
 104              	.LFE150:
 106              		.section	.text.BusFault_Handler,"ax",%progbits
 107              		.align	1
 108              		.global	BusFault_Handler
 109              		.syntax unified
 110              		.thumb
 111              		.thumb_func
 113              	BusFault_Handler:
 114              	.LFB151:
 117:Core/Src/stm32h7xx_it.c ****   {
 118:Core/Src/stm32h7xx_it.c ****     /* USER CODE BEGIN W1_MemoryManagement_IRQn 0 */
 119:Core/Src/stm32h7xx_it.c ****     /* USER CODE END W1_MemoryManagement_IRQn 0 */
 120:Core/Src/stm32h7xx_it.c ****   }
 121:Core/Src/stm32h7xx_it.c **** }
 122:Core/Src/stm32h7xx_it.c **** 
 123:Core/Src/stm32h7xx_it.c **** /**
ARM GAS  C:\Users\Su\AppData\Local\Temp\cczrIAYn.s 			page 5


 124:Core/Src/stm32h7xx_it.c ****   * @brief This function handles Pre-fetch fault, memory access fault.
 125:Core/Src/stm32h7xx_it.c ****   */
 126:Core/Src/stm32h7xx_it.c **** void BusFault_Handler(void)
 127:Core/Src/stm32h7xx_it.c **** {
 115              		.loc 1 127 1
 116              		.cfi_startproc
 117              		@ args = 0, pretend = 0, frame = 0
 118              		@ frame_needed = 1, uses_anonymous_args = 0
 119              		@ link register save eliminated.
 120 0000 80B4     		push	{r7}
 121              	.LCFI6:
 122              		.cfi_def_cfa_offset 4
 123              		.cfi_offset 7, -4
 124 0002 00AF     		add	r7, sp, #0
 125              	.LCFI7:
 126              		.cfi_def_cfa_register 7
 127              	.L8:
 128:Core/Src/stm32h7xx_it.c ****   /* USER CODE BEGIN BusFault_IRQn 0 */
 129:Core/Src/stm32h7xx_it.c **** 
 130:Core/Src/stm32h7xx_it.c ****   /* USER CODE END BusFault_IRQn 0 */
 131:Core/Src/stm32h7xx_it.c ****   while (1)
 128              		.loc 1 131 9 discriminator 1
 129 0004 FEE7     		b	.L8
 130              		.cfi_endproc
 131              	.LFE151:
 133              		.section	.text.UsageFault_Handler,"ax",%progbits
 134              		.align	1
 135              		.global	UsageFault_Handler
 136              		.syntax unified
 137              		.thumb
 138              		.thumb_func
 140              	UsageFault_Handler:
 141              	.LFB152:
 132:Core/Src/stm32h7xx_it.c ****   {
 133:Core/Src/stm32h7xx_it.c ****     /* USER CODE BEGIN W1_BusFault_IRQn 0 */
 134:Core/Src/stm32h7xx_it.c ****     /* USER CODE END W1_BusFault_IRQn 0 */
 135:Core/Src/stm32h7xx_it.c ****   }
 136:Core/Src/stm32h7xx_it.c **** }
 137:Core/Src/stm32h7xx_it.c **** 
 138:Core/Src/stm32h7xx_it.c **** /**
 139:Core/Src/stm32h7xx_it.c ****   * @brief This function handles Undefined instruction or illegal state.
 140:Core/Src/stm32h7xx_it.c ****   */
 141:Core/Src/stm32h7xx_it.c **** void UsageFault_Handler(void)
 142:Core/Src/stm32h7xx_it.c **** {
 142              		.loc 1 142 1
 143              		.cfi_startproc
 144              		@ args = 0, pretend = 0, frame = 0
 145              		@ frame_needed = 1, uses_anonymous_args = 0
 146              		@ link register save eliminated.
 147 0000 80B4     		push	{r7}
 148              	.LCFI8:
 149              		.cfi_def_cfa_offset 4
 150              		.cfi_offset 7, -4
 151 0002 00AF     		add	r7, sp, #0
 152              	.LCFI9:
 153              		.cfi_def_cfa_register 7
 154              	.L10:
ARM GAS  C:\Users\Su\AppData\Local\Temp\cczrIAYn.s 			page 6


 143:Core/Src/stm32h7xx_it.c ****   /* USER CODE BEGIN UsageFault_IRQn 0 */
 144:Core/Src/stm32h7xx_it.c **** 
 145:Core/Src/stm32h7xx_it.c ****   /* USER CODE END UsageFault_IRQn 0 */
 146:Core/Src/stm32h7xx_it.c ****   while (1)
 155              		.loc 1 146 9 discriminator 1
 156 0004 FEE7     		b	.L10
 157              		.cfi_endproc
 158              	.LFE152:
 160              		.section	.text.SVC_Handler,"ax",%progbits
 161              		.align	1
 162              		.global	SVC_Handler
 163              		.syntax unified
 164              		.thumb
 165              		.thumb_func
 167              	SVC_Handler:
 168              	.LFB153:
 147:Core/Src/stm32h7xx_it.c ****   {
 148:Core/Src/stm32h7xx_it.c ****     /* USER CODE BEGIN W1_UsageFault_IRQn 0 */
 149:Core/Src/stm32h7xx_it.c ****     /* USER CODE END W1_UsageFault_IRQn 0 */
 150:Core/Src/stm32h7xx_it.c ****   }
 151:Core/Src/stm32h7xx_it.c **** }
 152:Core/Src/stm32h7xx_it.c **** 
 153:Core/Src/stm32h7xx_it.c **** /**
 154:Core/Src/stm32h7xx_it.c ****   * @brief This function handles System service call via SWI instruction.
 155:Core/Src/stm32h7xx_it.c ****   */
 156:Core/Src/stm32h7xx_it.c **** void SVC_Handler(void)
 157:Core/Src/stm32h7xx_it.c **** {
 169              		.loc 1 157 1
 170              		.cfi_startproc
 171              		@ args = 0, pretend = 0, frame = 0
 172              		@ frame_needed = 1, uses_anonymous_args = 0
 173              		@ link register save eliminated.
 174 0000 80B4     		push	{r7}
 175              	.LCFI10:
 176              		.cfi_def_cfa_offset 4
 177              		.cfi_offset 7, -4
 178 0002 00AF     		add	r7, sp, #0
 179              	.LCFI11:
 180              		.cfi_def_cfa_register 7
 158:Core/Src/stm32h7xx_it.c ****   /* USER CODE BEGIN SVCall_IRQn 0 */
 159:Core/Src/stm32h7xx_it.c **** 
 160:Core/Src/stm32h7xx_it.c ****   /* USER CODE END SVCall_IRQn 0 */
 161:Core/Src/stm32h7xx_it.c ****   /* USER CODE BEGIN SVCall_IRQn 1 */
 162:Core/Src/stm32h7xx_it.c **** 
 163:Core/Src/stm32h7xx_it.c ****   /* USER CODE END SVCall_IRQn 1 */
 164:Core/Src/stm32h7xx_it.c **** }
 181              		.loc 1 164 1
 182 0004 00BF     		nop
 183 0006 BD46     		mov	sp, r7
 184              	.LCFI12:
 185              		.cfi_def_cfa_register 13
 186              		@ sp needed
 187 0008 5DF8047B 		ldr	r7, [sp], #4
 188              	.LCFI13:
 189              		.cfi_restore 7
 190              		.cfi_def_cfa_offset 0
 191 000c 7047     		bx	lr
ARM GAS  C:\Users\Su\AppData\Local\Temp\cczrIAYn.s 			page 7


 192              		.cfi_endproc
 193              	.LFE153:
 195              		.section	.text.DebugMon_Handler,"ax",%progbits
 196              		.align	1
 197              		.global	DebugMon_Handler
 198              		.syntax unified
 199              		.thumb
 200              		.thumb_func
 202              	DebugMon_Handler:
 203              	.LFB154:
 165:Core/Src/stm32h7xx_it.c **** 
 166:Core/Src/stm32h7xx_it.c **** /**
 167:Core/Src/stm32h7xx_it.c ****   * @brief This function handles Debug monitor.
 168:Core/Src/stm32h7xx_it.c ****   */
 169:Core/Src/stm32h7xx_it.c **** void DebugMon_Handler(void)
 170:Core/Src/stm32h7xx_it.c **** {
 204              		.loc 1 170 1
 205              		.cfi_startproc
 206              		@ args = 0, pretend = 0, frame = 0
 207              		@ frame_needed = 1, uses_anonymous_args = 0
 208              		@ link register save eliminated.
 209 0000 80B4     		push	{r7}
 210              	.LCFI14:
 211              		.cfi_def_cfa_offset 4
 212              		.cfi_offset 7, -4
 213 0002 00AF     		add	r7, sp, #0
 214              	.LCFI15:
 215              		.cfi_def_cfa_register 7
 171:Core/Src/stm32h7xx_it.c ****   /* USER CODE BEGIN DebugMonitor_IRQn 0 */
 172:Core/Src/stm32h7xx_it.c **** 
 173:Core/Src/stm32h7xx_it.c ****   /* USER CODE END DebugMonitor_IRQn 0 */
 174:Core/Src/stm32h7xx_it.c ****   /* USER CODE BEGIN DebugMonitor_IRQn 1 */
 175:Core/Src/stm32h7xx_it.c **** 
 176:Core/Src/stm32h7xx_it.c ****   /* USER CODE END DebugMonitor_IRQn 1 */
 177:Core/Src/stm32h7xx_it.c **** }
 216              		.loc 1 177 1
 217 0004 00BF     		nop
 218 0006 BD46     		mov	sp, r7
 219              	.LCFI16:
 220              		.cfi_def_cfa_register 13
 221              		@ sp needed
 222 0008 5DF8047B 		ldr	r7, [sp], #4
 223              	.LCFI17:
 224              		.cfi_restore 7
 225              		.cfi_def_cfa_offset 0
 226 000c 7047     		bx	lr
 227              		.cfi_endproc
 228              	.LFE154:
 230              		.section	.text.PendSV_Handler,"ax",%progbits
 231              		.align	1
 232              		.global	PendSV_Handler
 233              		.syntax unified
 234              		.thumb
 235              		.thumb_func
 237              	PendSV_Handler:
 238              	.LFB155:
 178:Core/Src/stm32h7xx_it.c **** 
ARM GAS  C:\Users\Su\AppData\Local\Temp\cczrIAYn.s 			page 8


 179:Core/Src/stm32h7xx_it.c **** /**
 180:Core/Src/stm32h7xx_it.c ****   * @brief This function handles Pendable request for system service.
 181:Core/Src/stm32h7xx_it.c ****   */
 182:Core/Src/stm32h7xx_it.c **** void PendSV_Handler(void)
 183:Core/Src/stm32h7xx_it.c **** {
 239              		.loc 1 183 1
 240              		.cfi_startproc
 241              		@ args = 0, pretend = 0, frame = 0
 242              		@ frame_needed = 1, uses_anonymous_args = 0
 243              		@ link register save eliminated.
 244 0000 80B4     		push	{r7}
 245              	.LCFI18:
 246              		.cfi_def_cfa_offset 4
 247              		.cfi_offset 7, -4
 248 0002 00AF     		add	r7, sp, #0
 249              	.LCFI19:
 250              		.cfi_def_cfa_register 7
 184:Core/Src/stm32h7xx_it.c ****   /* USER CODE BEGIN PendSV_IRQn 0 */
 185:Core/Src/stm32h7xx_it.c **** 
 186:Core/Src/stm32h7xx_it.c ****   /* USER CODE END PendSV_IRQn 0 */
 187:Core/Src/stm32h7xx_it.c ****   /* USER CODE BEGIN PendSV_IRQn 1 */
 188:Core/Src/stm32h7xx_it.c **** 
 189:Core/Src/stm32h7xx_it.c ****   /* USER CODE END PendSV_IRQn 1 */
 190:Core/Src/stm32h7xx_it.c **** }
 251              		.loc 1 190 1
 252 0004 00BF     		nop
 253 0006 BD46     		mov	sp, r7
 254              	.LCFI20:
 255              		.cfi_def_cfa_register 13
 256              		@ sp needed
 257 0008 5DF8047B 		ldr	r7, [sp], #4
 258              	.LCFI21:
 259              		.cfi_restore 7
 260              		.cfi_def_cfa_offset 0
 261 000c 7047     		bx	lr
 262              		.cfi_endproc
 263              	.LFE155:
 265              		.section	.text.SysTick_Handler,"ax",%progbits
 266              		.align	1
 267              		.global	SysTick_Handler
 268              		.syntax unified
 269              		.thumb
 270              		.thumb_func
 272              	SysTick_Handler:
 273              	.LFB156:
 191:Core/Src/stm32h7xx_it.c **** 
 192:Core/Src/stm32h7xx_it.c **** /**
 193:Core/Src/stm32h7xx_it.c ****   * @brief This function handles System tick timer.
 194:Core/Src/stm32h7xx_it.c ****   */
 195:Core/Src/stm32h7xx_it.c **** void SysTick_Handler(void)
 196:Core/Src/stm32h7xx_it.c **** {
 274              		.loc 1 196 1
 275              		.cfi_startproc
 276              		@ args = 0, pretend = 0, frame = 0
 277              		@ frame_needed = 1, uses_anonymous_args = 0
 278 0000 80B5     		push	{r7, lr}
 279              	.LCFI22:
ARM GAS  C:\Users\Su\AppData\Local\Temp\cczrIAYn.s 			page 9


 280              		.cfi_def_cfa_offset 8
 281              		.cfi_offset 7, -8
 282              		.cfi_offset 14, -4
 283 0002 00AF     		add	r7, sp, #0
 284              	.LCFI23:
 285              		.cfi_def_cfa_register 7
 197:Core/Src/stm32h7xx_it.c ****   /* USER CODE BEGIN SysTick_IRQn 0 */
 198:Core/Src/stm32h7xx_it.c **** 
 199:Core/Src/stm32h7xx_it.c ****   /* USER CODE END SysTick_IRQn 0 */
 200:Core/Src/stm32h7xx_it.c ****   HAL_IncTick();
 286              		.loc 1 200 3
 287 0004 FFF7FEFF 		bl	HAL_IncTick
 201:Core/Src/stm32h7xx_it.c ****   /* USER CODE BEGIN SysTick_IRQn 1 */
 202:Core/Src/stm32h7xx_it.c **** 
 203:Core/Src/stm32h7xx_it.c ****   /* USER CODE END SysTick_IRQn 1 */
 204:Core/Src/stm32h7xx_it.c **** }
 288              		.loc 1 204 1
 289 0008 00BF     		nop
 290 000a 80BD     		pop	{r7, pc}
 291              		.cfi_endproc
 292              	.LFE156:
 294              		.section	.text.DMA1_Stream0_IRQHandler,"ax",%progbits
 295              		.align	1
 296              		.global	DMA1_Stream0_IRQHandler
 297              		.syntax unified
 298              		.thumb
 299              		.thumb_func
 301              	DMA1_Stream0_IRQHandler:
 302              	.LFB157:
 205:Core/Src/stm32h7xx_it.c **** 
 206:Core/Src/stm32h7xx_it.c **** /******************************************************************************/
 207:Core/Src/stm32h7xx_it.c **** /* STM32H7xx Peripheral Interrupt Handlers                                    */
 208:Core/Src/stm32h7xx_it.c **** /* Add here the Interrupt Handlers for the used peripherals.                  */
 209:Core/Src/stm32h7xx_it.c **** /* For the available peripheral interrupt handler names,                      */
 210:Core/Src/stm32h7xx_it.c **** /* please refer to the startup file (startup_stm32h7xx.s).                    */
 211:Core/Src/stm32h7xx_it.c **** /******************************************************************************/
 212:Core/Src/stm32h7xx_it.c **** 
 213:Core/Src/stm32h7xx_it.c **** /**
 214:Core/Src/stm32h7xx_it.c ****   * @brief This function handles DMA1 stream0 global interrupt.
 215:Core/Src/stm32h7xx_it.c ****   */
 216:Core/Src/stm32h7xx_it.c **** void DMA1_Stream0_IRQHandler(void)
 217:Core/Src/stm32h7xx_it.c **** {
 303              		.loc 1 217 1
 304              		.cfi_startproc
 305              		@ args = 0, pretend = 0, frame = 0
 306              		@ frame_needed = 1, uses_anonymous_args = 0
 307 0000 80B5     		push	{r7, lr}
 308              	.LCFI24:
 309              		.cfi_def_cfa_offset 8
 310              		.cfi_offset 7, -8
 311              		.cfi_offset 14, -4
 312 0002 00AF     		add	r7, sp, #0
 313              	.LCFI25:
 314              		.cfi_def_cfa_register 7
 218:Core/Src/stm32h7xx_it.c ****   /* USER CODE BEGIN DMA1_Stream0_IRQn 0 */
 219:Core/Src/stm32h7xx_it.c **** 
 220:Core/Src/stm32h7xx_it.c ****   /* USER CODE END DMA1_Stream0_IRQn 0 */
ARM GAS  C:\Users\Su\AppData\Local\Temp\cczrIAYn.s 			page 10


 221:Core/Src/stm32h7xx_it.c ****   HAL_DMA_IRQHandler(&hdma_usart2_rx);
 315              		.loc 1 221 3
 316 0004 0248     		ldr	r0, .L16
 317 0006 FFF7FEFF 		bl	HAL_DMA_IRQHandler
 222:Core/Src/stm32h7xx_it.c ****   /* USER CODE BEGIN DMA1_Stream0_IRQn 1 */
 223:Core/Src/stm32h7xx_it.c **** 
 224:Core/Src/stm32h7xx_it.c ****   /* USER CODE END DMA1_Stream0_IRQn 1 */
 225:Core/Src/stm32h7xx_it.c **** }
 318              		.loc 1 225 1
 319 000a 00BF     		nop
 320 000c 80BD     		pop	{r7, pc}
 321              	.L17:
 322 000e 00BF     		.align	2
 323              	.L16:
 324 0010 00000000 		.word	hdma_usart2_rx
 325              		.cfi_endproc
 326              	.LFE157:
 328              		.section	.text.FDCAN1_IT0_IRQHandler,"ax",%progbits
 329              		.align	1
 330              		.global	FDCAN1_IT0_IRQHandler
 331              		.syntax unified
 332              		.thumb
 333              		.thumb_func
 335              	FDCAN1_IT0_IRQHandler:
 336              	.LFB158:
 226:Core/Src/stm32h7xx_it.c **** 
 227:Core/Src/stm32h7xx_it.c **** /**
 228:Core/Src/stm32h7xx_it.c ****   * @brief This function handles FDCAN1 interrupt 0.
 229:Core/Src/stm32h7xx_it.c ****   */
 230:Core/Src/stm32h7xx_it.c **** void FDCAN1_IT0_IRQHandler(void)
 231:Core/Src/stm32h7xx_it.c **** {
 337              		.loc 1 231 1
 338              		.cfi_startproc
 339              		@ args = 0, pretend = 0, frame = 0
 340              		@ frame_needed = 1, uses_anonymous_args = 0
 341 0000 80B5     		push	{r7, lr}
 342              	.LCFI26:
 343              		.cfi_def_cfa_offset 8
 344              		.cfi_offset 7, -8
 345              		.cfi_offset 14, -4
 346 0002 00AF     		add	r7, sp, #0
 347              	.LCFI27:
 348              		.cfi_def_cfa_register 7
 232:Core/Src/stm32h7xx_it.c ****   /* USER CODE BEGIN FDCAN1_IT0_IRQn 0 */
 233:Core/Src/stm32h7xx_it.c **** 
 234:Core/Src/stm32h7xx_it.c ****   /* USER CODE END FDCAN1_IT0_IRQn 0 */
 235:Core/Src/stm32h7xx_it.c ****   HAL_FDCAN_IRQHandler(&hfdcan1);
 349              		.loc 1 235 3
 350 0004 0248     		ldr	r0, .L19
 351 0006 FFF7FEFF 		bl	HAL_FDCAN_IRQHandler
 236:Core/Src/stm32h7xx_it.c ****   /* USER CODE BEGIN FDCAN1_IT0_IRQn 1 */
 237:Core/Src/stm32h7xx_it.c **** 
 238:Core/Src/stm32h7xx_it.c ****   /* USER CODE END FDCAN1_IT0_IRQn 1 */
 239:Core/Src/stm32h7xx_it.c **** }
 352              		.loc 1 239 1
 353 000a 00BF     		nop
 354 000c 80BD     		pop	{r7, pc}
ARM GAS  C:\Users\Su\AppData\Local\Temp\cczrIAYn.s 			page 11


 355              	.L20:
 356 000e 00BF     		.align	2
 357              	.L19:
 358 0010 00000000 		.word	hfdcan1
 359              		.cfi_endproc
 360              	.LFE158:
 362              		.section	.text.FDCAN1_IT1_IRQHandler,"ax",%progbits
 363              		.align	1
 364              		.global	FDCAN1_IT1_IRQHandler
 365              		.syntax unified
 366              		.thumb
 367              		.thumb_func
 369              	FDCAN1_IT1_IRQHandler:
 370              	.LFB159:
 240:Core/Src/stm32h7xx_it.c **** 
 241:Core/Src/stm32h7xx_it.c **** /**
 242:Core/Src/stm32h7xx_it.c ****   * @brief This function handles FDCAN1 interrupt 1.
 243:Core/Src/stm32h7xx_it.c ****   */
 244:Core/Src/stm32h7xx_it.c **** void FDCAN1_IT1_IRQHandler(void)
 245:Core/Src/stm32h7xx_it.c **** {
 371              		.loc 1 245 1
 372              		.cfi_startproc
 373              		@ args = 0, pretend = 0, frame = 0
 374              		@ frame_needed = 1, uses_anonymous_args = 0
 375 0000 80B5     		push	{r7, lr}
 376              	.LCFI28:
 377              		.cfi_def_cfa_offset 8
 378              		.cfi_offset 7, -8
 379              		.cfi_offset 14, -4
 380 0002 00AF     		add	r7, sp, #0
 381              	.LCFI29:
 382              		.cfi_def_cfa_register 7
 246:Core/Src/stm32h7xx_it.c ****   /* USER CODE BEGIN FDCAN1_IT1_IRQn 0 */
 247:Core/Src/stm32h7xx_it.c **** 
 248:Core/Src/stm32h7xx_it.c ****   /* USER CODE END FDCAN1_IT1_IRQn 0 */
 249:Core/Src/stm32h7xx_it.c ****   HAL_FDCAN_IRQHandler(&hfdcan1);
 383              		.loc 1 249 3
 384 0004 0248     		ldr	r0, .L22
 385 0006 FFF7FEFF 		bl	HAL_FDCAN_IRQHandler
 250:Core/Src/stm32h7xx_it.c ****   /* USER CODE BEGIN FDCAN1_IT1_IRQn 1 */
 251:Core/Src/stm32h7xx_it.c **** 
 252:Core/Src/stm32h7xx_it.c ****   /* USER CODE END FDCAN1_IT1_IRQn 1 */
 253:Core/Src/stm32h7xx_it.c **** }
 386              		.loc 1 253 1
 387 000a 00BF     		nop
 388 000c 80BD     		pop	{r7, pc}
 389              	.L23:
 390 000e 00BF     		.align	2
 391              	.L22:
 392 0010 00000000 		.word	hfdcan1
 393              		.cfi_endproc
 394              	.LFE159:
 396              		.section	.text.TIM1_UP_IRQHandler,"ax",%progbits
 397              		.align	1
 398              		.global	TIM1_UP_IRQHandler
 399              		.syntax unified
 400              		.thumb
ARM GAS  C:\Users\Su\AppData\Local\Temp\cczrIAYn.s 			page 12


 401              		.thumb_func
 403              	TIM1_UP_IRQHandler:
 404              	.LFB160:
 254:Core/Src/stm32h7xx_it.c **** 
 255:Core/Src/stm32h7xx_it.c **** /**
 256:Core/Src/stm32h7xx_it.c ****   * @brief This function handles TIM1 update interrupt.
 257:Core/Src/stm32h7xx_it.c ****   */
 258:Core/Src/stm32h7xx_it.c **** void TIM1_UP_IRQHandler(void)
 259:Core/Src/stm32h7xx_it.c **** {
 405              		.loc 1 259 1
 406              		.cfi_startproc
 407              		@ args = 0, pretend = 0, frame = 0
 408              		@ frame_needed = 1, uses_anonymous_args = 0
 409 0000 80B5     		push	{r7, lr}
 410              	.LCFI30:
 411              		.cfi_def_cfa_offset 8
 412              		.cfi_offset 7, -8
 413              		.cfi_offset 14, -4
 414 0002 00AF     		add	r7, sp, #0
 415              	.LCFI31:
 416              		.cfi_def_cfa_register 7
 260:Core/Src/stm32h7xx_it.c ****   /* USER CODE BEGIN TIM1_UP_IRQn 0 */
 261:Core/Src/stm32h7xx_it.c **** 
 262:Core/Src/stm32h7xx_it.c ****   /* USER CODE END TIM1_UP_IRQn 0 */
 263:Core/Src/stm32h7xx_it.c ****   HAL_TIM_IRQHandler(&htim1);
 417              		.loc 1 263 3
 418 0004 0248     		ldr	r0, .L25
 419 0006 FFF7FEFF 		bl	HAL_TIM_IRQHandler
 264:Core/Src/stm32h7xx_it.c ****   /* USER CODE BEGIN TIM1_UP_IRQn 1 */
 265:Core/Src/stm32h7xx_it.c **** 
 266:Core/Src/stm32h7xx_it.c ****   /* USER CODE END TIM1_UP_IRQn 1 */
 267:Core/Src/stm32h7xx_it.c **** }
 420              		.loc 1 267 1
 421 000a 00BF     		nop
 422 000c 80BD     		pop	{r7, pc}
 423              	.L26:
 424 000e 00BF     		.align	2
 425              	.L25:
 426 0010 00000000 		.word	htim1
 427              		.cfi_endproc
 428              	.LFE160:
 430              		.section	.text.USART2_IRQHandler,"ax",%progbits
 431              		.align	1
 432              		.global	USART2_IRQHandler
 433              		.syntax unified
 434              		.thumb
 435              		.thumb_func
 437              	USART2_IRQHandler:
 438              	.LFB161:
 268:Core/Src/stm32h7xx_it.c **** 
 269:Core/Src/stm32h7xx_it.c **** /**
 270:Core/Src/stm32h7xx_it.c ****   * @brief This function handles USART2 global interrupt.
 271:Core/Src/stm32h7xx_it.c ****   */
 272:Core/Src/stm32h7xx_it.c **** void USART2_IRQHandler(void)
 273:Core/Src/stm32h7xx_it.c **** {
 439              		.loc 1 273 1
 440              		.cfi_startproc
ARM GAS  C:\Users\Su\AppData\Local\Temp\cczrIAYn.s 			page 13


 441              		@ args = 0, pretend = 0, frame = 0
 442              		@ frame_needed = 1, uses_anonymous_args = 0
 443 0000 80B5     		push	{r7, lr}
 444              	.LCFI32:
 445              		.cfi_def_cfa_offset 8
 446              		.cfi_offset 7, -8
 447              		.cfi_offset 14, -4
 448 0002 00AF     		add	r7, sp, #0
 449              	.LCFI33:
 450              		.cfi_def_cfa_register 7
 274:Core/Src/stm32h7xx_it.c ****   /* USER CODE BEGIN USART2_IRQn 0 */
 275:Core/Src/stm32h7xx_it.c **** 
 276:Core/Src/stm32h7xx_it.c ****   /* USER CODE END USART2_IRQn 0 */
 277:Core/Src/stm32h7xx_it.c ****   HAL_UART_IRQHandler(&huart2);
 451              		.loc 1 277 3
 452 0004 0248     		ldr	r0, .L28
 453 0006 FFF7FEFF 		bl	HAL_UART_IRQHandler
 278:Core/Src/stm32h7xx_it.c ****   /* USER CODE BEGIN USART2_IRQn 1 */
 279:Core/Src/stm32h7xx_it.c **** 
 280:Core/Src/stm32h7xx_it.c ****   /* USER CODE END USART2_IRQn 1 */
 281:Core/Src/stm32h7xx_it.c **** }
 454              		.loc 1 281 1
 455 000a 00BF     		nop
 456 000c 80BD     		pop	{r7, pc}
 457              	.L29:
 458 000e 00BF     		.align	2
 459              	.L28:
 460 0010 00000000 		.word	huart2
 461              		.cfi_endproc
 462              	.LFE161:
 464              		.section	.text.OTG_HS_IRQHandler,"ax",%progbits
 465              		.align	1
 466              		.global	OTG_HS_IRQHandler
 467              		.syntax unified
 468              		.thumb
 469              		.thumb_func
 471              	OTG_HS_IRQHandler:
 472              	.LFB162:
 282:Core/Src/stm32h7xx_it.c **** 
 283:Core/Src/stm32h7xx_it.c **** /**
 284:Core/Src/stm32h7xx_it.c ****   * @brief This function handles USB On The Go HS global interrupt.
 285:Core/Src/stm32h7xx_it.c ****   */
 286:Core/Src/stm32h7xx_it.c **** void OTG_HS_IRQHandler(void)
 287:Core/Src/stm32h7xx_it.c **** {
 473              		.loc 1 287 1
 474              		.cfi_startproc
 475              		@ args = 0, pretend = 0, frame = 0
 476              		@ frame_needed = 1, uses_anonymous_args = 0
 477 0000 80B5     		push	{r7, lr}
 478              	.LCFI34:
 479              		.cfi_def_cfa_offset 8
 480              		.cfi_offset 7, -8
 481              		.cfi_offset 14, -4
 482 0002 00AF     		add	r7, sp, #0
 483              	.LCFI35:
 484              		.cfi_def_cfa_register 7
 288:Core/Src/stm32h7xx_it.c ****   /* USER CODE BEGIN OTG_HS_IRQn 0 */
ARM GAS  C:\Users\Su\AppData\Local\Temp\cczrIAYn.s 			page 14


 289:Core/Src/stm32h7xx_it.c **** 
 290:Core/Src/stm32h7xx_it.c ****   /* USER CODE END OTG_HS_IRQn 0 */
 291:Core/Src/stm32h7xx_it.c ****   HAL_PCD_IRQHandler(&hpcd_USB_OTG_HS);
 485              		.loc 1 291 3
 486 0004 0248     		ldr	r0, .L31
 487 0006 FFF7FEFF 		bl	HAL_PCD_IRQHandler
 292:Core/Src/stm32h7xx_it.c ****   /* USER CODE BEGIN OTG_HS_IRQn 1 */
 293:Core/Src/stm32h7xx_it.c **** 
 294:Core/Src/stm32h7xx_it.c ****   /* USER CODE END OTG_HS_IRQn 1 */
 295:Core/Src/stm32h7xx_it.c **** }
 488              		.loc 1 295 1
 489 000a 00BF     		nop
 490 000c 80BD     		pop	{r7, pc}
 491              	.L32:
 492 000e 00BF     		.align	2
 493              	.L31:
 494 0010 00000000 		.word	hpcd_USB_OTG_HS
 495              		.cfi_endproc
 496              	.LFE162:
 498              		.section	.text.HAL_FDCAN_RxFifo0Callback,"ax",%progbits
 499              		.align	1
 500              		.global	HAL_FDCAN_RxFifo0Callback
 501              		.syntax unified
 502              		.thumb
 503              		.thumb_func
 505              	HAL_FDCAN_RxFifo0Callback:
 506              	.LFB163:
 296:Core/Src/stm32h7xx_it.c **** 
 297:Core/Src/stm32h7xx_it.c **** /* USER CODE BEGIN 1 */
 298:Core/Src/stm32h7xx_it.c **** 
 299:Core/Src/stm32h7xx_it.c **** void HAL_FDCAN_RxFifo0Callback(FDCAN_HandleTypeDef *hfdcan, uint32_t RxFifo0ITs)
 300:Core/Src/stm32h7xx_it.c **** {
 507              		.loc 1 300 1
 508              		.cfi_startproc
 509              		@ args = 0, pretend = 0, frame = 16
 510              		@ frame_needed = 1, uses_anonymous_args = 0
 511 0000 80B5     		push	{r7, lr}
 512              	.LCFI36:
 513              		.cfi_def_cfa_offset 8
 514              		.cfi_offset 7, -8
 515              		.cfi_offset 14, -4
 516 0002 84B0     		sub	sp, sp, #16
 517              	.LCFI37:
 518              		.cfi_def_cfa_offset 24
 519 0004 00AF     		add	r7, sp, #0
 520              	.LCFI38:
 521              		.cfi_def_cfa_register 7
 522 0006 7860     		str	r0, [r7, #4]
 523 0008 3960     		str	r1, [r7]
 301:Core/Src/stm32h7xx_it.c ****   HAL_FDCAN_GetRxMessage(hfdcan, FDCAN_RX_FIFO0, &rxHeader, rxData);
 524              		.loc 1 301 3
 525 000a 284B     		ldr	r3, .L39
 526 000c 284A     		ldr	r2, .L39+4
 527 000e 4021     		movs	r1, #64
 528 0010 7868     		ldr	r0, [r7, #4]
 529 0012 FFF7FEFF 		bl	HAL_FDCAN_GetRxMessage
 302:Core/Src/stm32h7xx_it.c **** 
ARM GAS  C:\Users\Su\AppData\Local\Temp\cczrIAYn.s 			page 15


 303:Core/Src/stm32h7xx_it.c **** 
 304:Core/Src/stm32h7xx_it.c ****   if(rxHeader.Identifier > 0x580){
 530              		.loc 1 304 14
 531 0016 264B     		ldr	r3, .L39+4
 532 0018 1B68     		ldr	r3, [r3]
 533              		.loc 1 304 5
 534 001a B3F5B06F 		cmp	r3, #1408
 535 001e 2DD9     		bls	.L34
 536              	.LBB2:
 305:Core/Src/stm32h7xx_it.c ****     u8 node_id = rxHeader.Identifier - 0x580;
 537              		.loc 1 305 26
 538 0020 234B     		ldr	r3, .L39+4
 539 0022 1B68     		ldr	r3, [r3]
 540              		.loc 1 305 38
 541 0024 DBB2     		uxtb	r3, r3
 542              		.loc 1 305 8
 543 0026 803B     		subs	r3, r3, #128
 544 0028 FB73     		strb	r3, [r7, #15]
 306:Core/Src/stm32h7xx_it.c ****     u16 index = (((u16)rxData[2]) << 8) | rxData[1];    // command index 
 545              		.loc 1 306 30
 546 002a 204B     		ldr	r3, .L39
 547 002c 9B78     		ldrb	r3, [r3, #2]	@ zero_extendqisi2
 548              		.loc 1 306 35
 549 002e 1B02     		lsls	r3, r3, #8
 550              		.loc 1 306 41
 551 0030 1AB2     		sxth	r2, r3
 552              		.loc 1 306 49
 553 0032 1E4B     		ldr	r3, .L39
 554 0034 5B78     		ldrb	r3, [r3, #1]	@ zero_extendqisi2
 555 0036 1BB2     		sxth	r3, r3
 556              		.loc 1 306 41
 557 0038 1343     		orrs	r3, r3, r2
 558 003a 1BB2     		sxth	r3, r3
 559              		.loc 1 306 9
 560 003c BB81     		strh	r3, [r7, #12]	@ movhi
 307:Core/Src/stm32h7xx_it.c ****     switch (index) {
 561              		.loc 1 307 5
 562 003e BB89     		ldrh	r3, [r7, #12]
 563 0040 46F26302 		movw	r2, #24675
 564 0044 9342     		cmp	r3, r2
 565 0046 0ED0     		beq	.L35
 566 0048 46F26902 		movw	r2, #24681
 567 004c 9342     		cmp	r3, r2
 568 004e 29D1     		bne	.L38
 308:Core/Src/stm32h7xx_it.c ****       case 0x6069:
 309:Core/Src/stm32h7xx_it.c ****         memcpy(hollysys_spd_rxbuf[node_id - HOLLYSYS_START_ID], rxData, 8);
 569              		.loc 1 309 43
 570 0050 FB7B     		ldrb	r3, [r7, #15]	@ zero_extendqisi2
 571 0052 013B     		subs	r3, r3, #1
 572              		.loc 1 309 34
 573 0054 DB00     		lsls	r3, r3, #3
 574 0056 174A     		ldr	r2, .L39+8
 575 0058 1344     		add	r3, r3, r2
 576              		.loc 1 309 9
 577 005a 0822     		movs	r2, #8
 578 005c 1349     		ldr	r1, .L39
 579 005e 1846     		mov	r0, r3
ARM GAS  C:\Users\Su\AppData\Local\Temp\cczrIAYn.s 			page 16


 580 0060 FFF7FEFF 		bl	memcpy
 310:Core/Src/stm32h7xx_it.c ****         break;
 581              		.loc 1 310 9
 582 0064 1EE0     		b	.L37
 583              	.L35:
 311:Core/Src/stm32h7xx_it.c ****       case 0x6063:
 312:Core/Src/stm32h7xx_it.c ****         memcpy(hollysys_pos_rxbuf[node_id - HOLLYSYS_START_ID], rxData, 8);
 584              		.loc 1 312 43
 585 0066 FB7B     		ldrb	r3, [r7, #15]	@ zero_extendqisi2
 586 0068 013B     		subs	r3, r3, #1
 587              		.loc 1 312 34
 588 006a DB00     		lsls	r3, r3, #3
 589 006c 124A     		ldr	r2, .L39+12
 590 006e 1344     		add	r3, r3, r2
 591              		.loc 1 312 9
 592 0070 0822     		movs	r2, #8
 593 0072 0E49     		ldr	r1, .L39
 594 0074 1846     		mov	r0, r3
 595 0076 FFF7FEFF 		bl	memcpy
 313:Core/Src/stm32h7xx_it.c ****         break;
 596              		.loc 1 313 9
 597 007a 13E0     		b	.L37
 598              	.L34:
 599              	.LBE2:
 314:Core/Src/stm32h7xx_it.c ****     }
 315:Core/Src/stm32h7xx_it.c ****   }
 316:Core/Src/stm32h7xx_it.c ****   else if(rxHeader.Identifier >= 0x05 && rxHeader.Identifier <= 0x08){     
 600              		.loc 1 316 19
 601 007c 0C4B     		ldr	r3, .L39+4
 602 007e 1B68     		ldr	r3, [r3]
 603              		.loc 1 316 10
 604 0080 042B     		cmp	r3, #4
 605 0082 0FD9     		bls	.L38
 606              		.loc 1 316 50 discriminator 1
 607 0084 0A4B     		ldr	r3, .L39+4
 608 0086 1B68     		ldr	r3, [r3]
 609              		.loc 1 316 39 discriminator 1
 610 0088 082B     		cmp	r3, #8
 611 008a 0BD8     		bhi	.L38
 317:Core/Src/stm32h7xx_it.c ****     memcpy(&motorevo_rec[rxHeader.Identifier - MOTOREVO_START_ID], rxData, 8);
 612              		.loc 1 317 34
 613 008c 084B     		ldr	r3, .L39+4
 614 008e 1B68     		ldr	r3, [r3]
 615              		.loc 1 317 46
 616 0090 053B     		subs	r3, r3, #5
 617              		.loc 1 317 12
 618 0092 DB00     		lsls	r3, r3, #3
 619 0094 094A     		ldr	r2, .L39+16
 620 0096 1344     		add	r3, r3, r2
 621              		.loc 1 317 5
 622 0098 0822     		movs	r2, #8
 623 009a 0449     		ldr	r1, .L39
 624 009c 1846     		mov	r0, r3
 625 009e FFF7FEFF 		bl	memcpy
 318:Core/Src/stm32h7xx_it.c ****   }
 319:Core/Src/stm32h7xx_it.c **** 
 320:Core/Src/stm32h7xx_it.c **** 
ARM GAS  C:\Users\Su\AppData\Local\Temp\cczrIAYn.s 			page 17


 321:Core/Src/stm32h7xx_it.c **** }
 626              		.loc 1 321 1
 627 00a2 FFE7     		b	.L38
 628              	.L37:
 629              	.L38:
 630 00a4 00BF     		nop
 631 00a6 1037     		adds	r7, r7, #16
 632              	.LCFI39:
 633              		.cfi_def_cfa_offset 8
 634 00a8 BD46     		mov	sp, r7
 635              	.LCFI40:
 636              		.cfi_def_cfa_register 13
 637              		@ sp needed
 638 00aa 80BD     		pop	{r7, pc}
 639              	.L40:
 640              		.align	2
 641              	.L39:
 642 00ac 00000000 		.word	rxData
 643 00b0 00000000 		.word	rxHeader
 644 00b4 00000000 		.word	hollysys_spd_rxbuf
 645 00b8 00000000 		.word	hollysys_pos_rxbuf
 646 00bc 00000000 		.word	motorevo_rec
 647              		.cfi_endproc
 648              	.LFE163:
 650              		.section	.text.HAL_TIM_PeriodElapsedCallback,"ax",%progbits
 651              		.align	1
 652              		.global	HAL_TIM_PeriodElapsedCallback
 653              		.syntax unified
 654              		.thumb
 655              		.thumb_func
 657              	HAL_TIM_PeriodElapsedCallback:
 658              	.LFB164:
 322:Core/Src/stm32h7xx_it.c **** 
 323:Core/Src/stm32h7xx_it.c **** void HAL_TIM_PeriodElapsedCallback(TIM_HandleTypeDef *htim)
 324:Core/Src/stm32h7xx_it.c **** {
 659              		.loc 1 324 1
 660              		.cfi_startproc
 661              		@ args = 0, pretend = 0, frame = 8
 662              		@ frame_needed = 1, uses_anonymous_args = 0
 663              		@ link register save eliminated.
 664 0000 80B4     		push	{r7}
 665              	.LCFI41:
 666              		.cfi_def_cfa_offset 4
 667              		.cfi_offset 7, -4
 668 0002 83B0     		sub	sp, sp, #12
 669              	.LCFI42:
 670              		.cfi_def_cfa_offset 16
 671 0004 00AF     		add	r7, sp, #0
 672              	.LCFI43:
 673              		.cfi_def_cfa_register 7
 674 0006 7860     		str	r0, [r7, #4]
 325:Core/Src/stm32h7xx_it.c ****   if (htim->Instance == TIM1)
 675              		.loc 1 325 11
 676 0008 7B68     		ldr	r3, [r7, #4]
 677 000a 1B68     		ldr	r3, [r3]
 678              		.loc 1 325 6
 679 000c 0D4A     		ldr	r2, .L44
ARM GAS  C:\Users\Su\AppData\Local\Temp\cczrIAYn.s 			page 18


 680 000e 9342     		cmp	r3, r2
 681 0010 12D1     		bne	.L43
 326:Core/Src/stm32h7xx_it.c ****   {
 327:Core/Src/stm32h7xx_it.c ****       // TIM1 更新中断（CNT 溢出 / ARR 到达�??
 328:Core/Src/stm32h7xx_it.c ****     timer1_counter++;
 682              		.loc 1 328 19
 683 0012 0D4B     		ldr	r3, .L44+4
 684 0014 1B78     		ldrb	r3, [r3]	@ zero_extendqisi2
 685 0016 0133     		adds	r3, r3, #1
 686 0018 DAB2     		uxtb	r2, r3
 687 001a 0B4B     		ldr	r3, .L44+4
 688 001c 1A70     		strb	r2, [r3]
 329:Core/Src/stm32h7xx_it.c ****     if(timer1_counter % 4 == 0){      // 1kHz -> 250Hz
 689              		.loc 1 329 27
 690 001e 0A4B     		ldr	r3, .L44+4
 691 0020 1B78     		ldrb	r3, [r3]	@ zero_extendqisi2
 692 0022 03F00303 		and	r3, r3, #3
 693 0026 DBB2     		uxtb	r3, r3
 694              		.loc 1 329 7
 695 0028 002B     		cmp	r3, #0
 696 002a 05D1     		bne	.L43
 330:Core/Src/stm32h7xx_it.c ****       query_chassis_flag = 1;
 697              		.loc 1 330 26
 698 002c 074B     		ldr	r3, .L44+8
 699 002e 0122     		movs	r2, #1
 700 0030 1A70     		strb	r2, [r3]
 331:Core/Src/stm32h7xx_it.c ****       timer1_counter = 0;
 701              		.loc 1 331 22
 702 0032 054B     		ldr	r3, .L44+4
 703 0034 0022     		movs	r2, #0
 704 0036 1A70     		strb	r2, [r3]
 705              	.L43:
 332:Core/Src/stm32h7xx_it.c ****     }
 333:Core/Src/stm32h7xx_it.c ****   }
 334:Core/Src/stm32h7xx_it.c **** }
 706              		.loc 1 334 1
 707 0038 00BF     		nop
 708 003a 0C37     		adds	r7, r7, #12
 709              	.LCFI44:
 710              		.cfi_def_cfa_offset 4
 711 003c BD46     		mov	sp, r7
 712              	.LCFI45:
 713              		.cfi_def_cfa_register 13
 714              		@ sp needed
 715 003e 5DF8047B 		ldr	r7, [sp], #4
 716              	.LCFI46:
 717              		.cfi_restore 7
 718              		.cfi_def_cfa_offset 0
 719 0042 7047     		bx	lr
 720              	.L45:
 721              		.align	2
 722              	.L44:
 723 0044 00000140 		.word	1073807360
 724 0048 00000000 		.word	timer1_counter
 725 004c 00000000 		.word	query_chassis_flag
 726              		.cfi_endproc
 727              	.LFE164:
ARM GAS  C:\Users\Su\AppData\Local\Temp\cczrIAYn.s 			page 19


 729              		.section	.text.HAL_UARTEx_RxEventCallback,"ax",%progbits
 730              		.align	1
 731              		.global	HAL_UARTEx_RxEventCallback
 732              		.syntax unified
 733              		.thumb
 734              		.thumb_func
 736              	HAL_UARTEx_RxEventCallback:
 737              	.LFB165:
 335:Core/Src/stm32h7xx_it.c **** void HAL_UARTEx_RxEventCallback(UART_HandleTypeDef *huart, uint16_t Size)
 336:Core/Src/stm32h7xx_it.c **** {
 738              		.loc 1 336 1
 739              		.cfi_startproc
 740              		@ args = 0, pretend = 0, frame = 24
 741              		@ frame_needed = 1, uses_anonymous_args = 0
 742 0000 80B5     		push	{r7, lr}
 743              	.LCFI47:
 744              		.cfi_def_cfa_offset 8
 745              		.cfi_offset 7, -8
 746              		.cfi_offset 14, -4
 747 0002 86B0     		sub	sp, sp, #24
 748              	.LCFI48:
 749              		.cfi_def_cfa_offset 32
 750 0004 00AF     		add	r7, sp, #0
 751              	.LCFI49:
 752              		.cfi_def_cfa_register 7
 753 0006 7860     		str	r0, [r7, #4]
 754 0008 0B46     		mov	r3, r1
 755 000a 7B80     		strh	r3, [r7, #2]	@ movhi
 337:Core/Src/stm32h7xx_it.c ****   if (huart->Instance == USART2) 
 756              		.loc 1 337 12
 757 000c 7B68     		ldr	r3, [r7, #4]
 758 000e 1B68     		ldr	r3, [r3]
 759              		.loc 1 337 6
 760 0010 214A     		ldr	r2, .L52
 761 0012 9342     		cmp	r3, r2
 762 0014 3BD1     		bne	.L51
 763              	.LBB3:
 338:Core/Src/stm32h7xx_it.c ****   {
 339:Core/Src/stm32h7xx_it.c ****       /*    
 340:Core/Src/stm32h7xx_it.c ****       remote controller
 341:Core/Src/stm32h7xx_it.c ****       0xfe 0xff 
 342:Core/Src/stm32h7xx_it.c ****       l1 l2 r1 r2 button_select button_start 
 343:Core/Src/stm32h7xx_it.c ****       button_l1 button_l2 button_l3 button_l4 button_r1 button_r2 button_r3 button_r4 0 0
 344:Core/Src/stm32h7xx_it.c ****       above is 2 bytes
 345:Core/Src/stm32h7xx_it.c ****       stick_left_x stick_left_y stick_right_x stick_right_y
 346:Core/Src/stm32h7xx_it.c ****       stick_left_x 0x0000 - 0xffff
 347:Core/Src/stm32h7xx_it.c ****       other's are one bit
 348:Core/Src/stm32h7xx_it.c ****       */
 349:Core/Src/stm32h7xx_it.c ****       // HAL_UART_AbortReceive(&huart2);
 350:Core/Src/stm32h7xx_it.c **** 
 351:Core/Src/stm32h7xx_it.c ****       if(Size == 8 && uart2_rx_buf[0] == 0xfe && uart2_rx_buf[1] == 0xff){
 764              		.loc 1 351 9
 765 0016 7B88     		ldrh	r3, [r7, #2]
 766 0018 082B     		cmp	r3, #8
 767 001a 0DD1     		bne	.L48
 768              		.loc 1 351 35 discriminator 1
 769 001c 1F4B     		ldr	r3, .L52+4
ARM GAS  C:\Users\Su\AppData\Local\Temp\cczrIAYn.s 			page 20


 770 001e 1B78     		ldrb	r3, [r3]	@ zero_extendqisi2
 771              		.loc 1 351 20 discriminator 1
 772 0020 FE2B     		cmp	r3, #254
 773 0022 09D1     		bne	.L48
 774              		.loc 1 351 62 discriminator 2
 775 0024 1D4B     		ldr	r3, .L52+4
 776 0026 5B78     		ldrb	r3, [r3, #1]	@ zero_extendqisi2
 777              		.loc 1 351 47 discriminator 2
 778 0028 FF2B     		cmp	r3, #255
 779 002a 05D1     		bne	.L48
 352:Core/Src/stm32h7xx_it.c ****         memcpy(chassis_remote_control_buf, uart2_rx_buf, 8);
 780              		.loc 1 352 9
 781 002c 1C4B     		ldr	r3, .L52+8
 782 002e 1B4A     		ldr	r2, .L52+4
 783 0030 1168     		ldr	r1, [r2]	@ unaligned
 784 0032 5268     		ldr	r2, [r2, #4]	@ unaligned
 785 0034 1960     		str	r1, [r3]	@ unaligned
 786 0036 5A60     		str	r2, [r3, #4]	@ unaligned
 787              	.L48:
 353:Core/Src/stm32h7xx_it.c ****       }
 354:Core/Src/stm32h7xx_it.c **** 
 355:Core/Src/stm32h7xx_it.c ****       __HAL_UART_CLEAR_IDLEFLAG(&huart2);
 788              		.loc 1 355 7
 789 0038 1A4B     		ldr	r3, .L52+12
 790 003a 1B68     		ldr	r3, [r3]
 791 003c 1022     		movs	r2, #16
 792 003e 1A62     		str	r2, [r3, #32]
 356:Core/Src/stm32h7xx_it.c ****         __HAL_UART_CLEAR_OREFLAG(&huart2);
 793              		.loc 1 356 9
 794 0040 184B     		ldr	r3, .L52+12
 795 0042 1B68     		ldr	r3, [r3]
 796 0044 0822     		movs	r2, #8
 797 0046 1A62     		str	r2, [r3, #32]
 357:Core/Src/stm32h7xx_it.c ****         while (__HAL_UART_GET_FLAG(&huart2, UART_FLAG_RXNE))
 798              		.loc 1 357 15
 799 0048 05E0     		b	.L49
 800              	.L50:
 801              	.LBB4:
 358:Core/Src/stm32h7xx_it.c ****         {
 359:Core/Src/stm32h7xx_it.c ****             volatile uint8_t dummy = (uint8_t)huart2.Instance->RDR;
 802              		.loc 1 359 53
 803 004a 164B     		ldr	r3, .L52+12
 804 004c 1B68     		ldr	r3, [r3]
 805              		.loc 1 359 62
 806 004e 5B6A     		ldr	r3, [r3, #36]
 807              		.loc 1 359 38
 808 0050 DBB2     		uxtb	r3, r3
 809              		.loc 1 359 30
 810 0052 FB73     		strb	r3, [r7, #15]
 360:Core/Src/stm32h7xx_it.c ****             (void)dummy;
 811              		.loc 1 360 13
 812 0054 FB7B     		ldrb	r3, [r7, #15]
 813              	.L49:
 814              	.LBE4:
 357:Core/Src/stm32h7xx_it.c ****         while (__HAL_UART_GET_FLAG(&huart2, UART_FLAG_RXNE))
 815              		.loc 1 357 16
 816 0056 134B     		ldr	r3, .L52+12
ARM GAS  C:\Users\Su\AppData\Local\Temp\cczrIAYn.s 			page 21


 817 0058 1B68     		ldr	r3, [r3]
 818 005a DB69     		ldr	r3, [r3, #28]
 819 005c 03F02003 		and	r3, r3, #32
 357:Core/Src/stm32h7xx_it.c ****         while (__HAL_UART_GET_FLAG(&huart2, UART_FLAG_RXNE))
 820              		.loc 1 357 15
 821 0060 202B     		cmp	r3, #32
 822 0062 F2D0     		beq	.L50
 361:Core/Src/stm32h7xx_it.c ****         }
 362:Core/Src/stm32h7xx_it.c **** 
 363:Core/Src/stm32h7xx_it.c ****         // 3️⃣ 清 HAL 状态
 364:Core/Src/stm32h7xx_it.c ****         huart->RxState = HAL_UART_STATE_READY;
 823              		.loc 1 364 24
 824 0064 7B68     		ldr	r3, [r7, #4]
 825 0066 2022     		movs	r2, #32
 826 0068 C3F88820 		str	r2, [r3, #136]
 365:Core/Src/stm32h7xx_it.c ****         huart->RxXferCount = 0;
 827              		.loc 1 365 28
 828 006c 7B68     		ldr	r3, [r7, #4]
 829 006e 0022     		movs	r2, #0
 830 0070 A3F85E20 		strh	r2, [r3, #94]	@ movhi
 366:Core/Src/stm32h7xx_it.c ****         huart->RxXferSize  = 0;
 831              		.loc 1 366 28
 832 0074 7B68     		ldr	r3, [r7, #4]
 833 0076 0022     		movs	r2, #0
 834 0078 A3F85C20 		strh	r2, [r3, #92]	@ movhi
 367:Core/Src/stm32h7xx_it.c **** 
 368:Core/Src/stm32h7xx_it.c ****       int start_flag = HAL_UARTEx_ReceiveToIdle_IT(&huart2, uart2_rx_buf, USART_RX_BUF_SIZE);
 835              		.loc 1 368 24
 836 007c 4022     		movs	r2, #64
 837 007e 0749     		ldr	r1, .L52+4
 838 0080 0848     		ldr	r0, .L52+12
 839 0082 FFF7FEFF 		bl	HAL_UARTEx_ReceiveToIdle_IT
 840 0086 0346     		mov	r3, r0
 841              		.loc 1 368 11
 842 0088 7B61     		str	r3, [r7, #20]
 369:Core/Src/stm32h7xx_it.c ****       int test_flag = 0;
 843              		.loc 1 369 11
 844 008a 0023     		movs	r3, #0
 845 008c 3B61     		str	r3, [r7, #16]
 846              	.L51:
 847              	.LBE3:
 370:Core/Src/stm32h7xx_it.c ****   }
 371:Core/Src/stm32h7xx_it.c **** }
 848              		.loc 1 371 1
 849 008e 00BF     		nop
 850 0090 1837     		adds	r7, r7, #24
 851              	.LCFI50:
 852              		.cfi_def_cfa_offset 8
 853 0092 BD46     		mov	sp, r7
 854              	.LCFI51:
 855              		.cfi_def_cfa_register 13
 856              		@ sp needed
 857 0094 80BD     		pop	{r7, pc}
 858              	.L53:
 859 0096 00BF     		.align	2
 860              	.L52:
 861 0098 00440040 		.word	1073759232
ARM GAS  C:\Users\Su\AppData\Local\Temp\cczrIAYn.s 			page 22


 862 009c 00000000 		.word	uart2_rx_buf
 863 00a0 00000000 		.word	chassis_remote_control_buf
 864 00a4 00000000 		.word	huart2
 865              		.cfi_endproc
 866              	.LFE165:
 868              		.section	.text.HAL_UART_RxCpltCallback,"ax",%progbits
 869              		.align	1
 870              		.global	HAL_UART_RxCpltCallback
 871              		.syntax unified
 872              		.thumb
 873              		.thumb_func
 875              	HAL_UART_RxCpltCallback:
 876              	.LFB166:
 372:Core/Src/stm32h7xx_it.c **** 
 373:Core/Src/stm32h7xx_it.c **** void HAL_UART_RxCpltCallback(UART_HandleTypeDef *huart)
 374:Core/Src/stm32h7xx_it.c **** {
 877              		.loc 1 374 1
 878              		.cfi_startproc
 879              		@ args = 0, pretend = 0, frame = 24
 880              		@ frame_needed = 1, uses_anonymous_args = 0
 881 0000 80B5     		push	{r7, lr}
 882              	.LCFI52:
 883              		.cfi_def_cfa_offset 8
 884              		.cfi_offset 7, -8
 885              		.cfi_offset 14, -4
 886 0002 86B0     		sub	sp, sp, #24
 887              	.LCFI53:
 888              		.cfi_def_cfa_offset 32
 889 0004 00AF     		add	r7, sp, #0
 890              	.LCFI54:
 891              		.cfi_def_cfa_register 7
 892 0006 7860     		str	r0, [r7, #4]
 375:Core/Src/stm32h7xx_it.c ****     if (huart->Instance == USART2)
 893              		.loc 1 375 14
 894 0008 7B68     		ldr	r3, [r7, #4]
 895 000a 1B68     		ldr	r3, [r3]
 896              		.loc 1 375 8
 897 000c 464A     		ldr	r2, .L58+16
 898 000e 9342     		cmp	r3, r2
 899 0010 7ED1     		bne	.L57
 900              	.LBB5:
 376:Core/Src/stm32h7xx_it.c ****     {
 377:Core/Src/stm32h7xx_it.c ****       if(uart2_rx_buf[0] == 0xff && uart2_rx_buf[1] == 0xff && uart2_rx_buf[2] == 0xff){
 901              		.loc 1 377 22
 902 0012 464B     		ldr	r3, .L58+20
 903 0014 1B78     		ldrb	r3, [r3]	@ zero_extendqisi2
 904              		.loc 1 377 9
 905 0016 FF2B     		cmp	r3, #255
 906 0018 0AD1     		bne	.L56
 907              		.loc 1 377 49 discriminator 1
 908 001a 444B     		ldr	r3, .L58+20
 909 001c 5B78     		ldrb	r3, [r3, #1]	@ zero_extendqisi2
 910              		.loc 1 377 34 discriminator 1
 911 001e FF2B     		cmp	r3, #255
 912 0020 06D1     		bne	.L56
 913              		.loc 1 377 76 discriminator 2
 914 0022 424B     		ldr	r3, .L58+20
ARM GAS  C:\Users\Su\AppData\Local\Temp\cczrIAYn.s 			page 23


 915 0024 9B78     		ldrb	r3, [r3, #2]	@ zero_extendqisi2
 916              		.loc 1 377 61 discriminator 2
 917 0026 FF2B     		cmp	r3, #255
 918 0028 02D1     		bne	.L56
 378:Core/Src/stm32h7xx_it.c ****         stop_flag = 1;
 919              		.loc 1 378 19
 920 002a 414B     		ldr	r3, .L58+24
 921 002c 0122     		movs	r2, #1
 922 002e 1A70     		strb	r2, [r3]
 923              	.L56:
 379:Core/Src/stm32h7xx_it.c ****       }
 380:Core/Src/stm32h7xx_it.c ****         // ★★★ 非常关键：重新开启下一次接收 ★★★
 381:Core/Src/stm32h7xx_it.c ****       u16 temp_spd_x = (u16)uart2_rx_buf[0] << 8 | uart2_rx_buf[1];
 924              		.loc 1 381 41
 925 0030 3E4B     		ldr	r3, .L58+20
 926 0032 1B78     		ldrb	r3, [r3]	@ zero_extendqisi2
 927              		.loc 1 381 45
 928 0034 1B02     		lsls	r3, r3, #8
 929              		.loc 1 381 50
 930 0036 1AB2     		sxth	r2, r3
 931              		.loc 1 381 64
 932 0038 3C4B     		ldr	r3, .L58+20
 933 003a 5B78     		ldrb	r3, [r3, #1]	@ zero_extendqisi2
 934 003c 1BB2     		sxth	r3, r3
 935              		.loc 1 381 50
 936 003e 1343     		orrs	r3, r3, r2
 937 0040 1BB2     		sxth	r3, r3
 938              		.loc 1 381 11
 939 0042 FB82     		strh	r3, [r7, #22]	@ movhi
 382:Core/Src/stm32h7xx_it.c ****       u16 temp_spd_y = (u16)uart2_rx_buf[2] << 8 | uart2_rx_buf[3];
 940              		.loc 1 382 41
 941 0044 394B     		ldr	r3, .L58+20
 942 0046 9B78     		ldrb	r3, [r3, #2]	@ zero_extendqisi2
 943              		.loc 1 382 45
 944 0048 1B02     		lsls	r3, r3, #8
 945              		.loc 1 382 50
 946 004a 1AB2     		sxth	r2, r3
 947              		.loc 1 382 64
 948 004c 374B     		ldr	r3, .L58+20
 949 004e DB78     		ldrb	r3, [r3, #3]	@ zero_extendqisi2
 950 0050 1BB2     		sxth	r3, r3
 951              		.loc 1 382 50
 952 0052 1343     		orrs	r3, r3, r2
 953 0054 1BB2     		sxth	r3, r3
 954              		.loc 1 382 11
 955 0056 BB82     		strh	r3, [r7, #20]	@ movhi
 383:Core/Src/stm32h7xx_it.c ****       u16 temp_spd_w = (u16)uart2_rx_buf[4] << 8 | uart2_rx_buf[5];
 956              		.loc 1 383 41
 957 0058 344B     		ldr	r3, .L58+20
 958 005a 1B79     		ldrb	r3, [r3, #4]	@ zero_extendqisi2
 959              		.loc 1 383 45
 960 005c 1B02     		lsls	r3, r3, #8
 961              		.loc 1 383 50
 962 005e 1AB2     		sxth	r2, r3
 963              		.loc 1 383 64
 964 0060 324B     		ldr	r3, .L58+20
 965 0062 5B79     		ldrb	r3, [r3, #5]	@ zero_extendqisi2
ARM GAS  C:\Users\Su\AppData\Local\Temp\cczrIAYn.s 			page 24


 966 0064 1BB2     		sxth	r3, r3
 967              		.loc 1 383 50
 968 0066 1343     		orrs	r3, r3, r2
 969 0068 1BB2     		sxth	r3, r3
 970              		.loc 1 383 11
 971 006a 7B82     		strh	r3, [r7, #18]	@ movhi
 384:Core/Src/stm32h7xx_it.c **** 
 385:Core/Src/stm32h7xx_it.c ****       s16 sign_spd_x = (s16)temp_spd_x - 512;
 972              		.loc 1 385 40
 973 006c FB8A     		ldrh	r3, [r7, #22]	@ movhi
 974 006e A3F50073 		sub	r3, r3, #512
 975 0072 9BB2     		uxth	r3, r3
 976              		.loc 1 385 11
 977 0074 3B82     		strh	r3, [r7, #16]	@ movhi
 386:Core/Src/stm32h7xx_it.c ****       s16 sign_spd_y = (s16)temp_spd_y - 512;
 978              		.loc 1 386 40
 979 0076 BB8A     		ldrh	r3, [r7, #20]	@ movhi
 980 0078 A3F50073 		sub	r3, r3, #512
 981 007c 9BB2     		uxth	r3, r3
 982              		.loc 1 386 11
 983 007e FB81     		strh	r3, [r7, #14]	@ movhi
 387:Core/Src/stm32h7xx_it.c ****       s16 sign_spd_w = (s16)temp_spd_w - 512;
 984              		.loc 1 387 40
 985 0080 7B8A     		ldrh	r3, [r7, #18]	@ movhi
 986 0082 A3F50073 		sub	r3, r3, #512
 987 0086 9BB2     		uxth	r3, r3
 988              		.loc 1 387 11
 989 0088 BB81     		strh	r3, [r7, #12]	@ movhi
 388:Core/Src/stm32h7xx_it.c **** 
 389:Core/Src/stm32h7xx_it.c ****       Chassis_Tidybot((float)sign_spd_x * 250.0 / 512.0, 
 990              		.loc 1 389 23
 991 008a B7F91030 		ldrsh	r3, [r7, #16]
 992 008e 07EE903A 		vmov	s15, r3	@ int
 993 0092 F8EEE77A 		vcvt.f32.s32	s15, s15
 994 0096 B7EEE77A 		vcvt.f64.f32	d7, s15
 995              		.loc 1 389 41
 996 009a 9FED1F6B 		vldr.64	d6, .L58
 997 009e 27EE066B 		vmul.f64	d6, d7, d6
 998              		.loc 1 389 49
 999 00a2 9FED1F5B 		vldr.64	d5, .L58+8
 1000 00a6 86EE057B 		vdiv.f64	d7, d6, d5
 1001              		.loc 1 389 7
 1002 00aa F7EEC74B 		vcvt.f32.f64	s9, d7
 390:Core/Src/stm32h7xx_it.c ****                       (float)sign_spd_y * 250.0 / 512.0, 
 1003              		.loc 1 390 23
 1004 00ae B7F90E30 		ldrsh	r3, [r7, #14]
 1005 00b2 07EE903A 		vmov	s15, r3	@ int
 1006 00b6 F8EEE77A 		vcvt.f32.s32	s15, s15
 1007 00ba B7EEE77A 		vcvt.f64.f32	d7, s15
 1008              		.loc 1 390 41
 1009 00be 9FED166B 		vldr.64	d6, .L58
 1010 00c2 27EE066B 		vmul.f64	d6, d7, d6
 1011              		.loc 1 390 49
 1012 00c6 9FED165B 		vldr.64	d5, .L58+8
 1013 00ca 86EE057B 		vdiv.f64	d7, d6, d5
 389:Core/Src/stm32h7xx_it.c ****                       (float)sign_spd_y * 250.0 / 512.0, 
 1014              		.loc 1 389 7
ARM GAS  C:\Users\Su\AppData\Local\Temp\cczrIAYn.s 			page 25


 1015 00ce B7EEC74B 		vcvt.f32.f64	s8, d7
 391:Core/Src/stm32h7xx_it.c ****                       (float)sign_spd_w * 250.0 / 512.0
 1016              		.loc 1 391 23
 1017 00d2 B7F90C30 		ldrsh	r3, [r7, #12]
 1018 00d6 07EE903A 		vmov	s15, r3	@ int
 1019 00da F8EEE77A 		vcvt.f32.s32	s15, s15
 1020 00de B7EEE77A 		vcvt.f64.f32	d7, s15
 1021              		.loc 1 391 41
 1022 00e2 9FED0D6B 		vldr.64	d6, .L58
 1023 00e6 27EE066B 		vmul.f64	d6, d7, d6
 1024              		.loc 1 391 49
 1025 00ea 9FED0D5B 		vldr.64	d5, .L58+8
 1026 00ee 86EE057B 		vdiv.f64	d7, d6, d5
 389:Core/Src/stm32h7xx_it.c ****                       (float)sign_spd_y * 250.0 / 512.0, 
 1027              		.loc 1 389 7
 1028 00f2 F7EEC77B 		vcvt.f32.f64	s15, d7
 1029 00f6 B0EE671A 		vmov.f32	s2, s15
 1030 00fa F0EE440A 		vmov.f32	s1, s8
 1031 00fe B0EE640A 		vmov.f32	s0, s9
 1032 0102 FFF7FEFF 		bl	Chassis_Tidybot
 392:Core/Src/stm32h7xx_it.c ****                     );
 393:Core/Src/stm32h7xx_it.c ****       // CDC_Transmit_HS(uart2_rx_buf, 6);
 394:Core/Src/stm32h7xx_it.c ****       HAL_UART_Receive_IT(&huart2, uart2_rx_buf, 6);
 1033              		.loc 1 394 7
 1034 0106 0622     		movs	r2, #6
 1035 0108 0849     		ldr	r1, .L58+20
 1036 010a 0A48     		ldr	r0, .L58+28
 1037 010c FFF7FEFF 		bl	HAL_UART_Receive_IT
 1038              	.L57:
 1039              	.LBE5:
 395:Core/Src/stm32h7xx_it.c ****     }
 396:Core/Src/stm32h7xx_it.c **** }
 1040              		.loc 1 396 1
 1041 0110 00BF     		nop
 1042 0112 1837     		adds	r7, r7, #24
 1043              	.LCFI55:
 1044              		.cfi_def_cfa_offset 8
 1045 0114 BD46     		mov	sp, r7
 1046              	.LCFI56:
 1047              		.cfi_def_cfa_register 13
 1048              		@ sp needed
 1049 0116 80BD     		pop	{r7, pc}
 1050              	.L59:
 1051              		.align	3
 1052              	.L58:
 1053 0118 00000000 		.word	0
 1054 011c 00406F40 		.word	1081032704
 1055 0120 00000000 		.word	0
 1056 0124 00008040 		.word	1082130432
 1057 0128 00440040 		.word	1073759232
 1058 012c 00000000 		.word	uart2_rx_buf
 1059 0130 00000000 		.word	stop_flag
 1060 0134 00000000 		.word	huart2
 1061              		.cfi_endproc
 1062              	.LFE166:
 1064              		.text
 1065              	.Letext0:
ARM GAS  C:\Users\Su\AppData\Local\Temp\cczrIAYn.s 			page 26


 1066              		.file 2 "e:\\user\\bigai\\gcc_arm_none_eabi\\arm-none-eabi\\include\\machine\\_default_types.h"
 1067              		.file 3 "e:\\user\\bigai\\gcc_arm_none_eabi\\arm-none-eabi\\include\\sys\\_stdint.h"
 1068              		.file 4 "Drivers/CMSIS/Device/ST/STM32H7xx/Include/stm32h723xx.h"
 1069              		.file 5 "Drivers/CMSIS/Device/ST/STM32H7xx/Include/stm32h7xx.h"
 1070              		.file 6 "Drivers/STM32H7xx_HAL_Driver/Inc/stm32h7xx_hal_def.h"
 1071              		.file 7 "Drivers/STM32H7xx_HAL_Driver/Inc/stm32h7xx_hal_dma.h"
 1072              		.file 8 "Drivers/STM32H7xx_HAL_Driver/Inc/stm32h7xx_hal_fdcan.h"
 1073              		.file 9 "Drivers/STM32H7xx_HAL_Driver/Inc/stm32h7xx_hal_tim.h"
 1074              		.file 10 "Drivers/STM32H7xx_HAL_Driver/Inc/stm32h7xx_hal_uart.h"
 1075              		.file 11 "Drivers/STM32H7xx_HAL_Driver/Inc/stm32h7xx_ll_usb.h"
 1076              		.file 12 "Drivers/STM32H7xx_HAL_Driver/Inc/stm32h7xx_hal_pcd.h"
 1077              		.file 13 "Core/Inc/fdcan.h"
 1078              		.file 14 "User/Inc/common.h"
 1079              		.file 15 "User/Inc/hollysys.h"
 1080              		.file 16 "User/Inc/motorevo.h"
 1081              		.file 17 "User/Inc/chassis.h"
 1082              		.file 18 "Core/Inc/usart.h"
ARM GAS  C:\Users\Su\AppData\Local\Temp\cczrIAYn.s 			page 27


DEFINED SYMBOLS
                            *ABS*:00000000 stm32h7xx_it.c
C:\Users\Su\AppData\Local\Temp\cczrIAYn.s:22     .bss.timer1_counter:00000000 timer1_counter
C:\Users\Su\AppData\Local\Temp\cczrIAYn.s:23     .bss.timer1_counter:00000000 $d
C:\Users\Su\AppData\Local\Temp\cczrIAYn.s:25     .text.NMI_Handler:00000000 $t
C:\Users\Su\AppData\Local\Temp\cczrIAYn.s:31     .text.NMI_Handler:00000000 NMI_Handler
C:\Users\Su\AppData\Local\Temp\cczrIAYn.s:53     .text.HardFault_Handler:00000000 $t
C:\Users\Su\AppData\Local\Temp\cczrIAYn.s:59     .text.HardFault_Handler:00000000 HardFault_Handler
C:\Users\Su\AppData\Local\Temp\cczrIAYn.s:80     .text.MemManage_Handler:00000000 $t
C:\Users\Su\AppData\Local\Temp\cczrIAYn.s:86     .text.MemManage_Handler:00000000 MemManage_Handler
C:\Users\Su\AppData\Local\Temp\cczrIAYn.s:107    .text.BusFault_Handler:00000000 $t
C:\Users\Su\AppData\Local\Temp\cczrIAYn.s:113    .text.BusFault_Handler:00000000 BusFault_Handler
C:\Users\Su\AppData\Local\Temp\cczrIAYn.s:134    .text.UsageFault_Handler:00000000 $t
C:\Users\Su\AppData\Local\Temp\cczrIAYn.s:140    .text.UsageFault_Handler:00000000 UsageFault_Handler
C:\Users\Su\AppData\Local\Temp\cczrIAYn.s:161    .text.SVC_Handler:00000000 $t
C:\Users\Su\AppData\Local\Temp\cczrIAYn.s:167    .text.SVC_Handler:00000000 SVC_Handler
C:\Users\Su\AppData\Local\Temp\cczrIAYn.s:196    .text.DebugMon_Handler:00000000 $t
C:\Users\Su\AppData\Local\Temp\cczrIAYn.s:202    .text.DebugMon_Handler:00000000 DebugMon_Handler
C:\Users\Su\AppData\Local\Temp\cczrIAYn.s:231    .text.PendSV_Handler:00000000 $t
C:\Users\Su\AppData\Local\Temp\cczrIAYn.s:237    .text.PendSV_Handler:00000000 PendSV_Handler
C:\Users\Su\AppData\Local\Temp\cczrIAYn.s:266    .text.SysTick_Handler:00000000 $t
C:\Users\Su\AppData\Local\Temp\cczrIAYn.s:272    .text.SysTick_Handler:00000000 SysTick_Handler
C:\Users\Su\AppData\Local\Temp\cczrIAYn.s:295    .text.DMA1_Stream0_IRQHandler:00000000 $t
C:\Users\Su\AppData\Local\Temp\cczrIAYn.s:301    .text.DMA1_Stream0_IRQHandler:00000000 DMA1_Stream0_IRQHandler
C:\Users\Su\AppData\Local\Temp\cczrIAYn.s:324    .text.DMA1_Stream0_IRQHandler:00000010 $d
C:\Users\Su\AppData\Local\Temp\cczrIAYn.s:329    .text.FDCAN1_IT0_IRQHandler:00000000 $t
C:\Users\Su\AppData\Local\Temp\cczrIAYn.s:335    .text.FDCAN1_IT0_IRQHandler:00000000 FDCAN1_IT0_IRQHandler
C:\Users\Su\AppData\Local\Temp\cczrIAYn.s:358    .text.FDCAN1_IT0_IRQHandler:00000010 $d
C:\Users\Su\AppData\Local\Temp\cczrIAYn.s:363    .text.FDCAN1_IT1_IRQHandler:00000000 $t
C:\Users\Su\AppData\Local\Temp\cczrIAYn.s:369    .text.FDCAN1_IT1_IRQHandler:00000000 FDCAN1_IT1_IRQHandler
C:\Users\Su\AppData\Local\Temp\cczrIAYn.s:392    .text.FDCAN1_IT1_IRQHandler:00000010 $d
C:\Users\Su\AppData\Local\Temp\cczrIAYn.s:397    .text.TIM1_UP_IRQHandler:00000000 $t
C:\Users\Su\AppData\Local\Temp\cczrIAYn.s:403    .text.TIM1_UP_IRQHandler:00000000 TIM1_UP_IRQHandler
C:\Users\Su\AppData\Local\Temp\cczrIAYn.s:426    .text.TIM1_UP_IRQHandler:00000010 $d
C:\Users\Su\AppData\Local\Temp\cczrIAYn.s:431    .text.USART2_IRQHandler:00000000 $t
C:\Users\Su\AppData\Local\Temp\cczrIAYn.s:437    .text.USART2_IRQHandler:00000000 USART2_IRQHandler
C:\Users\Su\AppData\Local\Temp\cczrIAYn.s:460    .text.USART2_IRQHandler:00000010 $d
C:\Users\Su\AppData\Local\Temp\cczrIAYn.s:465    .text.OTG_HS_IRQHandler:00000000 $t
C:\Users\Su\AppData\Local\Temp\cczrIAYn.s:471    .text.OTG_HS_IRQHandler:00000000 OTG_HS_IRQHandler
C:\Users\Su\AppData\Local\Temp\cczrIAYn.s:494    .text.OTG_HS_IRQHandler:00000010 $d
C:\Users\Su\AppData\Local\Temp\cczrIAYn.s:499    .text.HAL_FDCAN_RxFifo0Callback:00000000 $t
C:\Users\Su\AppData\Local\Temp\cczrIAYn.s:505    .text.HAL_FDCAN_RxFifo0Callback:00000000 HAL_FDCAN_RxFifo0Callback
C:\Users\Su\AppData\Local\Temp\cczrIAYn.s:642    .text.HAL_FDCAN_RxFifo0Callback:000000ac $d
C:\Users\Su\AppData\Local\Temp\cczrIAYn.s:651    .text.HAL_TIM_PeriodElapsedCallback:00000000 $t
C:\Users\Su\AppData\Local\Temp\cczrIAYn.s:657    .text.HAL_TIM_PeriodElapsedCallback:00000000 HAL_TIM_PeriodElapsedCallback
C:\Users\Su\AppData\Local\Temp\cczrIAYn.s:723    .text.HAL_TIM_PeriodElapsedCallback:00000044 $d
C:\Users\Su\AppData\Local\Temp\cczrIAYn.s:730    .text.HAL_UARTEx_RxEventCallback:00000000 $t
C:\Users\Su\AppData\Local\Temp\cczrIAYn.s:736    .text.HAL_UARTEx_RxEventCallback:00000000 HAL_UARTEx_RxEventCallback
C:\Users\Su\AppData\Local\Temp\cczrIAYn.s:861    .text.HAL_UARTEx_RxEventCallback:00000098 $d
C:\Users\Su\AppData\Local\Temp\cczrIAYn.s:869    .text.HAL_UART_RxCpltCallback:00000000 $t
C:\Users\Su\AppData\Local\Temp\cczrIAYn.s:875    .text.HAL_UART_RxCpltCallback:00000000 HAL_UART_RxCpltCallback
C:\Users\Su\AppData\Local\Temp\cczrIAYn.s:1053   .text.HAL_UART_RxCpltCallback:00000118 $d

UNDEFINED SYMBOLS
HAL_IncTick
HAL_DMA_IRQHandler
hdma_usart2_rx
ARM GAS  C:\Users\Su\AppData\Local\Temp\cczrIAYn.s 			page 28


HAL_FDCAN_IRQHandler
hfdcan1
HAL_TIM_IRQHandler
htim1
HAL_UART_IRQHandler
huart2
HAL_PCD_IRQHandler
hpcd_USB_OTG_HS
HAL_FDCAN_GetRxMessage
memcpy
rxData
rxHeader
hollysys_spd_rxbuf
hollysys_pos_rxbuf
motorevo_rec
query_chassis_flag
HAL_UARTEx_ReceiveToIdle_IT
uart2_rx_buf
chassis_remote_control_buf
Chassis_Tidybot
HAL_UART_Receive_IT
stop_flag
